Archive member included to satisfy reference by file (symbol)

/home/alpha/altera/15.1/nios2eds/bin/gnu/H-x86_64-pc-linux-gnu/bin/../lib/gcc/nios2-elf/4.9.2/../../../../../H-x86_64-pc-linux-gnu/nios2-elf/lib/libstdc++.a(si_class_type_info.o)
                              obj/default/LCD/widget/Button.o (vtable for __cxxabiv1::__si_class_type_info)
/home/alpha/altera/15.1/nios2eds/bin/gnu/H-x86_64-pc-linux-gnu/bin/../lib/gcc/nios2-elf/4.9.2/../../../../../H-x86_64-pc-linux-gnu/nios2-elf/lib/libstdc++.a(new_op.o)
                              obj/default/main.o (operator new(unsigned int))
/home/alpha/altera/15.1/nios2eds/bin/gnu/H-x86_64-pc-linux-gnu/bin/../lib/gcc/nios2-elf/4.9.2/../../../../../H-x86_64-pc-linux-gnu/nios2-elf/lib/libstdc++.a(tinfo.o)
                              /home/alpha/altera/15.1/nios2eds/bin/gnu/H-x86_64-pc-linux-gnu/bin/../lib/gcc/nios2-elf/4.9.2/../../../../../H-x86_64-pc-linux-gnu/nios2-elf/lib/libstdc++.a(si_class_type_info.o) (std::type_info::__is_pointer_p() const)
/home/alpha/altera/15.1/nios2eds/bin/gnu/H-x86_64-pc-linux-gnu/bin/../lib/gcc/nios2-elf/4.9.2/../../../../../H-x86_64-pc-linux-gnu/nios2-elf/lib/libstdc++.a(eh_personality.o)
                              obj/default/LCD/widget/Button.o (__gxx_personality_sj0)
/home/alpha/altera/15.1/nios2eds/bin/gnu/H-x86_64-pc-linux-gnu/bin/../lib/gcc/nios2-elf/4.9.2/../../../../../H-x86_64-pc-linux-gnu/nios2-elf/lib/libstdc++.a(eh_exception.o)
                              /home/alpha/altera/15.1/nios2eds/bin/gnu/H-x86_64-pc-linux-gnu/bin/../lib/gcc/nios2-elf/4.9.2/../../../../../H-x86_64-pc-linux-gnu/nios2-elf/lib/libstdc++.a(eh_personality.o) (std::bad_exception::~bad_exception())
/home/alpha/altera/15.1/nios2eds/bin/gnu/H-x86_64-pc-linux-gnu/bin/../lib/gcc/nios2-elf/4.9.2/../../../../../H-x86_64-pc-linux-gnu/nios2-elf/lib/libstdc++.a(bad_alloc.o)
                              /home/alpha/altera/15.1/nios2eds/bin/gnu/H-x86_64-pc-linux-gnu/bin/../lib/gcc/nios2-elf/4.9.2/../../../../../H-x86_64-pc-linux-gnu/nios2-elf/lib/libstdc++.a(new_op.o) (vtable for std::bad_alloc)
/home/alpha/altera/15.1/nios2eds/bin/gnu/H-x86_64-pc-linux-gnu/bin/../lib/gcc/nios2-elf/4.9.2/../../../../../H-x86_64-pc-linux-gnu/nios2-elf/lib/libstdc++.a(class_type_info.o)
                              /home/alpha/altera/15.1/nios2eds/bin/gnu/H-x86_64-pc-linux-gnu/bin/../lib/gcc/nios2-elf/4.9.2/../../../../../H-x86_64-pc-linux-gnu/nios2-elf/lib/libstdc++.a(si_class_type_info.o) (__cxxabiv1::__class_type_info::__do_upcast(__cxxabiv1::__class_type_info const*, void**) const)
/home/alpha/altera/15.1/nios2eds/bin/gnu/H-x86_64-pc-linux-gnu/bin/../lib/gcc/nios2-elf/4.9.2/../../../../../H-x86_64-pc-linux-gnu/nios2-elf/lib/libstdc++.a(del_op.o)
                              obj/default/LCD/Color.o (operator delete(void*))
/home/alpha/altera/15.1/nios2eds/bin/gnu/H-x86_64-pc-linux-gnu/bin/../lib/gcc/nios2-elf/4.9.2/../../../../../H-x86_64-pc-linux-gnu/nios2-elf/lib/libstdc++.a(eh_terminate.o)
                              /home/alpha/altera/15.1/nios2eds/bin/gnu/H-x86_64-pc-linux-gnu/bin/../lib/gcc/nios2-elf/4.9.2/../../../../../H-x86_64-pc-linux-gnu/nios2-elf/lib/libstdc++.a(eh_personality.o) (__cxxabiv1::__terminate(void (*)()))
/home/alpha/altera/15.1/nios2eds/bin/gnu/H-x86_64-pc-linux-gnu/bin/../lib/gcc/nios2-elf/4.9.2/../../../../../H-x86_64-pc-linux-gnu/nios2-elf/lib/libstdc++.a(eh_catch.o)
                              /home/alpha/altera/15.1/nios2eds/bin/gnu/H-x86_64-pc-linux-gnu/bin/../lib/gcc/nios2-elf/4.9.2/../../../../../H-x86_64-pc-linux-gnu/nios2-elf/lib/libstdc++.a(eh_personality.o) (__cxa_begin_catch)
/home/alpha/altera/15.1/nios2eds/bin/gnu/H-x86_64-pc-linux-gnu/bin/../lib/gcc/nios2-elf/4.9.2/../../../../../H-x86_64-pc-linux-gnu/nios2-elf/lib/libstdc++.a(new_handler.o)
                              /home/alpha/altera/15.1/nios2eds/bin/gnu/H-x86_64-pc-linux-gnu/bin/../lib/gcc/nios2-elf/4.9.2/../../../../../H-x86_64-pc-linux-gnu/nios2-elf/lib/libstdc++.a(new_op.o) (std::get_new_handler())
/home/alpha/altera/15.1/nios2eds/bin/gnu/H-x86_64-pc-linux-gnu/bin/../lib/gcc/nios2-elf/4.9.2/../../../../../H-x86_64-pc-linux-gnu/nios2-elf/lib/libstdc++.a(pure.o)
                              obj/default/LCD/widget/Widget.o (__cxa_pure_virtual)
/home/alpha/altera/15.1/nios2eds/bin/gnu/H-x86_64-pc-linux-gnu/bin/../lib/gcc/nios2-elf/4.9.2/../../../../../H-x86_64-pc-linux-gnu/nios2-elf/lib/libstdc++.a(eh_throw.o)
                              /home/alpha/altera/15.1/nios2eds/bin/gnu/H-x86_64-pc-linux-gnu/bin/../lib/gcc/nios2-elf/4.9.2/../../../../../H-x86_64-pc-linux-gnu/nios2-elf/lib/libstdc++.a(new_op.o) (__cxa_throw)
/home/alpha/altera/15.1/nios2eds/bin/gnu/H-x86_64-pc-linux-gnu/bin/../lib/gcc/nios2-elf/4.9.2/../../../../../H-x86_64-pc-linux-gnu/nios2-elf/lib/libstdc++.a(eh_alloc.o)
[...]
Memory Configuration

Name             Origin             Length             Attributes
reset            0x0000000008000000 0x0000000000000020
sdram_controller 0x0000000008000020 0x0000000007ffffe0
onchip_memory2   0x0000000010220000 0x0000000000019000
*default*        0x0000000000000000 0xffffffffffffffff

Linker script and memory map

LOAD ../recorder_nios_bsp//obj/HAL/src/crt0.o
LOAD obj/default/LCD/font/arial18.o
LOAD obj/default/LCD/font/arial22.o
LOAD obj/default/LCD/font/arial40.o
LOAD obj/default/LCD/Color.o
LOAD obj/default/LCD/lcd_core.o
LOAD obj/default/LCD/widget/Button.o
LOAD obj/default/LCD/widget/Text.o
LOAD obj/default/LCD/widget/Widget.o
LOAD obj/default/audio/audio_core.o
LOAD obj/default/main.o
LOAD /home/alpha/altera/15.1/nios2eds/bin/gnu/H-x86_64-pc-linux-gnu/bin/../lib/gcc/nios2-elf/4.9.2/../../../../../H-x86_64-pc-linux-gnu/nios2-elf/lib/libstdc++.a
LOAD /home/alpha/altera/15.1/nios2eds/bin/gnu/H-x86_64-pc-linux-gnu/bin/../lib/gcc/nios2-elf/4.9.2/../../../../../H-x86_64-pc-linux-gnu/nios2-elf/lib/libm.a
LOAD /home/alpha/altera/15.1/nios2eds/bin/gnu/H-x86_64-pc-linux-gnu/bin/../lib/gcc/nios2-elf/4.9.2/libgcc.a
START GROUP
LOAD /home/alpha/altera/15.1/nios2eds/bin/gnu/H-x86_64-pc-linux-gnu/bin/../lib/gcc/nios2-elf/4.9.2/../../../../../H-x86_64-pc-linux-gnu/nios2-elf/lib/libc.a
LOAD /home/alpha/altera/15.1/nios2eds/bin/gnu/H-x86_64-pc-linux-gnu/bin/../lib/gcc/nios2-elf/4.9.2/libgcc.a
LOAD ../recorder_nios_bsp//libucosii_bsp.a
LOAD /home/alpha/altera/15.1/nios2eds/bin/gnu/H-x86_64-pc-linux-gnu/bin/../lib/gcc/nios2-elf/4.9.2/../../../../../H-x86_64-pc-linux-gnu/nios2-elf/lib/libm.a
END GROUP
LOAD /home/alpha/altera/15.1/nios2eds/bin/gnu/H-x86_64-pc-linux-gnu/bin/../lib/gcc/nios2-elf/4.9.2/libgcc.a
                0x0000000008000000                __alt_mem_sdram_controller = 0x8000000
                0x0000000010220000                __alt_mem_onchip_memory2 = 0x10220000

.entry          0x0000000008000000       0x20
 *(.entry)
 .entry         0x0000000008000000       0x20 ../recorder_nios_bsp//obj/HAL/src/crt0.o
                0x0000000008000000                __reset

.exceptions     0x0000000008000020      0x224
                0x0000000008000020                PROVIDE (__ram_exceptions_start, ABSOLUTE (.))
                0x0000000008000020                . = ALIGN (0x20)
 *(.irq)
 *(.exceptions.entry.label)
 .exceptions.entry.label
                0x0000000008000020        0x0 ../recorder_nios_bsp//libucosii_bsp.a(alt_irq_entry.o)
                0x0000000008000020                alt_irq_entry
 .exceptions.entry.label
                0x0000000008000020        0x0 ../recorder_nios_bsp//libucosii_bsp.a(alt_exception_entry.o)
                0x0000000008000020                alt_exception
 *(.exceptions.entry.user)
 *(.exceptions.entry.ecc_fatal)
 *(.exceptions.entry)
 .exceptions.entry
                0x0000000008000020       0x54 ../recorder_nios_bsp//libucosii_bsp.a(alt_exception_entry.o)
 *(.exceptions.irqtest.user)
 *(.exceptions.irqtest)
 .exceptions.irqtest
                0x0000000008000074       0x10 ../recorder_nios_bsp//libucosii_bsp.a(alt_irq_entry.o)
 *(.exceptions.irqhandler.user)
 *(.exceptions.irqhandler)
 .exceptions.irqhandler
                0x0000000008000084        0x4 ../recorder_nios_bsp//libucosii_bsp.a(alt_irq_entry.o)
 *(.exceptions.irqreturn.user)
 *(.exceptions.irqreturn)
 .exceptions.irqreturn
                0x0000000008000088        0x4 ../recorder_nios_bsp//libucosii_bsp.a(alt_irq_entry.o)
 *(.exceptions.notirq.label)
 .exceptions.notirq.label
                0x000000000800008c        0x0 ../recorder_nios_bsp//libucosii_bsp.a(alt_irq_entry.o)
 *(.exceptions.notirq.user)
 *(.exceptions.notirq)
 .exceptions.notirq
                0x000000000800008c        0x8 ../recorder_nios_bsp//libucosii_bsp.a(alt_exception_entry.o)
 *(.exceptions.soft.user)
 *(.exceptions.soft)
 *(.exceptions.unknown.user)
 *(.exceptions.unknown)
 .exceptions.unknown
                0x0000000008000094       0x14 ../recorder_nios_bsp//libucosii_bsp.a(alt_exception_entry.o)
 *(.exceptions.exit.label)
 .exceptions.exit.label
                0x00000000080000a8        0x0 ../recorder_nios_bsp//libucosii_bsp.a(alt_irq_entry.o)
 .exceptions.exit.label
                0x00000000080000a8        0x0 ../recorder_nios_bsp//libucosii_bsp.a(alt_exception_entry.o)
 *(.exceptions.exit.user)
 *(.exceptions.exit)
 .exceptions.exit
                0x00000000080000a8       0x54 ../recorder_nios_bsp//libucosii_bsp.a(alt_exception_entry.o)
 *(.exceptions)
 .exceptions    0x00000000080000fc       0xd4 ../recorder_nios_bsp//libucosii_bsp.a(alt_irq_handler.o)
                0x00000000080000fc                alt_irq_handler
 .exceptions    0x00000000080001d0       0x74 ../recorder_nios_bsp//libucosii_bsp.a(alt_instruction_exception_entry.o)
                0x00000000080001d0                alt_instruction_exception_entry
                0x0000000008000244                PROVIDE (__ram_exceptions_end, ABSOLUTE (.))
                0x0000000008000020                PROVIDE (__flash_exceptions_start, LOADADDR (.exceptions))

.text           0x0000000008000244    0x1fcc8
                0x0000000008000244                PROVIDE (stext, ABSOLUTE (.))
 *(.interp)
 *(.hash)
 *(.dynsym)
 *(.dynstr)
 *(.gnu.version)
 *(.gnu.version_d)
 *(.gnu.version_r)
 *(.rel.init)
 *(.rela.init)
 *(.rel.text .rel.text.* .rel.gnu.linkonce.t.*)
 *(.rela.text .rela.text.* .rela.gnu.linkonce.t.*)
 *(.rel.fini)
 *(.rela.fini)
 *(.rel.rodata .rel.rodata.* .rel.gnu.linkonce.r.*)
 *(.rela.rodata .rela.rodata.* .rela.gnu.linkonce.r.*)
 *(.rel.data .rel.data.* .rel.gnu.linkonce.d.*)
 *(.rela.data .rela.data.* .rela.gnu.linkonce.d.*)
 *(.rel.tdata .rel.tdata.* .rel.gnu.linkonce.td.*)
 *(.rela.tdata .rela.tdata.* .rela.gnu.linkonce.td.*)
 *(.rel.tbss .rel.tbss.* .rel.gnu.linkonce.tb.*)
 *(.rela.tbss .rela.tbss.* .rela.gnu.linkonce.tb.*)
 *(.rel.ctors)
 *(.rela.ctors)
 *(.rel.dtors)
 *(.rela.dtors)
 *(.rel.got)
 *(.rela.got)
 *(.rel.sdata .rel.sdata.* .rel.gnu.linkonce.s.*)
 *(.rela.sdata .rela.sdata.* .rela.gnu.linkonce.s.*)
 *(.rel.sbss .rel.sbss.* .rel.gnu.linkonce.sb.*)
 *(.rela.sbss .rela.sbss.* .rela.gnu.linkonce.sb.*)
 *(.rel.sdata2 .rel.sdata2.* .rel.gnu.linkonce.s2.*)
 *(.rela.sdata2 .rela.sdata2.* .rela.gnu.linkonce.s2.*)
 *(.rel.sbss2 .rel.sbss2.* .rel.gnu.linkonce.sb2.*)
 *(.rela.sbss2 .rela.sbss2.* .rela.gnu.linkonce.sb2.*)
 *(.rel.bss .rel.bss.* .rel.gnu.linkonce.b.*)
 *(.rela.bss .rela.bss.* .rela.gnu.linkonce.b.*)
 *(.rel.plt)
 *(.rela.plt)
 *(.rel.dyn)
 *(.init)
 *(.plt)
 *(.text .stub .text.* .gnu.linkonce.t.*)
 .text          0x0000000008000244       0x4c ../recorder_nios_bsp//obj/HAL/src/crt0.o
                0x0000000008000244                _start
 .text          0x0000000008000290        0x0 obj/default/LCD/font/arial18.o
 .text          0x0000000008000290        0x0 obj/default/LCD/font/arial22.o
 .text          0x0000000008000290        0x0 obj/default/LCD/font/arial40.o
 .text          0x0000000008000290       0x18 obj/default/LCD/Color.o
                0x0000000008000290                Color::~Color()
                0x0000000008000290                Color::~Color()
                0x0000000008000294                Color::~Color()
                0x0000000008000298                Color::Color()
                0x0000000008000298                Color::Color()
 .text          0x00000000080002a8      0x918 obj/default/LCD/lcd_core.o
                0x00000000080003c8                LCD::init()
                0x00000000080003f4                LCD::clear()
                0x0000000008000400                LCD::Color::Color()
                0x0000000008000400                LCD::Color::Color()
                0x0000000008000404                LCD::Color::Color(int, int, int)
                0x0000000008000404                LCD::Color::Color(int, int, int)
                0x0000000008000414                LCD::Color::toInt()
                0x0000000008000440                LCD::Color::operator int()
                0x000000000800046c                LCD::Color::blend(LCD::Color, int)
                0x0000000008000544                LCD::draw_box(int, int, int, int, int)
                0x00000000080005a4                LCD::test()
                0x0000000008000600                LCD::swap_buffer()
                0x0000000008000608                LCD::check_click(int&, int&)
                0x0000000008000624                LCD::Window::set_bgcolor(LCD::Color)
                0x0000000008000644                LCD::Window::render()
                0x0000000008000898                LCD::Window::push_widget(LCD::Window::Widget*)
                0x00000000080008c0                LCD::Window::get_char_width(char)
                0x00000000080008f8                LCD::Window::get_string_width(char*)
                0x000000000800095c                LCD::Window::draw_char(char, int, int, LCD::Color, LCD::Color)
                0x0000000008000b30                LCD::Window::draw_string(char*, int, int, LCD::Color, LCD::Color)
 .text._ZN3LCD6Window6Widget11onMouseDownEii
                0x0000000008000bc0        0x8 obj/default/LCD/lcd_core.o
                0x0000000008000bc0                LCD::Window::Widget::onMouseDown(int, int)
 .text._ZN3LCD6Window6Widget11onMouseMoveEii
                0x0000000008000bc8        0x8 obj/default/LCD/lcd_core.o
                0x0000000008000bc8                LCD::Window::Widget::onMouseMove(int, int)
 .text._ZN3LCD6Window6Widget9onMouseUpEii
                0x0000000008000bd0        0x8 obj/default/LCD/lcd_core.o
                0x0000000008000bd0                LCD::Window::Widget::onMouseUp(int, int)
 .text          0x0000000008000bd8      0x2c4 obj/default/LCD/widget/Button.o
                0x0000000008000bd8                LCD::Window::Button::onMouseUp(int, int)
                0x0000000008000c04                LCD::Window::Button::~Button()
                0x0000000008000c04                LCD::Window::Button::~Button()
                0x0000000008000c14                LCD::Window::Button::~Button()
                0x0000000008000c48                LCD::Window::Button::render()
                0x0000000008000d5c                LCD::Window::Button::Button()
                0x0000000008000d5c                LCD::Window::Button::Button()
                0x0000000008000e18                LCD::Window::Button::Button(int, int, int, int, char*, LCD::Color, LCD::Color)
                0x0000000008000e18                LCD::Window::Button::Button(int, int, int, int, char*, LCD::Color, LCD::Color)
                0x0000000008000e94                LCD::Window::Button::set_click_handler(void (*)())
 .text          0x0000000008000e9c      0x1ec obj/default/LCD/widget/Text.o
                0x0000000008000e9c                LCD::Window::Text::~Text()
                0x0000000008000e9c                LCD::Window::Text::~Text()
                0x0000000008000eac                LCD::Window::Text::render()
                0x0000000008000f38                LCD::Window::Text::~Text()
                0x0000000008000f6c                LCD::Window::Text::Text()
                0x0000000008000f6c                LCD::Window::Text::Text()
                0x000000000800101c                LCD::Window::Text::Text(int, int, int, int, char*, LCD::Color)
                0x000000000800101c                LCD::Window::Text::Text(int, int, int, int, char*, LCD::Color)
                0x0000000008001080                LCD::Window::Text::set_text(char*)
 .text          0x0000000008001088       0x3c obj/default/LCD/widget/Widget.o
                0x0000000008001088                LCD::Window::Widget::Widget()
                0x0000000008001088                LCD::Window::Widget::Widget()
                0x0000000008001098                LCD::Window::Widget::Widget(int, int, int, int)
                0x0000000008001098                LCD::Window::Widget::Widget(int, int, int, int)
                0x00000000080010bc                LCD::Window::Widget::~Widget()
                0x00000000080010bc                LCD::Window::Widget::~Widget()
                0x00000000080010c0                LCD::Window::Widget::~Widget()
 .text          0x00000000080010c4      0x2bc obj/default/audio/audio_core.o
                0x00000000080010c4                Audio::audio_handler(void*, unsigned long)
                0x00000000080012cc                Audio::init()
                0x0000000008001314                Audio::start_read(unsigned short*, int)
                0x000000000800132c                Audio::stop_read()
                0x0000000008001338                Audio::get_current_read()
                0x0000000008001340                Audio::start_write(unsigned short*, int)
                0x0000000008001358                Audio::stop_write()
                0x0000000008001364                Audio::start_echo()
                0x0000000008001370                Audio::stop()
                0x0000000008001378                Audio::reset()
 .text          0x0000000008001380      0x174 obj/default/main.o
                0x0000000008001380                task2(void*)
                0x00000000080013e0                play_btn_handler()
                0x000000000800140c                rec_btn_handler()
                0x00000000080014f0                task1(void*)
 .text.startup  0x00000000080014f4      0x474 obj/default/main.o
                0x00000000080014f4                main
 .text          0x0000000008001968        0x0 /home/alpha/altera/15.1/nios2eds/bin/gnu/H-x86_64-pc-linux-gnu/bin/../lib/gcc/nios2-elf/4.9.2/../../../../../H-x86_64-pc-linux-gnu/nios2-elf/lib/libstdc++.a(si_class_type_info.o)
 .text._ZN10__cxxabiv120__si_class_type_infoD2Ev
                0x0000000008001968       0x10 /home/alpha/altera/15.1/nios2eds/bin/gnu/H-x86_64-pc-linux-gnu/bin/../lib/gcc/nios2-elf/4.9.2/../../../../../H-x86_64-pc-linux-gnu/nios2-elf/lib/libstdc++.a(si_class_type_info.o)
                0x0000000008001968                __cxxabiv1::__si_class_type_info::~__si_class_type_info()
                0x0000000008001968                __cxxabiv1::__si_class_type_info::~__si_class_type_info()
 .text._ZN10__cxxabiv120__si_class_type_infoD0Ev
                0x0000000008001978       0x34 /home/alpha/altera/15.1/nios2eds/bin/gnu/H-x86_64-pc-linux-gnu/bin/../lib/gcc/nios2-elf/4.9.2/../../../../../H-x86_64-pc-linux-gnu/nios2-elf/lib/libstdc++.a(si_class_type_info.o)
                0x0000000008001978                __cxxabiv1::__si_class_type_info::~__si_class_type_info()
 .text._ZNK10__cxxabiv120__si_class_type_info12__do_dyncastEiNS_17__class_type_info10__sub_kindEPKS1_PKvS4_S6_RNS1_16__dyncast_resultE
                0x00000000080019ac      0x160 /home/alpha/altera/15.1/nios2eds/bin/gnu/H-x86_64-pc-linux-gnu/bin/../lib/gcc/nios2-elf/4.9.2/../../../../../H-x86_64-pc-linux-gnu/nios2-elf/lib/libstdc++.a(si_class_type_info.o)
                0x00000000080019ac                __cxxabiv1::__si_class_type_info::__do_dyncast(int, __cxxabiv1::__class_type_info::__sub_kind, __cxxabiv1::__class_type_info const*, void const*, __cxxabiv1::__class_type_info const*, void const*, __cxxabiv1::__class_type_info::__dyncast_result&) const
 .text._ZNK10__cxxabiv120__si_class_type_info20__do_find_public_srcEiPKvPKNS_17__class_type_infoES2_
                0x0000000008001b0c       0x9c /home/alpha/altera/15.1/nios2eds/bin/gnu/H-x86_64-pc-linux-gnu/bin/../lib/gcc/nios2-elf/4.9.2/../../../../../H-x86_64-pc-linux-gnu/nios2-elf/lib/libstdc++.a(si_class_type_info.o)
                0x0000000008001b0c                __cxxabiv1::__si_class_type_info::__do_find_public_src(int, void const*, __cxxabiv1::__class_type_info const*, void const*) const
 .text._ZNK10__cxxabiv120__si_class_type_info11__do_upcastEPKNS_17__class_type_infoEPKvRNS1_15__upcast_resultE
                0x0000000008001ba8       0x84 /home/alpha/altera/15.1/nios2eds/bin/gnu/H-x86_64-pc-linux-gnu/bin/../lib/gcc/nios2-elf/4.9.2/../../../../../H-x86_64-pc-linux-gnu/nios2-elf/lib/libstdc++.a(si_class_type_info.o)
                0x0000000008001ba8                __cxxabiv1::__si_class_type_info::__do_upcast(__cxxabiv1::__class_type_info const*, void const*, __cxxabiv1::__class_type_info::__upcast_result&) const
 .text          0x0000000008001c2c        0x0 /home/alpha/altera/15.1/nios2eds/bin/gnu/H-x86_64-pc-linux-gnu/bin/../lib/gcc/nios2-elf/4.9.2/../../../../../H-x86_64-pc-linux-gnu/nios2-elf/lib/libstdc++.a(new_op.o)
 .text._Znwj    0x0000000008001c2c       0x70 /home/alpha/altera/15.1/nios2eds/bin/gnu/H-x86_64-pc-linux-gnu/bin/../lib/gcc/nios2-elf/4.9.2/../../../../../H-x86_64-pc-linux-gnu/nios2-elf/lib/libstdc++.a(new_op.o)
                0x0000000008001c2c                operator new(unsigned int)
 .text          0x0000000008001c9c        0x0 /home/alpha/altera/15.1/nios2eds/bin/gnu/H-x86_64-pc-linux-gnu/bin/../lib/gcc/nios2-elf/4.9.2/../../../../../H-x86_64-pc-linux-gnu/nios2-elf/lib/libstdc++.a(tinfo.o)
 .text._ZNSt9type_infoD2Ev
                0x0000000008001c9c        0x4 /home/alpha/altera/15.1/nios2eds/bin/gnu/H-x86_64-pc-linux-gnu/bin/../lib/gcc/nios2-elf/4.9.2/../../../../../H-x86_64-pc-linux-gnu/nios2-elf/lib/libstdc++.a(tinfo.o)
                0x0000000008001c9c                std::type_info::~type_info()
                0x0000000008001c9c                std::type_info::~type_info()
 .text._ZNKSt9type_info14__is_pointer_pEv
                0x0000000008001ca0        0x8 /home/alpha/altera/15.1/nios2eds/bin/gnu/H-x86_64-pc-linux-gnu/bin/../lib/gcc/nios2-elf/4.9.2/../../../../../H-x86_64-pc-linux-gnu/nios2-elf/lib/libstdc++.a(tinfo.o)
                0x0000000008001ca0                std::type_info::__is_pointer_p() const
 .text._ZNKSt9type_info15__is_function_pEv
                0x0000000008001ca8        0x8 /home/alpha/altera/15.1/nios2eds/bin/gnu/H-x86_64-pc-linux-gnu/bin/../lib/gcc/nios2-elf/4.9.2/../../../../../H-x86_64-pc-linux-gnu/nios2-elf/lib/libstdc++.a(tinfo.o)
                0x0000000008001ca8                std::type_info::__is_function_p() const
 .text._ZNKSt9type_info11__do_upcastEPKN10__cxxabiv117__class_type_infoEPPv
                0x0000000008001cb0        0x8 /home/alpha/altera/15.1/nios2eds/bin/gnu/H-x86_64-pc-linux-gnu/bin/../lib/gcc/nios2-elf/4.9.2/../../../../../H-x86_64-pc-linux-gnu/nios2-elf/lib/libstdc++.a(tinfo.o)
                0x0000000008001cb0                std::type_info::__do_upcast(__cxxabiv1::__class_type_info const*, void**) const
 .text._ZNSt9type_infoD0Ev
                0x0000000008001cb8        0x4 /home/alpha/altera/15.1/nios2eds/bin/gnu/H-x86_64-pc-linux-gnu/bin/../lib/gcc/nios2-elf/4.9.2/../../../../../H-x86_64-pc-linux-gnu/nios2-elf/lib/libstdc++.a(tinfo.o)
                0x0000000008001cb8                std::type_info::~type_info()
 .text._ZNKSt9type_info10__do_catchEPKS_PPvj
                0x0000000008001cbc       0x44 /home/alpha/altera/15.1/nios2eds/bin/gnu/H-x86_64-pc-linux-gnu/bin/../lib/gcc/nios2-elf/4.9.2/../../../../../H-x86_64-pc-linux-gnu/nios2-elf/lib/libstdc++.a(tinfo.o)
                0x0000000008001cbc                std::type_info::__do_catch(std::type_info const*, void**, unsigned int) const
 .text          0x0000000008001d00        0x0 /home/alpha/altera/15.1/nios2eds/bin/gnu/H-x86_64-pc-linux-gnu/bin/../lib/gcc/nios2-elf/4.9.2/../../../../../H-x86_64-pc-linux-gnu/nios2-elf/lib/libstdc++.a(eh_personality.o)
 .text._ZL12read_sleb128PKhPl
                0x0000000008001d00       0x58 /home/alpha/altera/15.1/nios2eds/bin/gnu/H-x86_64-pc-linux-gnu/bin/../lib/gcc/nios2-elf/4.9.2/../../../../../H-x86_64-pc-linux-gnu/nios2-elf/lib/libstdc++.a(eh_personality.o)
 .text._ZL16get_adjusted_ptrPKSt9type_infoS1_PPv
                0x0000000008001d58       0x88 /home/alpha/altera/15.1/nios2eds/bin/gnu/H-x86_64-pc-linux-gnu/bin/../lib/gcc/nios2-elf/4.9.2/../../../../../H-x86_64-pc-linux-gnu/nios2-elf/lib/libstdc++.a(eh_personality.o)
 .text._ZL21size_of_encoded_valueh
                0x0000000008001de0       0xa0 /home/alpha/altera/15.1/nios2eds/bin/gnu/H-x86_64-pc-linux-gnu/bin/../lib/gcc/nios2-elf/4.9.2/../../../../../H-x86_64-pc-linux-gnu/nios2-elf/lib/libstdc++.a(eh_personality.o)
 .text._ZL28read_encoded_value_with_basehjPKhPj
                0x0000000008001e80      0x210 /home/alpha/altera/15.1/nios2eds/bin/gnu/H-x86_64-pc-linux-gnu/bin/../lib/gcc/nios2-elf/4.9.2/../../../../../H-x86_64-pc-linux-gnu/nios2-elf/lib/libstdc++.a(eh_personality.o)
 .text._ZL15get_ttype_entryP16lsda_header_infom
                0x0000000008002090       0x54 /home/alpha/altera/15.1/nios2eds/bin/gnu/H-x86_64-pc-linux-gnu/bin/../lib/gcc/nios2-elf/4.9.2/../../../../../H-x86_64-pc-linux-gnu/nios2-elf/lib/libstdc++.a(eh_personality.o)
 .text._ZL20check_exception_specP16lsda_header_infoPKSt9type_infoPvl
                0x00000000080020e4       0xa8 /home/alpha/altera/15.1/nios2eds/bin/gnu/H-x86_64-pc-linux-gnu/bin/../lib/gcc/nios2-elf/4.9.2/../../../../../H-x86_64-pc-linux-gnu/nios2-elf/lib/libstdc++.a(eh_personality.o)
 .text._ZL21base_of_encoded_valuehP15_Unwind_Context
                0x000000000800218c       0x88 /home/alpha/altera/15.1/nios2eds/bin/gnu/H-x86_64-pc-linux-gnu/bin/../lib/gcc/nios2-elf/4.9.2/../../../../../H-x86_64-pc-linux-gnu/nios2-elf/lib/libstdc++.a(eh_personality.o)
 .text.unlikely._ZL28check_compact_exception_specPKSt9type_infoPvPKhij
                0x0000000008002214      0x1d0 /home/alpha/altera/15.1/nios2eds/bin/gnu/H-x86_64-pc-linux-gnu/bin/../lib/gcc/nios2-elf/4.9.2/../../../../../H-x86_64-pc-linux-gnu/nios2-elf/lib/libstdc++.a(eh_personality.o)
 .text._ZL17parse_lsda_headerP15_Unwind_ContextPKhP16lsda_header_info
                0x00000000080023e4      0x134 /home/alpha/altera/15.1/nios2eds/bin/gnu/H-x86_64-pc-linux-gnu/bin/../lib/gcc/nios2-elf/4.9.2/../../../../../H-x86_64-pc-linux-gnu/nios2-elf/lib/libstdc++.a(eh_personality.o)
 .text.__gxx_personality_sj0
                0x0000000008002518      0x500 /home/alpha/altera/15.1/nios2eds/bin/gnu/H-x86_64-pc-linux-gnu/bin/../lib/gcc/nios2-elf/4.9.2/../../../../../H-x86_64-pc-linux-gnu/nios2-elf/lib/libstdc++.a(eh_personality.o)
                0x0000000008002518                __gxx_personality_sj0
 .text.__cxa_call_unexpected
                0x0000000008002a18      0x234 /home/alpha/altera/15.1/nios2eds/bin/gnu/H-x86_64-pc-linux-gnu/bin/../lib/gcc/nios2-elf/4.9.2/../../../../../H-x86_64-pc-linux-gnu/nios2-elf/lib/libstdc++.a(eh_personality.o)
                0x0000000008002a18                __cxa_call_unexpected
 .text          0x0000000008002c4c        0x0 /home/alpha/altera/15.1/nios2eds/bin/gnu/H-x86_64-pc-linux-gnu/bin/../lib/gcc/nios2-elf/4.9.2/../../../../../H-x86_64-pc-linux-gnu/nios2-elf/lib/libstdc++.a(eh_exception.o)
 .text._ZNSt9exceptionD2Ev
                0x0000000008002c4c        0x4 /home/alpha/altera/15.1/nios2eds/bin/gnu/H-x86_64-pc-linux-gnu/bin/../lib/gcc/nios2-elf/4.9.2/../../../../../H-x86_64-pc-linux-gnu/nios2-elf/lib/libstdc++.a(eh_exception.o)
                0x0000000008002c4c                std::exception::~exception()
                0x0000000008002c4c                std::exception::~exception()
 .text._ZNSt13bad_exceptionD2Ev
                0x0000000008002c50        0x4 /home/alpha/altera/15.1/nios2eds/bin/gnu/H-x86_64-pc-linux-gnu/bin/../lib/gcc/nios2-elf/4.9.2/../../../../../H-x86_64-pc-linux-gnu/nios2-elf/lib/libstdc++.a(eh_exception.o)
                0x0000000008002c50                std::bad_exception::~bad_exception()
                0x0000000008002c50                std::bad_exception::~bad_exception()
 .text._ZNKSt9exception4whatEv
                0x0000000008002c54        0xc /home/alpha/altera/15.1/nios2eds/bin/gnu/H-x86_64-pc-linux-gnu/bin/../lib/gcc/nios2-elf/4.9.2/../../../../../H-x86_64-pc-linux-gnu/nios2-elf/lib/libstdc++.a(eh_exception.o)
                0x0000000008002c54                std::exception::what() const
 .text._ZNKSt13bad_exception4whatEv
                0x0000000008002c60        0xc /home/alpha/altera/15.1/nios2eds/bin/gnu/H-x86_64-pc-linux-gnu/bin/../lib/gcc/nios2-elf/4.9.2/../../../../../H-x86_64-pc-linux-gnu/nios2-elf/lib/libstdc++.a(eh_exception.o)
                0x0000000008002c60                std::bad_exception::what() const
 .text._ZNSt9exceptionD0Ev
                0x0000000008002c6c        0x4 /home/alpha/altera/15.1/nios2eds/bin/gnu/H-x86_64-pc-linux-gnu/bin/../lib/gcc/nios2-elf/4.9.2/../../../../../H-x86_64-pc-linux-gnu/nios2-elf/lib/libstdc++.a(eh_exception.o)
                0x0000000008002c6c                std::exception::~exception()
 .text._ZNSt13bad_exceptionD0Ev
                0x0000000008002c70        0x4 /home/alpha/altera/15.1/nios2eds/bin/gnu/H-x86_64-pc-linux-gnu/bin/../lib/gcc/nios2-elf/4.9.2/../../../../../H-x86_64-pc-linux-gnu/nios2-elf/lib/libstdc++.a(eh_exception.o)
                0x0000000008002c70                std::bad_exception::~bad_exception()
 .text._ZN10__cxxabiv115__forced_unwindD2Ev
                0x0000000008002c74        0x4 /home/alpha/altera/15.1/nios2eds/bin/gnu/H-x86_64-pc-linux-gnu/bin/../lib/gcc/nios2-elf/4.9.2/../../../../../H-x86_64-pc-linux-gnu/nios2-elf/lib/libstdc++.a(eh_exception.o)
                0x0000000008002c74                __cxxabiv1::__forced_unwind::~__forced_unwind()
                0x0000000008002c74                __cxxabiv1::__forced_unwind::~__forced_unwind()
 .text._ZN10__cxxabiv115__forced_unwindD0Ev
                0x0000000008002c78        0x4 /home/alpha/altera/15.1/nios2eds/bin/gnu/H-x86_64-pc-linux-gnu/bin/../lib/gcc/nios2-elf/4.9.2/../../../../../H-x86_64-pc-linux-gnu/nios2-elf/lib/libstdc++.a(eh_exception.o)
                0x0000000008002c78                __cxxabiv1::__forced_unwind::~__forced_unwind()
 .text._ZN10__cxxabiv119__foreign_exceptionD2Ev
                0x0000000008002c7c        0x4 /home/alpha/altera/15.1/nios2eds/bin/gnu/H-x86_64-pc-linux-gnu/bin/../lib/gcc/nios2-elf/4.9.2/../../../../../H-x86_64-pc-linux-gnu/nios2-elf/lib/libstdc++.a(eh_exception.o)
                0x0000000008002c7c                __cxxabiv1::__foreign_exception::~__foreign_exception()
                0x0000000008002c7c                __cxxabiv1::__foreign_exception::~__foreign_exception()
 .text._ZN10__cxxabiv119__foreign_exceptionD0Ev
                0x0000000008002c80        0x4 /home/alpha/altera/15.1/nios2eds/bin/gnu/H-x86_64-pc-linux-gnu/bin/../lib/gcc/nios2-elf/4.9.2/../../../../../H-x86_64-pc-linux-gnu/nios2-elf/lib/libstdc++.a(eh_exception.o)
                0x0000000008002c80                __cxxabiv1::__foreign_exception::~__foreign_exception()
 .text          0x0000000008002c84        0x0 /home/alpha/altera/15.1/nios2eds/bin/gnu/H-x86_64-pc-linux-gnu/bin/../lib/gcc/nios2-elf/4.9.2/../../../../../H-x86_64-pc-linux-gnu/nios2-elf/lib/libstdc++.a(bad_alloc.o)
 .text._ZNKSt9bad_alloc4whatEv
                0x0000000008002c84        0xc /home/alpha/altera/15.1/nios2eds/bin/gnu/H-x86_64-pc-linux-gnu/bin/../lib/gcc/nios2-elf/4.9.2/../../../../../H-x86_64-pc-linux-gnu/nios2-elf/lib/libstdc++.a(bad_alloc.o)
                0x0000000008002c84                std::bad_alloc::what() const
 .text._ZNSt9bad_allocD2Ev
                0x0000000008002c90       0x10 /home/alpha/altera/15.1/nios2eds/bin/gnu/H-x86_64-pc-linux-gnu/bin/../lib/gcc/nios2-elf/4.9.2/../../../../../H-x86_64-pc-linux-gnu/nios2-elf/lib/libstdc++.a(bad_alloc.o)
                0x0000000008002c90                std::bad_alloc::~bad_alloc()
                0x0000000008002c90                std::bad_alloc::~bad_alloc()
 .text._ZNSt9bad_allocD0Ev
                0x0000000008002ca0       0x34 /home/alpha/altera/15.1/nios2eds/bin/gnu/H-x86_64-pc-linux-gnu/bin/../lib/gcc/nios2-elf/4.9.2/../../../../../H-x86_64-pc-linux-gnu/nios2-elf/lib/libstdc++.a(bad_alloc.o)
                0x0000000008002ca0                std::bad_alloc::~bad_alloc()
 .text          0x0000000008002cd4        0x0 /home/alpha/altera/15.1/nios2eds/bin/gnu/H-x86_64-pc-linux-gnu/bin/../lib/gcc/nios2-elf/4.9.2/../../../../../H-x86_64-pc-linux-gnu/nios2-elf/lib/libstdc++.a(class_type_info.o)
 .text._ZNK10__cxxabiv117__class_type_info11__do_upcastEPKS0_PPv
                0x0000000008002cd4       0x78 /home/alpha/altera/15.1/nios2eds/bin/gnu/H-x86_64-pc-linux-gnu/bin/../lib/gcc/nios2-elf/4.9.2/../../../../../H-x86_64-pc-linux-gnu/nios2-elf/lib/libstdc++.a(class_type_info.o)
                0x0000000008002cd4                __cxxabiv1::__class_type_info::__do_upcast(__cxxabiv1::__class_type_info const*, void**) const
 .text._ZNK10__cxxabiv117__class_type_info20__do_find_public_srcEiPKvPKS0_S2_
                0x0000000008002d4c       0x18 /home/alpha/altera/15.1/nios2eds/bin/gnu/H-x86_64-pc-linux-gnu/bin/../lib/gcc/nios2-elf/4.9.2/../../../../../H-x86_64-pc-linux-gnu/nios2-elf/lib/libstdc++.a(class_type_info.o)
                0x0000000008002d4c                __cxxabiv1::__class_type_info::__do_find_public_src(int, void const*, __cxxabiv1::__class_type_info const*, void const*) const
 .text._ZN10__cxxabiv117__class_type_infoD2Ev
                0x0000000008002d64       0x10 /home/alpha/altera/15.1/nios2eds/bin/gnu/H-x86_64-pc-linux-gnu/bin/../lib/gcc/nios2-elf/4.9.2/../../../../../H-x86_64-pc-linux-gnu/nios2-elf/lib/libstdc++.a(class_type_info.o)
                0x0000000008002d64                __cxxabiv1::__class_type_info::~__class_type_info()
                0x0000000008002d64                __cxxabiv1::__class_type_info::~__class_type_info()
 .text._ZN10__cxxabiv117__class_type_infoD0Ev
                0x0000000008002d74       0x34 /home/alpha/altera/15.1/nios2eds/bin/gnu/H-x86_64-pc-linux-gnu/bin/../lib/gcc/nios2-elf/4.9.2/../../../../../H-x86_64-pc-linux-gnu/nios2-elf/lib/libstdc++.a(class_type_info.o)
                0x0000000008002d74                __cxxabiv1::__class_type_info::~__class_type_info()
 .text._ZNK10__cxxabiv117__class_type_info11__do_upcastEPKS0_PKvRNS0_15__upcast_resultE
                0x0000000008002da8       0x6c /home/alpha/altera/15.1/nios2eds/bin/gnu/H-x86_64-pc-linux-gnu/bin/../lib/gcc/nios2-elf/4.9.2/../../../../../H-x86_64-pc-linux-gnu/nios2-elf/lib/libstdc++.a(class_type_info.o)
                0x0000000008002da8                __cxxabiv1::__class_type_info::__do_upcast(__cxxabiv1::__class_type_info const*, void const*, __cxxabiv1::__class_type_info::__upcast_result&) const
 .text._ZNK10__cxxabiv117__class_type_info10__do_catchEPKSt9type_infoPPvj
                0x0000000008002e14       0xb8 /home/alpha/altera/15.1/nios2eds/bin/gnu/H-x86_64-pc-linux-gnu/bin/../lib/gcc/nios2-elf/4.9.2/../../../../../H-x86_64-pc-linux-gnu/nios2-elf/lib/libstdc++.a(class_type_info.o)
                0x0000000008002e14                __cxxabiv1::__class_type_info::__do_catch(std::type_info const*, void**, unsigned int) const
 .text._ZNK10__cxxabiv117__class_type_info12__do_dyncastEiNS0_10__sub_kindEPKS0_PKvS3_S5_RNS0_16__dyncast_resultE
                0x0000000008002ecc       0xd0 /home/alpha/altera/15.1/nios2eds/bin/gnu/H-x86_64-pc-linux-gnu/bin/../lib/gcc/nios2-elf/4.9.2/../../../../../H-x86_64-pc-linux-gnu/nios2-elf/lib/libstdc++.a(class_type_info.o)
                0x0000000008002ecc                __cxxabiv1::__class_type_info::__do_dyncast(int, __cxxabiv1::__class_type_info::__sub_kind, __cxxabiv1::__class_type_info const*, void const*, __cxxabiv1::__class_type_info const*, void const*, __cxxabiv1::__class_type_info::__dyncast_result&) const
 .text          0x0000000008002f9c        0x0 /home/alpha/altera/15.1/nios2eds/bin/gnu/H-x86_64-pc-linux-gnu/bin/../lib/gcc/nios2-elf/4.9.2/../../../../../H-x86_64-pc-linux-gnu/nios2-elf/lib/libstdc++.a(del_op.o)
 .text._ZdlPv   0x0000000008002f9c        0x4 /home/alpha/altera/15.1/nios2eds/bin/gnu/H-x86_64-pc-linux-gnu/bin/../lib/gcc/nios2-elf/4.9.2/../../../../../H-x86_64-pc-linux-gnu/nios2-elf/lib/libstdc++.a(del_op.o)
                0x0000000008002f9c                operator delete(void*)
 .text          0x0000000008002fa0        0x0 /home/alpha/altera/15.1/nios2eds/bin/gnu/H-x86_64-pc-linux-gnu/bin/../lib/gcc/nios2-elf/4.9.2/../../../../../H-x86_64-pc-linux-gnu/nios2-elf/lib/libstdc++.a(eh_terminate.o)
 .text._ZN10__cxxabiv111__terminateEPFvvE
                0x0000000008002fa0       0xc0 /home/alpha/altera/15.1/nios2eds/bin/gnu/H-x86_64-pc-linux-gnu/bin/../lib/gcc/nios2-elf/4.9.2/../../../../../H-x86_64-pc-linux-gnu/nios2-elf/lib/libstdc++.a(eh_terminate.o)
                0x0000000008002fa0                __cxxabiv1::__terminate(void (*)())
 .text._ZSt9terminatev
                0x0000000008003060       0x18 /home/alpha/altera/15.1/nios2eds/bin/gnu/H-x86_64-pc-linux-gnu/bin/../lib/gcc/nios2-elf/4.9.2/../../../../../H-x86_64-pc-linux-gnu/nios2-elf/lib/libstdc++.a(eh_terminate.o)
                0x0000000008003060                std::terminate()
 .text._ZN10__cxxabiv112__unexpectedEPFvvE
                0x0000000008003078       0x10 /home/alpha/altera/15.1/nios2eds/bin/gnu/H-x86_64-pc-linux-gnu/bin/../lib/gcc/nios2-elf/4.9.2/../../../../../H-x86_64-pc-linux-gnu/nios2-elf/lib/libstdc++.a(eh_terminate.o)
                0x0000000008003078                __cxxabiv1::__unexpected(void (*)())
 .text._ZSt10unexpectedv
                0x0000000008003088       0x18 /home/alpha/altera/15.1/nios2eds/bin/gnu/H-x86_64-pc-linux-gnu/bin/../lib/gcc/nios2-elf/4.9.2/../../../../../H-x86_64-pc-linux-gnu/nios2-elf/lib/libstdc++.a(eh_terminate.o)
                0x0000000008003088                std::unexpected()
 .text._ZSt13set_terminatePFvvE
                0x00000000080030a0       0x14 /home/alpha/altera/15.1/nios2eds/bin/gnu/H-x86_64-pc-linux-gnu/bin/../lib/gcc/nios2-elf/4.9.2/../../../../../H-x86_64-pc-linux-gnu/nios2-elf/lib/libstdc++.a(eh_terminate.o)
                0x00000000080030a0                std::set_terminate(void (*)())
 .text._ZSt13get_terminatev
                0x00000000080030b4       0x10 /home/alpha/altera/15.1/nios2eds/bin/gnu/H-x86_64-pc-linux-gnu/bin/../lib/gcc/nios2-elf/4.9.2/../../../../../H-x86_64-pc-linux-gnu/nios2-elf/lib/libstdc++.a(eh_terminate.o)
                0x00000000080030b4                std::get_terminate()
 .text._ZSt14set_unexpectedPFvvE
                0x00000000080030c4       0x14 /home/alpha/altera/15.1/nios2eds/bin/gnu/H-x86_64-pc-linux-gnu/bin/../lib/gcc/nios2-elf/4.9.2/../../../../../H-x86_64-pc-linux-gnu/nios2-elf/lib/libstdc++.a(eh_terminate.o)
                0x00000000080030c4                std::set_unexpected(void (*)())
 .text._ZSt14get_unexpectedv
                0x00000000080030d8       0x10 /home/alpha/altera/15.1/nios2eds/bin/gnu/H-x86_64-pc-linux-gnu/bin/../lib/gcc/nios2-elf/4.9.2/../../../../../H-x86_64-pc-linux-gnu/nios2-elf/lib/libstdc++.a(eh_terminate.o)
                0x00000000080030d8                std::get_unexpected()
 .text          0x00000000080030e8        0x0 /home/alpha/altera/15.1/nios2eds/bin/gnu/H-x86_64-pc-linux-gnu/bin/../lib/gcc/nios2-elf/4.9.2/../../../../../H-x86_64-pc-linux-gnu/nios2-elf/lib/libstdc++.a(eh_catch.o)
 .text.__cxa_get_exception_ptr
                0x00000000080030e8        0x8 /home/alpha/altera/15.1/nios2eds/bin/gnu/H-x86_64-pc-linux-gnu/bin/../lib/gcc/nios2-elf/4.9.2/../../../../../H-x86_64-pc-linux-gnu/nios2-elf/lib/libstdc++.a(eh_catch.o)
                0x00000000080030e8                __cxa_get_exception_ptr
 .text.__cxa_begin_catch
                0x00000000080030f0       0xb4 /home/alpha/altera/15.1/nios2eds/bin/gnu/H-x86_64-pc-linux-gnu/bin/../lib/gcc/nios2-elf/4.9.2/../../../../../H-x86_64-pc-linux-gnu/nios2-elf/lib/libstdc++.a(eh_catch.o)
                0x00000000080030f0                __cxa_begin_catch
 .text.__cxa_end_catch
                0x00000000080031a4       0xb0 /home/alpha/altera/15.1/nios2eds/bin/gnu/H-x86_64-pc-linux-gnu/bin/../lib/gcc/nios2-elf/4.9.2/../../../../../H-x86_64-pc-linux-gnu/nios2-elf/lib/libstdc++.a(eh_catch.o)
                0x00000000080031a4                __cxa_end_catch
 .text._ZSt18uncaught_exceptionv
                0x0000000008003254       0x20 /home/alpha/altera/15.1/nios2eds/bin/gnu/H-x86_64-pc-linux-gnu/bin/../lib/gcc/nios2-elf/4.9.2/../../../../../H-x86_64-pc-linux-gnu/nios2-elf/lib/libstdc++.a(eh_catch.o)
                0x0000000008003254                std::uncaught_exception()
 .text          0x0000000008003274        0x0 /home/alpha/altera/15.1/nios2eds/bin/gnu/H-x86_64-pc-linux-gnu/bin/../lib/gcc/nios2-elf/4.9.2/../../../../../H-x86_64-pc-linux-gnu/nios2-elf/lib/libstdc++.a(new_handler.o)
 .text._ZSt15set_new_handlerPFvvE
                0x0000000008003274       0x14 /home/alpha/altera/15.1/nios2eds/bin/gnu/H-x86_64-pc-linux-gnu/bin/../lib/gcc/nios2-elf/4.9.2/../../../../../H-x86_64-pc-linux-gnu/nios2-elf/lib/libstdc++.a(new_handler.o)
                0x0000000008003274                std::set_new_handler(void (*)())
 .text._ZSt15get_new_handlerv
                0x0000000008003288       0x10 /home/alpha/altera/15.1/nios2eds/bin/gnu/H-x86_64-pc-linux-gnu/bin/../lib/gcc/nios2-elf/4.9.2/../../../../../H-x86_64-pc-linux-gnu/nios2-elf/lib/libstdc++.a(new_handler.o)
                0x0000000008003288                std::get_new_handler()
 .text          0x0000000008003298        0x0 /home/alpha/altera/15.1/nios2eds/bin/gnu/H-x86_64-pc-linux-gnu/bin/../lib/gcc/nios2-elf/4.9.2/../../../../../H-x86_64-pc-linux-gnu/nios2-elf/lib/libstdc++.a(pure.o)
 .text.__cxa_pure_virtual
                0x0000000008003298       0x20 /home/alpha/altera/15.1/nios2eds/bin/gnu/H-x86_64-pc-linux-gnu/bin/../lib/gcc/nios2-elf/4.9.2/../../../../../H-x86_64-pc-linux-gnu/nios2-elf/lib/libstdc++.a(pure.o)
                0x0000000008003298                __cxa_pure_virtual
 .text.__cxa_deleted_virtual
                0x00000000080032b8       0x20 /home/alpha/altera/15.1/nios2eds/bin/gnu/H-x86_64-pc-linux-gnu/bin/../lib/gcc/nios2-elf/4.9.2/../../../../../H-x86_64-pc-linux-gnu/nios2-elf/lib/libstdc++.a(pure.o)
                0x00000000080032b8                __cxa_deleted_virtual
 .text          0x00000000080032d8        0x0 /home/alpha/altera/15.1/nios2eds/bin/gnu/H-x86_64-pc-linux-gnu/bin/../lib/gcc/nios2-elf/4.9.2/../../../../../H-x86_64-pc-linux-gnu/nios2-elf/lib/libstdc++.a(eh_throw.o)
 .text._ZL23__gxx_exception_cleanup19_Unwind_Reason_CodeP17_Unwind_Exception
                0x00000000080032d8       0x44 /home/alpha/altera/15.1/nios2eds/bin/gnu/H-x86_64-pc-linux-gnu/bin/../lib/gcc/nios2-elf/4.9.2/../../../../../H-x86_64-pc-linux-gnu/nios2-elf/lib/libstdc++.a(eh_throw.o)
 .text.__cxa_throw
                0x000000000800331c       0x90 /home/alpha/altera/15.1/nios2eds/bin/gnu/H-x86_64-pc-linux-gnu/bin/../lib/gcc/nios2-elf/4.9.2/../../../../../H-x86_64-pc-linux-gnu/nios2-elf/lib/libstdc++.a(eh_throw.o)
                0x000000000800331c                __cxa_throw
 .text.__cxa_rethrow
                0x00000000080033ac       0x84 /home/alpha/altera/15.1/nios2eds/bin/gnu/H-x86_64-pc-linux-gnu/bin/../lib/gcc/nios2-elf/4.9.2/../../../../../H-x86_64-pc-linux-gnu/nios2-elf/lib/libstdc++.a(eh_throw.o)
                0x00000000080033ac                __cxa_rethrow
 .text          0x0000000008003430        0x0 /home/alpha/altera/15.1/nios2eds/bin/gnu/H-x86_64-pc-linux-gnu/bin/../lib/gcc/nios2-elf/4.9.2/../../../../../H-x86_64-pc-linux-gnu/nios2-elf/lib/libstdc++.a(eh_alloc.o)
 .text.__cxa_allocate_exception
                0x0000000008003430       0xac /home/alpha/altera/15.1/nios2eds/bin/gnu/H-x86_64-pc-linux-gnu/bin/../lib/gcc/nios2-elf/4.9.2/../../../../../H-x86_64-pc-linux-gnu/nios2-elf/lib/libstdc++.a(eh_alloc.o)
                0x0000000008003430                __cxa_allocate_exception
 .text.__cxa_free_exception
                0x00000000080034dc       0x44 /home/alpha/altera/15.1/nios2eds/bin/gnu/H-x86_64-pc-linux-gnu/bin/../lib/gcc/nios2-elf/4.9.2/../../../../../H-x86_64-pc-linux-gnu/nios2-elf/lib/libstdc++.a(eh_alloc.o)
                0x00000000080034dc                __cxa_free_exception
 .text.__cxa_allocate_dependent_exception
                0x0000000008003520       0x98 /home/alpha/altera/15.1/nios2eds/bin/gnu/H-x86_64-pc-linux-gnu/bin/../lib/gcc/nios2-elf/4.9.2/../../../../../H-x86_64-pc-linux-gnu/nios2-elf/lib/libstdc++.a(eh_alloc.o)
                0x0000000008003520                __cxa_allocate_dependent_exception
 .text.__cxa_free_dependent_exception
                0x00000000080035b8       0x40 /home/alpha/altera/15.1/nios2eds/bin/gnu/H-x86_64-pc-linux-gnu/bin/../lib/gcc/nios2-elf/4.9.2/../../../../../H-x86_64-pc-linux-gnu/nios2-elf/lib/libstdc++.a(eh_alloc.o)
                0x00000000080035b8                __cxa_free_dependent_exception
 .text          0x00000000080035f8        0x0 /home/alpha/altera/15.1/nios2eds/bin/gnu/H-x86_64-pc-linux-gnu/bin/../lib/gcc/nios2-elf/4.9.2/../../../../../H-x86_64-pc-linux-gnu/nios2-elf/lib/libstdc++.a(eh_call.o)
 .text.__cxa_call_terminate
                0x00000000080035f8       0x58 /home/alpha/altera/15.1/nios2eds/bin/gnu/H-x86_64-pc-linux-gnu/bin/../lib/gcc/nios2-elf/4.9.2/../../../../../H-x86_64-pc-linux-gnu/nios2-elf/lib/libstdc++.a(eh_call.o)
                0x00000000080035f8                __cxa_call_terminate
 .text          0x0000000008003650        0x0 /home/alpha/altera/15.1/nios2eds/bin/gnu/H-x86_64-pc-linux-gnu/bin/../lib/gcc/nios2-elf/4.9.2/../../../../../H-x86_64-pc-linux-gnu/nios2-elf/lib/libstdc++.a(eh_unex_handler.o)
 .text          0x0000000008003650        0x0 /home/alpha/altera/15.1/nios2eds/bin/gnu/H-x86_64-pc-linux-gnu/bin/../lib/gcc/nios2-elf/4.9.2/../../../../../H-x86_64-pc-linux-gnu/nios2-elf/lib/libstdc++.a(eh_term_handler.o)
 .text          0x0000000008003650        0x0 /home/alpha/altera/15.1/nios2eds/bin/gnu/H-x86_64-pc-linux-gnu/bin/../lib/gcc/nios2-elf/4.9.2/../../../../../H-x86_64-pc-linux-gnu/nios2-elf/lib/libstdc++.a(eh_globals.o)
 .text.__cxa_get_globals_fast
                0x0000000008003650        0xc /home/alpha/altera/15.1/nios2eds/bin/gnu/H-x86_64-pc-linux-gnu/bin/../lib/gcc/nios2-elf/4.9.2/../../../../../H-x86_64-pc-linux-gnu/nios2-elf/lib/libstdc++.a(eh_globals.o)
                0x0000000008003650                __cxa_get_globals_fast
 .text.__cxa_get_globals
                0x000000000800365c        0xc /home/alpha/altera/15.1/nios2eds/bin/gnu/H-x86_64-pc-linux-gnu/bin/../lib/gcc/nios2-elf/4.9.2/../../../../../H-x86_64-pc-linux-gnu/nios2-elf/lib/libstdc++.a(eh_globals.o)
                0x000000000800365c                __cxa_get_globals
 .text          0x0000000008003668      0x12c /home/alpha/altera/15.1/nios2eds/bin/gnu/H-x86_64-pc-linux-gnu/bin/../lib/gcc/nios2-elf/4.9.2/libgcc.a(lib2-divmod.o)
                0x00000000080036d4                __divsi3
                0x0000000008003728                __modsi3
                0x0000000008003784                __udivsi3
                0x000000000800378c                __umodsi3
 .text          0x0000000008003794      0x520 /home/alpha/altera/15.1/nios2eds/bin/gnu/H-x86_64-pc-linux-gnu/bin/../lib/gcc/nios2-elf/4.9.2/libgcc.a(unwind-sjlj.o)
                0x000000000800399c                _Unwind_SjLj_Register
                0x00000000080039b4                _Unwind_SjLj_Unregister
                0x00000000080039c8                _Unwind_GetGR
                0x00000000080039e4                _Unwind_GetCFA
                0x00000000080039fc                _Unwind_SetGR
                0x0000000008003a18                _Unwind_GetIP
                0x0000000008003a28                _Unwind_GetIPInfo
                0x0000000008003a48                _Unwind_SetIP
                0x0000000008003a58                _Unwind_GetLanguageSpecificData
                0x0000000008003a64                _Unwind_GetRegionStart
                0x0000000008003a6c                _Unwind_FindEnclosingFunction
                0x0000000008003a74                _Unwind_GetDataRelBase
                0x0000000008003a7c                _Unwind_GetTextRelBase
                0x0000000008003a84                _Unwind_SjLj_RaiseException
                0x0000000008003b54                _Unwind_SjLj_ForcedUnwind
                0x0000000008003b98                _Unwind_SjLj_Resume
                0x0000000008003bdc                _Unwind_SjLj_Resume_or_Rethrow
                0x0000000008003c28                _Unwind_DeleteException
                0x0000000008003c40                _Unwind_Backtrace
 .text          0x0000000008003cb4        0x0 /home/alpha/altera/15.1/nios2eds/bin/gnu/H-x86_64-pc-linux-gnu/bin/../lib/gcc/nios2-elf/4.9.2/../../../../../H-x86_64-pc-linux-gnu/nios2-elf/lib/libc.a(lib_a-abort.o)
 .text.abort    0x0000000008003cb4       0x18 /home/alpha/altera/15.1/nios2eds/bin/gnu/H-x86_64-pc-linux-gnu/bin/../lib/gcc/nios2-elf/4.9.2/../../../../../H-x86_64-pc-linux-gnu/nios2-elf/lib/libc.a(lib_a-abort.o)
                0x0000000008003cb4                abort
 .text          0x0000000008003ccc        0x0 /home/alpha/altera/15.1/nios2eds/bin/gnu/H-x86_64-pc-linux-gnu/bin/../lib/gcc/nios2-elf/4.9.2/../../../../../H-x86_64-pc-linux-gnu/nios2-elf/lib/libc.a(lib_a-malloc.o)
 .text.malloc   0x0000000008003ccc       0x14 /home/alpha/altera/15.1/nios2eds/bin/gnu/H-x86_64-pc-linux-gnu/bin/../lib/gcc/nios2-elf/4.9.2/../../../../../H-x86_64-pc-linux-gnu/nios2-elf/lib/libc.a(lib_a-malloc.o)
                0x0000000008003ccc                malloc
 .text.free     0x0000000008003ce0       0x14 /home/alpha/altera/15.1/nios2eds/bin/gnu/H-x86_64-pc-linux-gnu/bin/../lib/gcc/nios2-elf/4.9.2/../../../../../H-x86_64-pc-linux-gnu/nios2-elf/lib/libc.a(lib_a-malloc.o)
                0x0000000008003ce0                free
 .text          0x0000000008003cf4        0x0 /home/alpha/altera/15.1/nios2eds/bin/gnu/H-x86_64-pc-linux-gnu/bin/../lib/gcc/nios2-elf/4.9.2/../../../../../H-x86_64-pc-linux-gnu/nios2-elf/lib/libc.a(lib_a-mallocr.o)
 .text._malloc_r
                0x0000000008003cf4      0x7a8 /home/alpha/altera/15.1/nios2eds/bin/gnu/H-x86_64-pc-linux-gnu/bin/../lib/gcc/nios2-elf/4.9.2/../../../../../H-x86_64-pc-linux-gnu/nios2-elf/lib/libc.a(lib_a-mallocr.o)
                0x0000000008003cf4                _malloc_r
 .text          0x000000000800449c        0x0 /home/alpha/altera/15.1/nios2eds/bin/gnu/H-x86_64-pc-linux-gnu/bin/../lib/gcc/nios2-elf/4.9.2/../../../../../H-x86_64-pc-linux-gnu/nios2-elf/lib/libc.a(lib_a-memset.o)
 .text.memset   0x000000000800449c      0x124 /home/alpha/altera/15.1/nios2eds/bin/gnu/H-x86_64-pc-linux-gnu/bin/../lib/gcc/nios2-elf/4.9.2/../../../../../H-x86_64-pc-linux-gnu/nios2-elf/lib/libc.a(lib_a-memset.o)
                0x000000000800449c                memset
 .text          0x00000000080045c0        0x0 /home/alpha/altera/15.1/nios2eds/bin/gnu/H-x86_64-pc-linux-gnu/bin/../lib/gcc/nios2-elf/4.9.2/../../../../../H-x86_64-pc-linux-gnu/nios2-elf/lib/libc.a(lib_a-printf.o)
 .text._printf_r
                0x00000000080045c0       0x2c /home/alpha/altera/15.1/nios2eds/bin/gnu/H-x86_64-pc-linux-gnu/bin/../lib/gcc/nios2-elf/4.9.2/../../../../../H-x86_64-pc-linux-gnu/nios2-elf/lib/libc.a(lib_a-printf.o)
                0x00000000080045c0                _printf_r
 .text.printf   0x00000000080045ec       0x3c /home/alpha/altera/15.1/nios2eds/bin/gnu/H-x86_64-pc-linux-gnu/bin/../lib/gcc/nios2-elf/4.9.2/../../../../../H-x86_64-pc-linux-gnu/nios2-elf/lib/libc.a(lib_a-printf.o)
                0x00000000080045ec                printf
 .text          0x0000000008004628        0x0 /home/alpha/altera/15.1/nios2eds/bin/gnu/H-x86_64-pc-linux-gnu/bin/../lib/gcc/nios2-elf/4.9.2/../../../../../H-x86_64-pc-linux-gnu/nios2-elf/lib/libc.a(lib_a-puts.o)
 .text._puts_r  0x0000000008004628       0xa8 /home/alpha/altera/15.1/nios2eds/bin/gnu/H-x86_64-pc-linux-gnu/bin/../lib/gcc/nios2-elf/4.9.2/../../../../../H-x86_64-pc-linux-gnu/nios2-elf/lib/libc.a(lib_a-puts.o)
                0x0000000008004628                _puts_r
 .text.puts     0x00000000080046d0       0x14 /home/alpha/altera/15.1/nios2eds/bin/gnu/H-x86_64-pc-linux-gnu/bin/../lib/gcc/nios2-elf/4.9.2/../../../../../H-x86_64-pc-linux-gnu/nios2-elf/lib/libc.a(lib_a-puts.o)
                0x00000000080046d0                puts
 .text          0x00000000080046e4        0x0 /home/alpha/altera/15.1/nios2eds/bin/gnu/H-x86_64-pc-linux-gnu/bin/../lib/gcc/nios2-elf/4.9.2/../../../../../H-x86_64-pc-linux-gnu/nios2-elf/lib/libc.a(lib_a-sbrkr.o)
 .text._sbrk_r  0x00000000080046e4       0x54 /home/alpha/altera/15.1/nios2eds/bin/gnu/H-x86_64-pc-linux-gnu/bin/../lib/gcc/nios2-elf/4.9.2/../../../../../H-x86_64-pc-linux-gnu/nios2-elf/lib/libc.a(lib_a-sbrkr.o)
                0x00000000080046e4                _sbrk_r
 .text          0x0000000008004738        0x0 /home/alpha/altera/15.1/nios2eds/bin/gnu/H-x86_64-pc-linux-gnu/bin/../lib/gcc/nios2-elf/4.9.2/../../../../../H-x86_64-pc-linux-gnu/nios2-elf/lib/libc.a(lib_a-signal.o)
 .text._init_signal_r
                0x0000000008004738       0x68 /home/alpha/altera/15.1/nios2eds/bin/gnu/H-x86_64-pc-linux-gnu/bin/../lib/gcc/nios2-elf/4.9.2/../../../../../H-x86_64-pc-linux-gnu/nios2-elf/lib/libc.a(lib_a-signal.o)
                0x0000000008004738                _init_signal_r
 .text._signal_r
                0x00000000080047a0       0x84 /home/alpha/altera/15.1/nios2eds/bin/gnu/H-x86_64-pc-linux-gnu/bin/../lib/gcc/nios2-elf/4.9.2/../../../../../H-x86_64-pc-linux-gnu/nios2-elf/lib/libc.a(lib_a-signal.o)
                0x00000000080047a0                _signal_r
 .text._raise_r
                0x0000000008004824       0xbc /home/alpha/altera/15.1/nios2eds/bin/gnu/H-x86_64-pc-linux-gnu/bin/../lib/gcc/nios2-elf/4.9.2/../../../../../H-x86_64-pc-linux-gnu/nios2-elf/lib/libc.a(lib_a-signal.o)
                0x0000000008004824                _raise_r
 .text.__sigtramp_r
                0x00000000080048e0       0xa8 /home/alpha/altera/15.1/nios2eds/bin/gnu/H-x86_64-pc-linux-gnu/bin/../lib/gcc/nios2-elf/4.9.2/../../../../../H-x86_64-pc-linux-gnu/nios2-elf/lib/libc.a(lib_a-signal.o)
                0x00000000080048e0                __sigtramp_r
 .text.raise    0x0000000008004988       0x14 /home/alpha/altera/15.1/nios2eds/bin/gnu/H-x86_64-pc-linux-gnu/bin/../lib/gcc/nios2-elf/4.9.2/../../../../../H-x86_64-pc-linux-gnu/nios2-elf/lib/libc.a(lib_a-signal.o)
                0x0000000008004988                raise
 .text.signal   0x000000000800499c       0x1c /home/alpha/altera/15.1/nios2eds/bin/gnu/H-x86_64-pc-linux-gnu/bin/../lib/gcc/nios2-elf/4.9.2/../../../../../H-x86_64-pc-linux-gnu/nios2-elf/lib/libc.a(lib_a-signal.o)
                0x000000000800499c                signal
 .text._init_signal
                0x00000000080049b8       0x10 /home/alpha/altera/15.1/nios2eds/bin/gnu/H-x86_64-pc-linux-gnu/bin/../lib/gcc/nios2-elf/4.9.2/../../../../../H-x86_64-pc-linux-gnu/nios2-elf/lib/libc.a(lib_a-signal.o)
                0x00000000080049b8                _init_signal
 .text.__sigtramp
                0x00000000080049c8       0x14 /home/alpha/altera/15.1/nios2eds/bin/gnu/H-x86_64-pc-linux-gnu/bin/../lib/gcc/nios2-elf/4.9.2/../../../../../H-x86_64-pc-linux-gnu/nios2-elf/lib/libc.a(lib_a-signal.o)
                0x00000000080049c8                __sigtramp
 .text          0x00000000080049dc        0x0 /home/alpha/altera/15.1/nios2eds/bin/gnu/H-x86_64-pc-linux-gnu/bin/../lib/gcc/nios2-elf/4.9.2/../../../../../H-x86_64-pc-linux-gnu/nios2-elf/lib/libc.a(lib_a-signalr.o)
 .text._kill_r  0x00000000080049dc       0x58 /home/alpha/altera/15.1/nios2eds/bin/gnu/H-x86_64-pc-linux-gnu/bin/../lib/gcc/nios2-elf/4.9.2/../../../../../H-x86_64-pc-linux-gnu/nios2-elf/lib/libc.a(lib_a-signalr.o)
                0x00000000080049dc                _kill_r
 .text._getpid_r
                0x0000000008004a34        0x4 /home/alpha/altera/15.1/nios2eds/bin/gnu/H-x86_64-pc-linux-gnu/bin/../lib/gcc/nios2-elf/4.9.2/../../../../../H-x86_64-pc-linux-gnu/nios2-elf/lib/libc.a(lib_a-signalr.o)
                0x0000000008004a34                _getpid_r
 .text          0x0000000008004a38        0x0 /home/alpha/altera/15.1/nios2eds/bin/gnu/H-x86_64-pc-linux-gnu/bin/../lib/gcc/nios2-elf/4.9.2/../../../../../H-x86_64-pc-linux-gnu/nios2-elf/lib/libc.a(lib_a-sprintf.o)
 .text._sprintf_r
                0x0000000008004a38       0x58 /home/alpha/altera/15.1/nios2eds/bin/gnu/H-x86_64-pc-linux-gnu/bin/../lib/gcc/nios2-elf/4.9.2/../../../../../H-x86_64-pc-linux-gnu/nios2-elf/lib/libc.a(lib_a-sprintf.o)
                0x0000000008004a38                _sprintf_r
 .text.sprintf  0x0000000008004a90       0x6c /home/alpha/altera/15.1/nios2eds/bin/gnu/H-x86_64-pc-linux-gnu/bin/../lib/gcc/nios2-elf/4.9.2/../../../../../H-x86_64-pc-linux-gnu/nios2-elf/lib/libc.a(lib_a-sprintf.o)
                0x0000000008004a90                sprintf
 .text          0x0000000008004afc        0x0 /home/alpha/altera/15.1/nios2eds/bin/gnu/H-x86_64-pc-linux-gnu/bin/../lib/gcc/nios2-elf/4.9.2/../../../../../H-x86_64-pc-linux-gnu/nios2-elf/lib/libc.a(lib_a-strcmp.o)
 .text.strcmp   0x0000000008004afc       0xa4 /home/alpha/altera/15.1/nios2eds/bin/gnu/H-x86_64-pc-linux-gnu/bin/../lib/gcc/nios2-elf/4.9.2/../../../../../H-x86_64-pc-linux-gnu/nios2-elf/lib/libc.a(lib_a-strcmp.o)
                0x0000000008004afc                strcmp
 .text          0x0000000008004ba0        0x0 /home/alpha/altera/15.1/nios2eds/bin/gnu/H-x86_64-pc-linux-gnu/bin/../lib/gcc/nios2-elf/4.9.2/../../../../../H-x86_64-pc-linux-gnu/nios2-elf/lib/libc.a(lib_a-strcpy.o)
 .text.strcpy   0x0000000008004ba0       0x90 /home/alpha/altera/15.1/nios2eds/bin/gnu/H-x86_64-pc-linux-gnu/bin/../lib/gcc/nios2-elf/4.9.2/../../../../../H-x86_64-pc-linux-gnu/nios2-elf/lib/libc.a(lib_a-strcpy.o)
                0x0000000008004ba0                strcpy
 .text          0x0000000008004c30        0x0 /home/alpha/altera/15.1/nios2eds/bin/gnu/H-x86_64-pc-linux-gnu/bin/../lib/gcc/nios2-elf/4.9.2/../../../../../H-x86_64-pc-linux-gnu/nios2-elf/lib/libc.a(lib_a-strlen.o)
 .text.strlen   0x0000000008004c30       0x98 /home/alpha/altera/15.1/nios2eds/bin/gnu/H-x86_64-pc-linux-gnu/bin/../lib/gcc/nios2-elf/4.9.2/../../../../../H-x86_64-pc-linux-gnu/nios2-elf/lib/libc.a(lib_a-strlen.o)
                0x0000000008004c30                strlen
 .text          0x0000000008004cc8        0x0 /home/alpha/altera/15.1/nios2eds/bin/gnu/H-x86_64-pc-linux-gnu/bin/../lib/gcc/nios2-elf/4.9.2/../../../../../H-x86_64-pc-linux-gnu/nios2-elf/lib/libc.a(lib_a-svfprintf.o)
 .text.___svfprintf_internal_r
                0x0000000008004cc8     0x1f90 /home/alpha/altera/15.1/nios2eds/bin/gnu/H-x86_64-pc-linux-gnu/bin/../lib/gcc/nios2-elf/4.9.2/../../../../../H-x86_64-pc-linux-gnu/nios2-elf/lib/libc.a(lib_a-svfprintf.o)
                0x0000000008004cc8                ___svfprintf_internal_r
 .text          0x0000000008006c58        0x0 /home/alpha/altera/15.1/nios2eds/bin/gnu/H-x86_64-pc-linux-gnu/bin/../lib/gcc/nios2-elf/4.9.2/../../../../../H-x86_64-pc-linux-gnu/nios2-elf/lib/libc.a(lib_a-vfprintf.o)
 .text.___vfprintf_internal_r
                0x0000000008006c58     0x1f50 /home/alpha/altera/15.1/nios2eds/bin/gnu/H-x86_64-pc-linux-gnu/bin/../lib/gcc/nios2-elf/4.9.2/../../../../../H-x86_64-pc-linux-gnu/nios2-elf/lib/libc.a(lib_a-vfprintf.o)
                0x0000000008006c58                ___vfprintf_internal_r
 .text.__vfprintf_internal
                0x0000000008008ba8       0x24 /home/alpha/altera/15.1/nios2eds/bin/gnu/H-x86_64-pc-linux-gnu/bin/../lib/gcc/nios2-elf/4.9.2/../../../../../H-x86_64-pc-linux-gnu/nios2-elf/lib/libc.a(lib_a-vfprintf.o)
                0x0000000008008ba8                __vfprintf_internal
 .text.__sbprintf
                0x0000000008008bcc       0xbc /home/alpha/altera/15.1/nios2eds/bin/gnu/H-x86_64-pc-linux-gnu/bin/../lib/gcc/nios2-elf/4.9.2/../../../../../H-x86_64-pc-linux-gnu/nios2-elf/lib/libc.a(lib_a-vfprintf.o)
 .text          0x0000000008008c88        0x0 /home/alpha/altera/15.1/nios2eds/bin/gnu/H-x86_64-pc-linux-gnu/bin/../lib/gcc/nios2-elf/4.9.2/../../../../../H-x86_64-pc-linux-gnu/nios2-elf/lib/libc.a(lib_a-wsetup.o)
 .text.__swsetup_r
                0x0000000008008c88      0x154 /home/alpha/altera/15.1/nios2eds/bin/gnu/H-x86_64-pc-linux-gnu/bin/../lib/gcc/nios2-elf/4.9.2/../../../../../H-x86_64-pc-linux-gnu/nios2-elf/lib/libc.a(lib_a-wsetup.o)
                0x0000000008008c88                __swsetup_r
 .text          0x0000000008008ddc        0x0 /home/alpha/altera/15.1/nios2eds/bin/gnu/H-x86_64-pc-linux-gnu/bin/../lib/gcc/nios2-elf/4.9.2/../../../../../H-x86_64-pc-linux-gnu/nios2-elf/lib/libc.a(lib_a-dtoa.o)
 .text.quorem   0x0000000008008ddc      0x200 /home/alpha/altera/15.1/nios2eds/bin/gnu/H-x86_64-pc-linux-gnu/bin/../lib/gcc/nios2-elf/4.9.2/../../../../../H-x86_64-pc-linux-gnu/nios2-elf/lib/libc.a(lib_a-dtoa.o)
 .text._dtoa_r  0x0000000008008fdc     0x1728 /home/alpha/altera/15.1/nios2eds/bin/gnu/H-x86_64-pc-linux-gnu/bin/../lib/gcc/nios2-elf/4.9.2/../../../../../H-x86_64-pc-linux-gnu/nios2-elf/lib/libc.a(lib_a-dtoa.o)
                0x0000000008008fdc                _dtoa_r
 .text          0x000000000800a704        0x0 /home/alpha/altera/15.1/nios2eds/bin/gnu/H-x86_64-pc-linux-gnu/bin/../lib/gcc/nios2-elf/4.9.2/../../../../../H-x86_64-pc-linux-gnu/nios2-elf/lib/libc.a(lib_a-fflush.o)
 .text.__sflush_r
                0x000000000800a704      0x208 /home/alpha/altera/15.1/nios2eds/bin/gnu/H-x86_64-pc-linux-gnu/bin/../lib/gcc/nios2-elf/4.9.2/../../../../../H-x86_64-pc-linux-gnu/nios2-elf/lib/libc.a(lib_a-fflush.o)
                0x000000000800a704                __sflush_r
 .text._fflush_r
                0x000000000800a90c       0x5c /home/alpha/altera/15.1/nios2eds/bin/gnu/H-x86_64-pc-linux-gnu/bin/../lib/gcc/nios2-elf/4.9.2/../../../../../H-x86_64-pc-linux-gnu/nios2-elf/lib/libc.a(lib_a-fflush.o)
                0x000000000800a90c                _fflush_r
 .text.fflush   0x000000000800a968       0x30 /home/alpha/altera/15.1/nios2eds/bin/gnu/H-x86_64-pc-linux-gnu/bin/../lib/gcc/nios2-elf/4.9.2/../../../../../H-x86_64-pc-linux-gnu/nios2-elf/lib/libc.a(lib_a-fflush.o)
                0x000000000800a968                fflush
 .text          0x000000000800a998        0x0 /home/alpha/altera/15.1/nios2eds/bin/gnu/H-x86_64-pc-linux-gnu/bin/../lib/gcc/nios2-elf/4.9.2/../../../../../H-x86_64-pc-linux-gnu/nios2-elf/lib/libc.a(lib_a-findfp.o)
 .text.__fp_lock
                0x000000000800a998        0x8 /home/alpha/altera/15.1/nios2eds/bin/gnu/H-x86_64-pc-linux-gnu/bin/../lib/gcc/nios2-elf/4.9.2/../../../../../H-x86_64-pc-linux-gnu/nios2-elf/lib/libc.a(lib_a-findfp.o)
 .text.__fp_unlock
                0x000000000800a9a0        0x8 /home/alpha/altera/15.1/nios2eds/bin/gnu/H-x86_64-pc-linux-gnu/bin/../lib/gcc/nios2-elf/4.9.2/../../../../../H-x86_64-pc-linux-gnu/nios2-elf/lib/libc.a(lib_a-findfp.o)
 .text._cleanup_r
                0x000000000800a9a8        0xc /home/alpha/altera/15.1/nios2eds/bin/gnu/H-x86_64-pc-linux-gnu/bin/../lib/gcc/nios2-elf/4.9.2/../../../../../H-x86_64-pc-linux-gnu/nios2-elf/lib/libc.a(lib_a-findfp.o)
                0x000000000800a9a8                _cleanup_r
 .text.__sinit.part.1
                0x000000000800a9b4      0x19c /home/alpha/altera/15.1/nios2eds/bin/gnu/H-x86_64-pc-linux-gnu/bin/../lib/gcc/nios2-elf/4.9.2/../../../../../H-x86_64-pc-linux-gnu/nios2-elf/lib/libc.a(lib_a-findfp.o)
 .text.__sfmoreglue
                0x000000000800ab50       0x68 /home/alpha/altera/15.1/nios2eds/bin/gnu/H-x86_64-pc-linux-gnu/bin/../lib/gcc/nios2-elf/4.9.2/../../../../../H-x86_64-pc-linux-gnu/nios2-elf/lib/libc.a(lib_a-findfp.o)
                0x000000000800ab50                __sfmoreglue
 .text.__sfp    0x000000000800abb8      0x118 /home/alpha/altera/15.1/nios2eds/bin/gnu/H-x86_64-pc-linux-gnu/bin/../lib/gcc/nios2-elf/4.9.2/../../../../../H-x86_64-pc-linux-gnu/nios2-elf/lib/libc.a(lib_a-findfp.o)
                0x000000000800abb8                __sfp
 .text._cleanup
                0x000000000800acd0       0x18 /home/alpha/altera/15.1/nios2eds/bin/gnu/H-x86_64-pc-linux-gnu/bin/../lib/gcc/nios2-elf/4.9.2/../../../../../H-x86_64-pc-linux-gnu/nios2-elf/lib/libc.a(lib_a-findfp.o)
                0x000000000800acd0                _cleanup
 .text.__sinit  0x000000000800ace8       0x10 /home/alpha/altera/15.1/nios2eds/bin/gnu/H-x86_64-pc-linux-gnu/bin/../lib/gcc/nios2-elf/4.9.2/../../../../../H-x86_64-pc-linux-gnu/nios2-elf/lib/libc.a(lib_a-findfp.o)
                0x000000000800ace8                __sinit
 .text.__sfp_lock_acquire
                0x000000000800acf8        0x4 /home/alpha/altera/15.1/nios2eds/bin/gnu/H-x86_64-pc-linux-gnu/bin/../lib/gcc/nios2-elf/4.9.2/../../../../../H-x86_64-pc-linux-gnu/nios2-elf/lib/libc.a(lib_a-findfp.o)
                0x000000000800acf8                __sfp_lock_acquire
 .text.__sfp_lock_release
                0x000000000800acfc        0x4 /home/alpha/altera/15.1/nios2eds/bin/gnu/H-x86_64-pc-linux-gnu/bin/../lib/gcc/nios2-elf/4.9.2/../../../../../H-x86_64-pc-linux-gnu/nios2-elf/lib/libc.a(lib_a-findfp.o)
                0x000000000800acfc                __sfp_lock_release
 .text.__sinit_lock_acquire
                0x000000000800ad00        0x4 /home/alpha/altera/15.1/nios2eds/bin/gnu/H-x86_64-pc-linux-gnu/bin/../lib/gcc/nios2-elf/4.9.2/../../../../../H-x86_64-pc-linux-gnu/nios2-elf/lib/libc.a(lib_a-findfp.o)
                0x000000000800ad00                __sinit_lock_acquire
 .text.__sinit_lock_release
                0x000000000800ad04        0x4 /home/alpha/altera/15.1/nios2eds/bin/gnu/H-x86_64-pc-linux-gnu/bin/../lib/gcc/nios2-elf/4.9.2/../../../../../H-x86_64-pc-linux-gnu/nios2-elf/lib/libc.a(lib_a-findfp.o)
                0x000000000800ad04                __sinit_lock_release
 .text.__fp_lock_all
                0x000000000800ad08       0x18 /home/alpha/altera/15.1/nios2eds/bin/gnu/H-x86_64-pc-linux-gnu/bin/../lib/gcc/nios2-elf/4.9.2/../../../../../H-x86_64-pc-linux-gnu/nios2-elf/lib/libc.a(lib_a-findfp.o)
                0x000000000800ad08                __fp_lock_all
 .text.__fp_unlock_all
                0x000000000800ad20       0x18 /home/alpha/altera/15.1/nios2eds/bin/gnu/H-x86_64-pc-linux-gnu/bin/../lib/gcc/nios2-elf/4.9.2/../../../../../H-x86_64-pc-linux-gnu/nios2-elf/lib/libc.a(lib_a-findfp.o)
                0x000000000800ad20                __fp_unlock_all
 .text          0x000000000800ad38        0x0 /home/alpha/altera/15.1/nios2eds/bin/gnu/H-x86_64-pc-linux-gnu/bin/../lib/gcc/nios2-elf/4.9.2/../../../../../H-x86_64-pc-linux-gnu/nios2-elf/lib/libc.a(lib_a-freer.o)
 .text._malloc_trim_r
                0x000000000800ad38      0x124 /home/alpha/altera/15.1/nios2eds/bin/gnu/H-x86_64-pc-linux-gnu/bin/../lib/gcc/nios2-elf/4.9.2/../../../../../H-x86_64-pc-linux-gnu/nios2-elf/lib/libc.a(lib_a-freer.o)
                0x000000000800ad38                _malloc_trim_r
 .text._free_r  0x000000000800ae5c      0x2f0 /home/alpha/altera/15.1/nios2eds/bin/gnu/H-x86_64-pc-linux-gnu/bin/../lib/gcc/nios2-elf/4.9.2/../../../../../H-x86_64-pc-linux-gnu/nios2-elf/lib/libc.a(lib_a-freer.o)
                0x000000000800ae5c                _free_r
 .text          0x000000000800b14c        0x0 /home/alpha/altera/15.1/nios2eds/bin/gnu/H-x86_64-pc-linux-gnu/bin/../lib/gcc/nios2-elf/4.9.2/../../../../../H-x86_64-pc-linux-gnu/nios2-elf/lib/libc.a(lib_a-fvwrite.o)
 .text.__sfvwrite_r
                0x000000000800b14c      0x4c0 /home/alpha/altera/15.1/nios2eds/bin/gnu/H-x86_64-pc-linux-gnu/bin/../lib/gcc/nios2-elf/4.9.2/../../../../../H-x86_64-pc-linux-gnu/nios2-elf/lib/libc.a(lib_a-fvwrite.o)
                0x000000000800b14c                __sfvwrite_r
 .text          0x000000000800b60c        0x0 /home/alpha/altera/15.1/nios2eds/bin/gnu/H-x86_64-pc-linux-gnu/bin/../lib/gcc/nios2-elf/4.9.2/../../../../../H-x86_64-pc-linux-gnu/nios2-elf/lib/libc.a(lib_a-fwalk.o)
 .text._fwalk   0x000000000800b60c       0xc4 /home/alpha/altera/15.1/nios2eds/bin/gnu/H-x86_64-pc-linux-gnu/bin/../lib/gcc/nios2-elf/4.9.2/../../../../../H-x86_64-pc-linux-gnu/nios2-elf/lib/libc.a(lib_a-fwalk.o)
                0x000000000800b60c                _fwalk
 .text._fwalk_reent
                0x000000000800b6d0       0xc4 /home/alpha/altera/15.1/nios2eds/bin/gnu/H-x86_64-pc-linux-gnu/bin/../lib/gcc/nios2-elf/4.9.2/../../../../../H-x86_64-pc-linux-gnu/nios2-elf/lib/libc.a(lib_a-fwalk.o)
                0x000000000800b6d0                _fwalk_reent
 .text          0x000000000800b794        0x0 /home/alpha/altera/15.1/nios2eds/bin/gnu/H-x86_64-pc-linux-gnu/bin/../lib/gcc/nios2-elf/4.9.2/../../../../../H-x86_64-pc-linux-gnu/nios2-elf/lib/libc.a(lib_a-impure.o)
 .text          0x000000000800b794        0x0 /home/alpha/altera/15.1/nios2eds/bin/gnu/H-x86_64-pc-linux-gnu/bin/../lib/gcc/nios2-elf/4.9.2/../../../../../H-x86_64-pc-linux-gnu/nios2-elf/lib/libc.a(lib_a-int_errno.o)
 .text          0x000000000800b794        0x0 /home/alpha/altera/15.1/nios2eds/bin/gnu/H-x86_64-pc-linux-gnu/bin/../lib/gcc/nios2-elf/4.9.2/../../../../../H-x86_64-pc-linux-gnu/nios2-elf/lib/libc.a(lib_a-locale.o)
 .text._setlocale_r
                0x000000000800b794       0x7c /home/alpha/altera/15.1/nios2eds/bin/gnu/H-x86_64-pc-linux-gnu/bin/../lib/gcc/nios2-elf/4.9.2/../../../../../H-x86_64-pc-linux-gnu/nios2-elf/lib/libc.a(lib_a-locale.o)
                0x000000000800b794                _setlocale_r
 .text.__locale_charset
                0x000000000800b810        0xc /home/alpha/altera/15.1/nios2eds/bin/gnu/H-x86_64-pc-linux-gnu/bin/../lib/gcc/nios2-elf/4.9.2/../../../../../H-x86_64-pc-linux-gnu/nios2-elf/lib/libc.a(lib_a-locale.o)
                0x000000000800b810                __locale_charset
 .text.__locale_mb_cur_max
                0x000000000800b81c       0x10 /home/alpha/altera/15.1/nios2eds/bin/gnu/H-x86_64-pc-linux-gnu/bin/../lib/gcc/nios2-elf/4.9.2/../../../../../H-x86_64-pc-linux-gnu/nios2-elf/lib/libc.a(lib_a-locale.o)
                0x000000000800b81c                __locale_mb_cur_max
 .text.__locale_msgcharset
                0x000000000800b82c        0xc /home/alpha/altera/15.1/nios2eds/bin/gnu/H-x86_64-pc-linux-gnu/bin/../lib/gcc/nios2-elf/4.9.2/../../../../../H-x86_64-pc-linux-gnu/nios2-elf/lib/libc.a(lib_a-locale.o)
                0x000000000800b82c                __locale_msgcharset
 .text.__locale_cjk_lang
                0x000000000800b838        0x8 /home/alpha/altera/15.1/nios2eds/bin/gnu/H-x86_64-pc-linux-gnu/bin/../lib/gcc/nios2-elf/4.9.2/../../../../../H-x86_64-pc-linux-gnu/nios2-elf/lib/libc.a(lib_a-locale.o)
                0x000000000800b838                __locale_cjk_lang
 .text._localeconv_r
                0x000000000800b840        0xc /home/alpha/altera/15.1/nios2eds/bin/gnu/H-x86_64-pc-linux-gnu/bin/../lib/gcc/nios2-elf/4.9.2/../../../../../H-x86_64-pc-linux-gnu/nios2-elf/lib/libc.a(lib_a-locale.o)
                0x000000000800b840                _localeconv_r
 .text.setlocale
                0x000000000800b84c       0x1c /home/alpha/altera/15.1/nios2eds/bin/gnu/H-x86_64-pc-linux-gnu/bin/../lib/gcc/nios2-elf/4.9.2/../../../../../H-x86_64-pc-linux-gnu/nios2-elf/lib/libc.a(lib_a-locale.o)
                0x000000000800b84c                setlocale
 .text.localeconv
                0x000000000800b868        0xc /home/alpha/altera/15.1/nios2eds/bin/gnu/H-x86_64-pc-linux-gnu/bin/../lib/gcc/nios2-elf/4.9.2/../../../../../H-x86_64-pc-linux-gnu/nios2-elf/lib/libc.a(lib_a-locale.o)
                0x000000000800b868                localeconv
 .text          0x000000000800b874        0x0 /home/alpha/altera/15.1/nios2eds/bin/gnu/H-x86_64-pc-linux-gnu/bin/../lib/gcc/nios2-elf/4.9.2/../../../../../H-x86_64-pc-linux-gnu/nios2-elf/lib/libc.a(lib_a-makebuf.o)
 .text.__smakebuf_r
                0x000000000800b874      0x1b8 /home/alpha/altera/15.1/nios2eds/bin/gnu/H-x86_64-pc-linux-gnu/bin/../lib/gcc/nios2-elf/4.9.2/../../../../../H-x86_64-pc-linux-gnu/nios2-elf/lib/libc.a(lib_a-makebuf.o)
                0x000000000800b874                __smakebuf_r
 .text          0x000000000800ba2c        0x0 /home/alpha/altera/15.1/nios2eds/bin/gnu/H-x86_64-pc-linux-gnu/bin/../lib/gcc/nios2-elf/4.9.2/../../../../../H-x86_64-pc-linux-gnu/nios2-elf/lib/libc.a(lib_a-memchr.o)
 .text.memchr   0x000000000800ba2c       0xe8 /home/alpha/altera/15.1/nios2eds/bin/gnu/H-x86_64-pc-linux-gnu/bin/../lib/gcc/nios2-elf/4.9.2/../../../../../H-x86_64-pc-linux-gnu/nios2-elf/lib/libc.a(lib_a-memchr.o)
                0x000000000800ba2c                memchr
 .text          0x000000000800bb14        0x0 /home/alpha/altera/15.1/nios2eds/bin/gnu/H-x86_64-pc-linux-gnu/bin/../lib/gcc/nios2-elf/4.9.2/../../../../../H-x86_64-pc-linux-gnu/nios2-elf/lib/libc.a(lib_a-memcpy.o)
 .text.memcpy   0x000000000800bb14      0x138 /home/alpha/altera/15.1/nios2eds/bin/gnu/H-x86_64-pc-linux-gnu/bin/../lib/gcc/nios2-elf/4.9.2/../../../../../H-x86_64-pc-linux-gnu/nios2-elf/lib/libc.a(lib_a-memcpy.o)
                0x000000000800bb14                memcpy
 .text          0x000000000800bc4c        0x0 /home/alpha/altera/15.1/nios2eds/bin/gnu/H-x86_64-pc-linux-gnu/bin/../lib/gcc/nios2-elf/4.9.2/../../../../../H-x86_64-pc-linux-gnu/nios2-elf/lib/libc.a(lib_a-memmove.o)
 .text.memmove  0x000000000800bc4c      0x15c /home/alpha/altera/15.1/nios2eds/bin/gnu/H-x86_64-pc-linux-gnu/bin/../lib/gcc/nios2-elf/4.9.2/../../../../../H-x86_64-pc-linux-gnu/nios2-elf/lib/libc.a(lib_a-memmove.o)
                0x000000000800bc4c                memmove
 .text          0x000000000800bda8        0x0 /home/alpha/altera/15.1/nios2eds/bin/gnu/H-x86_64-pc-linux-gnu/bin/../lib/gcc/nios2-elf/4.9.2/../../../../../H-x86_64-pc-linux-gnu/nios2-elf/lib/libc.a(lib_a-mprec.o)
 .text._Balloc  0x000000000800bda8       0xa8 /home/alpha/altera/15.1/nios2eds/bin/gnu/H-x86_64-pc-linux-gnu/bin/../lib/gcc/nios2-elf/4.9.2/../../../../../H-x86_64-pc-linux-gnu/nios2-elf/lib/libc.a(lib_a-mprec.o)
                0x000000000800bda8                _Balloc
 .text._Bfree   0x000000000800be50       0x28 /home/alpha/altera/15.1/nios2eds/bin/gnu/H-x86_64-pc-linux-gnu/bin/../lib/gcc/nios2-elf/4.9.2/../../../../../H-x86_64-pc-linux-gnu/nios2-elf/lib/libc.a(lib_a-mprec.o)
                0x000000000800be50                _Bfree
 .text.__multadd
                0x000000000800be78      0x120 /home/alpha/altera/15.1/nios2eds/bin/gnu/H-x86_64-pc-linux-gnu/bin/../lib/gcc/nios2-elf/4.9.2/../../../../../H-x86_64-pc-linux-gnu/nios2-elf/lib/libc.a(lib_a-mprec.o)
                0x000000000800be78                __multadd
 .text.__s2b    0x000000000800bf98      0x104 /home/alpha/altera/15.1/nios2eds/bin/gnu/H-x86_64-pc-linux-gnu/bin/../lib/gcc/nios2-elf/4.9.2/../../../../../H-x86_64-pc-linux-gnu/nios2-elf/lib/libc.a(lib_a-mprec.o)
                0x000000000800bf98                __s2b
 .text.__hi0bits
                0x000000000800c09c       0x68 /home/alpha/altera/15.1/nios2eds/bin/gnu/H-x86_64-pc-linux-gnu/bin/../lib/gcc/nios2-elf/4.9.2/../../../../../H-x86_64-pc-linux-gnu/nios2-elf/lib/libc.a(lib_a-mprec.o)
                0x000000000800c09c                __hi0bits
 .text.__lo0bits
                0x000000000800c104       0xb0 /home/alpha/altera/15.1/nios2eds/bin/gnu/H-x86_64-pc-linux-gnu/bin/../lib/gcc/nios2-elf/4.9.2/../../../../../H-x86_64-pc-linux-gnu/nios2-elf/lib/libc.a(lib_a-mprec.o)
                0x000000000800c104                __lo0bits
 .text.__i2b    0x000000000800c1b4       0x3c /home/alpha/altera/15.1/nios2eds/bin/gnu/H-x86_64-pc-linux-gnu/bin/../lib/gcc/nios2-elf/4.9.2/../../../../../H-x86_64-pc-linux-gnu/nios2-elf/lib/libc.a(lib_a-mprec.o)
                0x000000000800c1b4                __i2b
 .text.__multiply
                0x000000000800c1f0      0x1fc /home/alpha/altera/15.1/nios2eds/bin/gnu/H-x86_64-pc-linux-gnu/bin/../lib/gcc/nios2-elf/4.9.2/../../../../../H-x86_64-pc-linux-gnu/nios2-elf/lib/libc.a(lib_a-mprec.o)
                0x000000000800c1f0                __multiply
 .text.__pow5mult
                0x000000000800c3ec      0x140 /home/alpha/altera/15.1/nios2eds/bin/gnu/H-x86_64-pc-linux-gnu/bin/../lib/gcc/nios2-elf/4.9.2/../../../../../H-x86_64-pc-linux-gnu/nios2-elf/lib/libc.a(lib_a-mprec.o)
                0x000000000800c3ec                __pow5mult
 .text.__lshift
                0x000000000800c52c      0x150 /home/alpha/altera/15.1/nios2eds/bin/gnu/H-x86_64-pc-linux-gnu/bin/../lib/gcc/nios2-elf/4.9.2/../../../../../H-x86_64-pc-linux-gnu/nios2-elf/lib/libc.a(lib_a-mprec.o)
                0x000000000800c52c                __lshift
 .text.__mcmp   0x000000000800c67c       0x60 /home/alpha/altera/15.1/nios2eds/bin/gnu/H-x86_64-pc-linux-gnu/bin/../lib/gcc/nios2-elf/4.9.2/../../../../../H-x86_64-pc-linux-gnu/nios2-elf/lib/libc.a(lib_a-mprec.o)
                0x000000000800c67c                __mcmp
 .text.__mdiff  0x000000000800c6dc      0x198 /home/alpha/altera/15.1/nios2eds/bin/gnu/H-x86_64-pc-linux-gnu/bin/../lib/gcc/nios2-elf/4.9.2/../../../../../H-x86_64-pc-linux-gnu/nios2-elf/lib/libc.a(lib_a-mprec.o)
                0x000000000800c6dc                __mdiff
 .text.__ulp    0x000000000800c874       0x60 /home/alpha/altera/15.1/nios2eds/bin/gnu/H-x86_64-pc-linux-gnu/bin/../lib/gcc/nios2-elf/4.9.2/../../../../../H-x86_64-pc-linux-gnu/nios2-elf/lib/libc.a(lib_a-mprec.o)
                0x000000000800c874                __ulp
 .text.__b2d    0x000000000800c8d4      0x11c /home/alpha/altera/15.1/nios2eds/bin/gnu/H-x86_64-pc-linux-gnu/bin/../lib/gcc/nios2-elf/4.9.2/../../../../../H-x86_64-pc-linux-gnu/nios2-elf/lib/libc.a(lib_a-mprec.o)
                0x000000000800c8d4                __b2d
 .text.__d2b    0x000000000800c9f0      0x13c /home/alpha/altera/15.1/nios2eds/bin/gnu/H-x86_64-pc-linux-gnu/bin/../lib/gcc/nios2-elf/4.9.2/../../../../../H-x86_64-pc-linux-gnu/nios2-elf/lib/libc.a(lib_a-mprec.o)
                0x000000000800c9f0                __d2b
 .text.__ratio  0x000000000800cb2c       0xa4 /home/alpha/altera/15.1/nios2eds/bin/gnu/H-x86_64-pc-linux-gnu/bin/../lib/gcc/nios2-elf/4.9.2/../../../../../H-x86_64-pc-linux-gnu/nios2-elf/lib/libc.a(lib_a-mprec.o)
                0x000000000800cb2c                __ratio
 .text._mprec_log10
                0x000000000800cbd0       0x74 /home/alpha/altera/15.1/nios2eds/bin/gnu/H-x86_64-pc-linux-gnu/bin/../lib/gcc/nios2-elf/4.9.2/../../../../../H-x86_64-pc-linux-gnu/nios2-elf/lib/libc.a(lib_a-mprec.o)
                0x000000000800cbd0                _mprec_log10
 .text.__copybits
                0x000000000800cc44       0x78 /home/alpha/altera/15.1/nios2eds/bin/gnu/H-x86_64-pc-linux-gnu/bin/../lib/gcc/nios2-elf/4.9.2/../../../../../H-x86_64-pc-linux-gnu/nios2-elf/lib/libc.a(lib_a-mprec.o)
                0x000000000800cc44                __copybits
 .text.__any_on
                0x000000000800ccbc       0x8c /home/alpha/altera/15.1/nios2eds/bin/gnu/H-x86_64-pc-linux-gnu/bin/../lib/gcc/nios2-elf/4.9.2/../../../../../H-x86_64-pc-linux-gnu/nios2-elf/lib/libc.a(lib_a-mprec.o)
                0x000000000800ccbc                __any_on
 .text          0x000000000800cd48        0x0 /home/alpha/altera/15.1/nios2eds/bin/gnu/H-x86_64-pc-linux-gnu/bin/../lib/gcc/nios2-elf/4.9.2/../../../../../H-x86_64-pc-linux-gnu/nios2-elf/lib/libc.a(lib_a-reallocr.o)
 .text._realloc_r
                0x000000000800cd48      0x568 /home/alpha/altera/15.1/nios2eds/bin/gnu/H-x86_64-pc-linux-gnu/bin/../lib/gcc/nios2-elf/4.9.2/../../../../../H-x86_64-pc-linux-gnu/nios2-elf/lib/libc.a(lib_a-reallocr.o)
                0x000000000800cd48                _realloc_r
 .text          0x000000000800d2b0        0x0 /home/alpha/altera/15.1/nios2eds/bin/gnu/H-x86_64-pc-linux-gnu/bin/../lib/gcc/nios2-elf/4.9.2/../../../../../H-x86_64-pc-linux-gnu/nios2-elf/lib/libc.a(lib_a-s_fpclassify.o)
 .text.__fpclassifyd
                0x000000000800d2b0       0x74 /home/alpha/altera/15.1/nios2eds/bin/gnu/H-x86_64-pc-linux-gnu/bin/../lib/gcc/nios2-elf/4.9.2/../../../../../H-x86_64-pc-linux-gnu/nios2-elf/lib/libc.a(lib_a-s_fpclassify.o)
                0x000000000800d2b0                __fpclassifyd
 .text          0x000000000800d324        0x0 /home/alpha/altera/15.1/nios2eds/bin/gnu/H-x86_64-pc-linux-gnu/bin/../lib/gcc/nios2-elf/4.9.2/../../../../../H-x86_64-pc-linux-gnu/nios2-elf/lib/libc.a(lib_a-stdio.o)
 .text.__sread  0x000000000800d324       0x54 /home/alpha/altera/15.1/nios2eds/bin/gnu/H-x86_64-pc-linux-gnu/bin/../lib/gcc/nios2-elf/4.9.2/../../../../../H-x86_64-pc-linux-gnu/nios2-elf/lib/libc.a(lib_a-stdio.o)
                0x000000000800d324                __sread
 .text.__seofread
                0x000000000800d378        0x8 /home/alpha/altera/15.1/nios2eds/bin/gnu/H-x86_64-pc-linux-gnu/bin/../lib/gcc/nios2-elf/4.9.2/../../../../../H-x86_64-pc-linux-gnu/nios2-elf/lib/libc.a(lib_a-stdio.o)
                0x000000000800d378                __seofread
 .text.__swrite
                0x000000000800d380       0x7c /home/alpha/altera/15.1/nios2eds/bin/gnu/H-x86_64-pc-linux-gnu/bin/../lib/gcc/nios2-elf/4.9.2/../../../../../H-x86_64-pc-linux-gnu/nios2-elf/lib/libc.a(lib_a-stdio.o)
                0x000000000800d380                __swrite
 .text.__sseek  0x000000000800d3fc       0x5c /home/alpha/altera/15.1/nios2eds/bin/gnu/H-x86_64-pc-linux-gnu/bin/../lib/gcc/nios2-elf/4.9.2/../../../../../H-x86_64-pc-linux-gnu/nios2-elf/lib/libc.a(lib_a-stdio.o)
                0x000000000800d3fc                __sseek
 .text.__sclose
                0x000000000800d458        0x8 /home/alpha/altera/15.1/nios2eds/bin/gnu/H-x86_64-pc-linux-gnu/bin/../lib/gcc/nios2-elf/4.9.2/../../../../../H-x86_64-pc-linux-gnu/nios2-elf/lib/libc.a(lib_a-stdio.o)
                0x000000000800d458                __sclose
 .text          0x000000000800d460        0x0 /home/alpha/altera/15.1/nios2eds/bin/gnu/H-x86_64-pc-linux-gnu/bin/../lib/gcc/nios2-elf/4.9.2/../../../../../H-x86_64-pc-linux-gnu/nios2-elf/lib/libc.a(lib_a-svfiprintf.o)
 .text.__ssprint_r
                0x000000000800d460      0x1cc /home/alpha/altera/15.1/nios2eds/bin/gnu/H-x86_64-pc-linux-gnu/bin/../lib/gcc/nios2-elf/4.9.2/../../../../../H-x86_64-pc-linux-gnu/nios2-elf/lib/libc.a(lib_a-svfiprintf.o)
                0x000000000800d460                __ssprint_r
 .text.___svfiprintf_internal_r
                0x000000000800d62c     0x1038 /home/alpha/altera/15.1/nios2eds/bin/gnu/H-x86_64-pc-linux-gnu/bin/../lib/gcc/nios2-elf/4.9.2/../../../../../H-x86_64-pc-linux-gnu/nios2-elf/lib/libc.a(lib_a-svfiprintf.o)
                0x000000000800d62c                ___svfiprintf_internal_r
 .text          0x000000000800e664        0x0 /home/alpha/altera/15.1/nios2eds/bin/gnu/H-x86_64-pc-linux-gnu/bin/../lib/gcc/nios2-elf/4.9.2/../../../../../H-x86_64-pc-linux-gnu/nios2-elf/lib/libc.a(lib_a-vfiprintf.o)
 .text.__sprint_r.part.0
                0x000000000800e664       0xfc /home/alpha/altera/15.1/nios2eds/bin/gnu/H-x86_64-pc-linux-gnu/bin/../lib/gcc/nios2-elf/4.9.2/../../../../../H-x86_64-pc-linux-gnu/nios2-elf/lib/libc.a(lib_a-vfiprintf.o)
 .text.__sprint_r
                0x000000000800e760       0x18 /home/alpha/altera/15.1/nios2eds/bin/gnu/H-x86_64-pc-linux-gnu/bin/../lib/gcc/nios2-elf/4.9.2/../../../../../H-x86_64-pc-linux-gnu/nios2-elf/lib/libc.a(lib_a-vfiprintf.o)
                0x000000000800e760                __sprint_r
 .text.___vfiprintf_internal_r
                0x000000000800e778     0x12d0 /home/alpha/altera/15.1/nios2eds/bin/gnu/H-x86_64-pc-linux-gnu/bin/../lib/gcc/nios2-elf/4.9.2/../../../../../H-x86_64-pc-linux-gnu/nios2-elf/lib/libc.a(lib_a-vfiprintf.o)
                0x000000000800e778                ___vfiprintf_internal_r
 .text.__vfiprintf_internal
                0x000000000800fa48       0x24 /home/alpha/altera/15.1/nios2eds/bin/gnu/H-x86_64-pc-linux-gnu/bin/../lib/gcc/nios2-elf/4.9.2/../../../../../H-x86_64-pc-linux-gnu/nios2-elf/lib/libc.a(lib_a-vfiprintf.o)
                0x000000000800fa48                __vfiprintf_internal
 .text.__sbprintf
                0x000000000800fa6c       0xbc /home/alpha/altera/15.1/nios2eds/bin/gnu/H-x86_64-pc-linux-gnu/bin/../lib/gcc/nios2-elf/4.9.2/../../../../../H-x86_64-pc-linux-gnu/nios2-elf/lib/libc.a(lib_a-vfiprintf.o)
 .text          0x000000000800fb28        0x0 /home/alpha/altera/15.1/nios2eds/bin/gnu/H-x86_64-pc-linux-gnu/bin/../lib/gcc/nios2-elf/4.9.2/../../../../../H-x86_64-pc-linux-gnu/nios2-elf/lib/libc.a(lib_a-writer.o)
 .text._write_r
                0x000000000800fb28       0x5c /home/alpha/altera/15.1/nios2eds/bin/gnu/H-x86_64-pc-linux-gnu/bin/../lib/gcc/nios2-elf/4.9.2/../../../../../H-x86_64-pc-linux-gnu/nios2-elf/lib/libc.a(lib_a-writer.o)
                0x000000000800fb28                _write_r
 .text          0x000000000800fb84        0x0 /home/alpha/altera/15.1/nios2eds/bin/gnu/H-x86_64-pc-linux-gnu/bin/../lib/gcc/nios2-elf/4.9.2/../../../../../H-x86_64-pc-linux-gnu/nios2-elf/lib/libc.a(closer.o)
 .text._close_r
                0x000000000800fb84       0x54 /home/alpha/altera/15.1/nios2eds/bin/gnu/H-x86_64-pc-linux-gnu/bin/../lib/gcc/nios2-elf/4.9.2/../../../../../H-x86_64-pc-linux-gnu/nios2-elf/lib/libc.a(closer.o)
                0x000000000800fb84                _close_r
 .text          0x000000000800fbd8        0x0 /home/alpha/altera/15.1/nios2eds/bin/gnu/H-x86_64-pc-linux-gnu/bin/../lib/gcc/nios2-elf/4.9.2/../../../../../H-x86_64-pc-linux-gnu/nios2-elf/lib/libc.a(lib_a-callocr.o)
 .text._calloc_r
                0x000000000800fbd8       0xc4 /home/alpha/altera/15.1/nios2eds/bin/gnu/H-x86_64-pc-linux-gnu/bin/../lib/gcc/nios2-elf/4.9.2/../../../../../H-x86_64-pc-linux-gnu/nios2-elf/lib/libc.a(lib_a-callocr.o)
                0x000000000800fbd8                _calloc_r
 .text          0x000000000800fc9c        0x0 /home/alpha/altera/15.1/nios2eds/bin/gnu/H-x86_64-pc-linux-gnu/bin/../lib/gcc/nios2-elf/4.9.2/../../../../../H-x86_64-pc-linux-gnu/nios2-elf/lib/libc.a(lib_a-fclose.o)
 .text._fclose_r
                0x000000000800fc9c       0xf0 /home/alpha/altera/15.1/nios2eds/bin/gnu/H-x86_64-pc-linux-gnu/bin/../lib/gcc/nios2-elf/4.9.2/../../../../../H-x86_64-pc-linux-gnu/nios2-elf/lib/libc.a(lib_a-fclose.o)
                0x000000000800fc9c                _fclose_r
 .text.fclose   0x000000000800fd8c       0x14 /home/alpha/altera/15.1/nios2eds/bin/gnu/H-x86_64-pc-linux-gnu/bin/../lib/gcc/nios2-elf/4.9.2/../../../../../H-x86_64-pc-linux-gnu/nios2-elf/lib/libc.a(lib_a-fclose.o)
                0x000000000800fd8c                fclose
 .text          0x000000000800fda0        0x0 /home/alpha/altera/15.1/nios2eds/bin/gnu/H-x86_64-pc-linux-gnu/bin/../lib/gcc/nios2-elf/4.9.2/../../../../../H-x86_64-pc-linux-gnu/nios2-elf/lib/libc.a(lib_a-fputwc.o)
 .text._fputwc_r
                0x000000000800fda0      0x184 /home/alpha/altera/15.1/nios2eds/bin/gnu/H-x86_64-pc-linux-gnu/bin/../lib/gcc/nios2-elf/4.9.2/../../../../../H-x86_64-pc-linux-gnu/nios2-elf/lib/libc.a(lib_a-fputwc.o)
                0x000000000800fda0                _fputwc_r
 .text.fputwc   0x000000000800ff24       0x5c /home/alpha/altera/15.1/nios2eds/bin/gnu/H-x86_64-pc-linux-gnu/bin/../lib/gcc/nios2-elf/4.9.2/../../../../../H-x86_64-pc-linux-gnu/nios2-elf/lib/libc.a(lib_a-fputwc.o)
                0x000000000800ff24                fputwc
 .text          0x000000000800ff80        0x0 /home/alpha/altera/15.1/nios2eds/bin/gnu/H-x86_64-pc-linux-gnu/bin/../lib/gcc/nios2-elf/4.9.2/../../../../../H-x86_64-pc-linux-gnu/nios2-elf/lib/libc.a(lib_a-fstatr.o)
 .text._fstat_r
                0x000000000800ff80       0x58 /home/alpha/altera/15.1/nios2eds/bin/gnu/H-x86_64-pc-linux-gnu/bin/../lib/gcc/nios2-elf/4.9.2/../../../../../H-x86_64-pc-linux-gnu/nios2-elf/lib/libc.a(lib_a-fstatr.o)
                0x000000000800ff80                _fstat_r
 .text          0x000000000800ffd8        0x0 /home/alpha/altera/15.1/nios2eds/bin/gnu/H-x86_64-pc-linux-gnu/bin/../lib/gcc/nios2-elf/4.9.2/../../../../../H-x86_64-pc-linux-gnu/nios2-elf/lib/libc.a(lib_a-isattyr.o)
 .text._isatty_r
                0x000000000800ffd8       0x54 /home/alpha/altera/15.1/nios2eds/bin/gnu/H-x86_64-pc-linux-gnu/bin/../lib/gcc/nios2-elf/4.9.2/../../../../../H-x86_64-pc-linux-gnu/nios2-elf/lib/libc.a(lib_a-isattyr.o)
                0x000000000800ffd8                _isatty_r
 .text          0x000000000801002c        0x0 /home/alpha/altera/15.1/nios2eds/bin/gnu/H-x86_64-pc-linux-gnu/bin/../lib/gcc/nios2-elf/4.9.2/../../../../../H-x86_64-pc-linux-gnu/nios2-elf/lib/libc.a(lib_a-lseekr.o)
 .text._lseek_r
                0x000000000801002c       0x5c /home/alpha/altera/15.1/nios2eds/bin/gnu/H-x86_64-pc-linux-gnu/bin/../lib/gcc/nios2-elf/4.9.2/../../../../../H-x86_64-pc-linux-gnu/nios2-elf/lib/libc.a(lib_a-lseekr.o)
                0x000000000801002c                _lseek_r
 .text          0x0000000008010088        0x0 /home/alpha/altera/15.1/nios2eds/bin/gnu/H-x86_64-pc-linux-gnu/bin/../lib/gcc/nios2-elf/4.9.2/../../../../../H-x86_64-pc-linux-gnu/nios2-elf/lib/libc.a(lib_a-readr.o)
 .text._read_r  0x0000000008010088       0x5c /home/alpha/altera/15.1/nios2eds/bin/gnu/H-x86_64-pc-linux-gnu/bin/../lib/gcc/nios2-elf/4.9.2/../../../../../H-x86_64-pc-linux-gnu/nios2-elf/lib/libc.a(lib_a-readr.o)
                0x0000000008010088                _read_r
 .text          0x00000000080100e4        0x0 /home/alpha/altera/15.1/nios2eds/bin/gnu/H-x86_64-pc-linux-gnu/bin/../lib/gcc/nios2-elf/4.9.2/../../../../../H-x86_64-pc-linux-gnu/nios2-elf/lib/libc.a(lib_a-wbuf.o)
 .text.__swbuf_r
                0x00000000080100e4      0x138 /home/alpha/altera/15.1/nios2eds/bin/gnu/H-x86_64-pc-linux-gnu/bin/../lib/gcc/nios2-elf/4.9.2/../../../../../H-x86_64-pc-linux-gnu/nios2-elf/lib/libc.a(lib_a-wbuf.o)
                0x00000000080100e4                __swbuf_r
 .text.__swbuf  0x000000000801021c       0x1c /home/alpha/altera/15.1/nios2eds/bin/gnu/H-x86_64-pc-linux-gnu/bin/../lib/gcc/nios2-elf/4.9.2/../../../../../H-x86_64-pc-linux-gnu/nios2-elf/lib/libc.a(lib_a-wbuf.o)
                0x000000000801021c                __swbuf
 .text          0x0000000008010238        0x0 /home/alpha/altera/15.1/nios2eds/bin/gnu/H-x86_64-pc-linux-gnu/bin/../lib/gcc/nios2-elf/4.9.2/../../../../../H-x86_64-pc-linux-gnu/nios2-elf/lib/libc.a(lib_a-wcrtomb.o)
 .text._wcrtomb_r
                0x0000000008010238       0x9c /home/alpha/altera/15.1/nios2eds/bin/gnu/H-x86_64-pc-linux-gnu/bin/../lib/gcc/nios2-elf/4.9.2/../../../../../H-x86_64-pc-linux-gnu/nios2-elf/lib/libc.a(lib_a-wcrtomb.o)
                0x0000000008010238                _wcrtomb_r
 .text.wcrtomb  0x00000000080102d4       0xc0 /home/alpha/altera/15.1/nios2eds/bin/gnu/H-x86_64-pc-linux-gnu/bin/../lib/gcc/nios2-elf/4.9.2/../../../../../H-x86_64-pc-linux-gnu/nios2-elf/lib/libc.a(lib_a-wcrtomb.o)
                0x00000000080102d4                wcrtomb
 .text          0x0000000008010394        0x0 /home/alpha/altera/15.1/nios2eds/bin/gnu/H-x86_64-pc-linux-gnu/bin/../lib/gcc/nios2-elf/4.9.2/../../../../../H-x86_64-pc-linux-gnu/nios2-elf/lib/libc.a(lib_a-wctomb_r.o)
 .text.__ascii_wctomb
                0x0000000008010394       0x30 /home/alpha/altera/15.1/nios2eds/bin/gnu/H-x86_64-pc-linux-gnu/bin/../lib/gcc/nios2-elf/4.9.2/../../../../../H-x86_64-pc-linux-gnu/nios2-elf/lib/libc.a(lib_a-wctomb_r.o)
                0x0000000008010394                __ascii_wctomb
 .text._wctomb_r
                0x00000000080103c4       0x5c /home/alpha/altera/15.1/nios2eds/bin/gnu/H-x86_64-pc-linux-gnu/bin/../lib/gcc/nios2-elf/4.9.2/../../../../../H-x86_64-pc-linux-gnu/nios2-elf/lib/libc.a(lib_a-wctomb_r.o)
                0x00000000080103c4                _wctomb_r
 .text          0x0000000008010420      0x5c0 /home/alpha/altera/15.1/nios2eds/bin/gnu/H-x86_64-pc-linux-gnu/bin/../lib/gcc/nios2-elf/4.9.2/libgcc.a(_udivdi3.o)
                0x0000000008010420                __udivdi3
 .text          0x00000000080109e0      0x590 /home/alpha/altera/15.1/nios2eds/bin/gnu/H-x86_64-pc-linux-gnu/bin/../lib/gcc/nios2-elf/4.9.2/libgcc.a(_umoddi3.o)
                0x00000000080109e0                __umoddi3
 .text          0x0000000008010f70      0x89c /home/alpha/altera/15.1/nios2eds/bin/gnu/H-x86_64-pc-linux-gnu/bin/../lib/gcc/nios2-elf/4.9.2/libgcc.a(adddf3.o)
                0x0000000008010f70                __adddf3
 .text          0x000000000801180c      0x8cc /home/alpha/altera/15.1/nios2eds/bin/gnu/H-x86_64-pc-linux-gnu/bin/../lib/gcc/nios2-elf/4.9.2/libgcc.a(divdf3.o)
                0x000000000801180c                __divdf3
 .text          0x00000000080120d8       0x84 /home/alpha/altera/15.1/nios2eds/bin/gnu/H-x86_64-pc-linux-gnu/bin/../lib/gcc/nios2-elf/4.9.2/libgcc.a(eqdf2.o)
                0x00000000080120d8                __eqdf2
                0x00000000080120d8                __nedf2
 .text          0x000000000801215c       0xe0 /home/alpha/altera/15.1/nios2eds/bin/gnu/H-x86_64-pc-linux-gnu/bin/../lib/gcc/nios2-elf/4.9.2/libgcc.a(gedf2.o)
                0x000000000801215c                __gtdf2
                0x000000000801215c                __gedf2
 .text          0x000000000801223c       0xe0 /home/alpha/altera/15.1/nios2eds/bin/gnu/H-x86_64-pc-linux-gnu/bin/../lib/gcc/nios2-elf/4.9.2/libgcc.a(ledf2.o)
                0x000000000801223c                __ltdf2
                0x000000000801223c                __ledf2
 .text          0x000000000801231c      0x724 /home/alpha/altera/15.1/nios2eds/bin/gnu/H-x86_64-pc-linux-gnu/bin/../lib/gcc/nios2-elf/4.9.2/libgcc.a(muldf3.o)
                0x000000000801231c                __muldf3
 .text          0x0000000008012a40      0x8d0 /home/alpha/altera/15.1/nios2eds/bin/gnu/H-x86_64-pc-linux-gnu/bin/../lib/gcc/nios2-elf/4.9.2/libgcc.a(subdf3.o)
                0x0000000008012a40                __subdf3
 .text          0x0000000008013310       0x88 /home/alpha/altera/15.1/nios2eds/bin/gnu/H-x86_64-pc-linux-gnu/bin/../lib/gcc/nios2-elf/4.9.2/libgcc.a(fixdfsi.o)
                0x0000000008013310                __fixdfsi
 .text          0x0000000008013398       0xd0 /home/alpha/altera/15.1/nios2eds/bin/gnu/H-x86_64-pc-linux-gnu/bin/../lib/gcc/nios2-elf/4.9.2/libgcc.a(floatsidf.o)
                0x0000000008013398                __floatsidf
 .text          0x0000000008013468       0xa4 /home/alpha/altera/15.1/nios2eds/bin/gnu/H-x86_64-pc-linux-gnu/bin/../lib/gcc/nios2-elf/4.9.2/libgcc.a(floatunsidf.o)
                0x0000000008013468                __floatunsidf
 .text          0x000000000801350c        0x0 /home/alpha/altera/15.1/nios2eds/bin/gnu/H-x86_64-pc-linux-gnu/bin/../lib/gcc/nios2-elf/4.9.2/libgcc.a(_clz.o)
 .text          0x000000000801350c       0x64 /home/alpha/altera/15.1/nios2eds/bin/gnu/H-x86_64-pc-linux-gnu/bin/../lib/gcc/nios2-elf/4.9.2/libgcc.a(_clzsi2.o)
                0x000000000801350c                __clzsi2
 .text          0x0000000008013570      0x120 ../recorder_nios_bsp//libucosii_bsp.a(alt_close.o)
                0x00000000080135c0                close
 .text          0x0000000008013690       0x2c ../recorder_nios_bsp//libucosii_bsp.a(alt_dev.o)
 .text          0x00000000080136bc        0x0 ../recorder_nios_bsp//libucosii_bsp.a(alt_errno.o)
 .text          0x00000000080136bc       0x3c ../recorder_nios_bsp//libucosii_bsp.a(alt_exit.o)
                0x00000000080136bc                _exit
 .text          0x00000000080136f8      0x100 ../recorder_nios_bsp//libucosii_bsp.a(alt_fstat.o)
                0x0000000008013748                fstat
 .text          0x00000000080137f8       0x20 ../recorder_nios_bsp//libucosii_bsp.a(alt_getpid.o)
                0x00000000080137f8                getpid
 .text          0x0000000008013818      0x1b0 ../recorder_nios_bsp//libucosii_bsp.a(alt_irq_register.o)
                0x0000000008013818                alt_irq_register
 .text          0x00000000080139c8        0x0 ../recorder_nios_bsp//libucosii_bsp.a(alt_irq_vars.o)
 .text          0x00000000080139c8       0xf4 ../recorder_nios_bsp//libucosii_bsp.a(alt_isatty.o)
                0x0000000008013a18                isatty
 .text          0x0000000008013abc      0x180 ../recorder_nios_bsp//libucosii_bsp.a(alt_kill.o)
                0x0000000008013b0c                kill
 .text          0x0000000008013c3c       0xe4 ../recorder_nios_bsp//libucosii_bsp.a(alt_load.o)
                0x0000000008013ca0                alt_load
 .text          0x0000000008013d20      0x124 ../recorder_nios_bsp//libucosii_bsp.a(alt_lseek.o)
                0x0000000008013d70                lseek
 .text          0x0000000008013e44       0xd4 ../recorder_nios_bsp//libucosii_bsp.a(alt_main.o)
                0x0000000008013e44                alt_main
 .text          0x0000000008013f18      0x14c ../recorder_nios_bsp//libucosii_bsp.a(alt_read.o)
                0x0000000008013f68                read
 .text          0x0000000008014064       0x60 ../recorder_nios_bsp//libucosii_bsp.a(alt_release_fd.o)
                0x0000000008014064                alt_release_fd
 .text          0x00000000080140c4       0xb0 ../recorder_nios_bsp//libucosii_bsp.a(alt_sbrk.o)
                0x00000000080140c4                sbrk
 .text          0x0000000008014174      0x148 ../recorder_nios_bsp//libucosii_bsp.a(alt_write.o)
                0x00000000080141c4                write
 .text          0x00000000080142bc      0x11c ../recorder_nios_bsp//libucosii_bsp.a(alt_env_lock.o)
                0x00000000080142bc                __env_lock
                0x000000000801437c                __env_unlock
 .text          0x00000000080143d8      0x1f0 ../recorder_nios_bsp//libucosii_bsp.a(alt_malloc_lock.o)
                0x00000000080143d8                __malloc_lock
                0x00000000080144f8                __malloc_unlock
 .text          0x00000000080145c8     0x1fe0 ../recorder_nios_bsp//libucosii_bsp.a(os_core.o)
                0x00000000080145c8                OSEventNameGet
                0x00000000080146e8                OSEventNameSet
                0x0000000008014824                OSEventPendMulti
                0x0000000008014e34                OSInit
                0x0000000008014e88                OSIntEnter
                0x0000000008014f04                OSIntExit
                0x0000000008014ff8                OSSchedLock
                0x0000000008015080                OSSchedUnlock
                0x0000000008015158                OSStart
                0x00000000080151c4                OSStatInit
                0x0000000008015270                OSTimeTick
                0x000000000801548c                OSVersion
                0x00000000080154ac                OS_Dummy
                0x00000000080154c8                OS_EventTaskRdy
                0x0000000008015660                OS_EventTaskWait
                0x000000000801576c                OS_EventTaskWaitMulti
                0x00000000080158b8                OS_EventTaskRemove
                0x000000000801596c                OS_EventTaskRemoveMulti
                0x0000000008015a68                OS_EventWaitListInit
                0x0000000008015e2c                OS_MemClr
                0x0000000008015e7c                OS_MemCopy
                0x0000000008015ee0                OS_Sched