Archive member included to satisfy reference by file (symbol)

/home/alpha/altera/15.1/nios2eds/bin/gnu/H-x86_64-pc-linux-gnu/bin/../lib/gcc/nios2-elf/4.9.2/../../../../../H-x86_64-pc-linux-gnu/nios2-elf/lib/libstdc++.a(class_type_info.o)
                              obj/default/LCD/Color.o (vtable for __cxxabiv1::__class_type_info)
/home/alpha/altera/15.1/nios2eds/bin/gnu/H-x86_64-pc-linux-gnu/bin/../lib/gcc/nios2-elf/4.9.2/../../../../../H-x86_64-pc-linux-gnu/nios2-elf/lib/libstdc++.a(del_op.o)
                              obj/default/LCD/Color.o (operator delete(void*))
/home/alpha/altera/15.1/nios2eds/bin/gnu/H-x86_64-pc-linux-gnu/bin/../lib/gcc/nios2-elf/4.9.2/../../../../../H-x86_64-pc-linux-gnu/nios2-elf/lib/libstdc++.a(si_class_type_info.o)
                              /home/alpha/altera/15.1/nios2eds/bin/gnu/H-x86_64-pc-linux-gnu/bin/../lib/gcc/nios2-elf/4.9.2/../../../../../H-x86_64-pc-linux-gnu/nios2-elf/lib/libstdc++.a(class_type_info.o) (vtable for __cxxabiv1::__si_class_type_info)
/home/alpha/altera/15.1/nios2eds/bin/gnu/H-x86_64-pc-linux-gnu/bin/../lib/gcc/nios2-elf/4.9.2/../../../../../H-x86_64-pc-linux-gnu/nios2-elf/lib/libstdc++.a(tinfo.o)
                              /home/alpha/altera/15.1/nios2eds/bin/gnu/H-x86_64-pc-linux-gnu/bin/../lib/gcc/nios2-elf/4.9.2/../../../../../H-x86_64-pc-linux-gnu/nios2-elf/lib/libstdc++.a(class_type_info.o) (std::type_info::~type_info())
/home/alpha/altera/15.1/nios2eds/bin/gnu/H-x86_64-pc-linux-gnu/bin/../lib/gcc/nios2-elf/4.9.2/../../../../../H-x86_64-pc-linux-gnu/nios2-elf/lib/libc.a(lib_a-malloc.o)
                              /home/alpha/altera/15.1/nios2eds/bin/gnu/H-x86_64-pc-linux-gnu/bin/../lib/gcc/nios2-elf/4.9.2/../../../../../H-x86_64-pc-linux-gnu/nios2-elf/lib/libstdc++.a(del_op.o) (free)
/home/alpha/altera/15.1/nios2eds/bin/gnu/H-x86_64-pc-linux-gnu/bin/../lib/gcc/nios2-elf/4.9.2/../../../../../H-x86_64-pc-linux-gnu/nios2-elf/lib/libc.a(lib_a-mallocr.o)
                              /home/alpha/altera/15.1/nios2eds/bin/gnu/H-x86_64-pc-linux-gnu/bin/../lib/gcc/nios2-elf/4.9.2/../../../../../H-x86_64-pc-linux-gnu/nios2-elf/lib/libc.a(lib_a-malloc.o) (_malloc_r)
/home/alpha/altera/15.1/nios2eds/bin/gnu/H-x86_64-pc-linux-gnu/bin/../lib/gcc/nios2-elf/4.9.2/../../../../../H-x86_64-pc-linux-gnu/nios2-elf/lib/libc.a(lib_a-puts.o)
                              obj/default/main.o (puts)
/home/alpha/altera/15.1/nios2eds/bin/gnu/H-x86_64-pc-linux-gnu/bin/../lib/gcc/nios2-elf/4.9.2/../../../../../H-x86_64-pc-linux-gnu/nios2-elf/lib/libc.a(lib_a-sbrkr.o)
                              /home/alpha/altera/15.1/nios2eds/bin/gnu/H-x86_64-pc-linux-gnu/bin/../lib/gcc/nios2-elf/4.9.2/../../../../../H-x86_64-pc-linux-gnu/nios2-elf/lib/libc.a(lib_a-mallocr.o) (_sbrk_r)
/home/alpha/altera/15.1/nios2eds/bin/gnu/H-x86_64-pc-linux-gnu/bin/../lib/gcc/nios2-elf/4.9.2/../../../../../H-x86_64-pc-linux-gnu/nios2-elf/lib/libc.a(lib_a-strcmp.o)
                              /home/alpha/altera/15.1/nios2eds/bin/gnu/H-x86_64-pc-linux-gnu/bin/../lib/gcc/nios2-elf/4.9.2/../../../../../H-x86_64-pc-linux-gnu/nios2-elf/lib/libstdc++.a(class_type_info.o) (strcmp)
/home/alpha/altera/15.1/nios2eds/bin/gnu/H-x86_64-pc-linux-gnu/bin/../lib/gcc/nios2-elf/4.9.2/../../../../../H-x86_64-pc-linux-gnu/nios2-elf/lib/libc.a(lib_a-strlen.o)
                              /home/alpha/altera/15.1/nios2eds/bin/gnu/H-x86_64-pc-linux-gnu/bin/../lib/gcc/nios2-elf/4.9.2/../../../../../H-x86_64-pc-linux-gnu/nios2-elf/lib/libc.a(lib_a-puts.o) (strlen)
/home/alpha/altera/15.1/nios2eds/bin/gnu/H-x86_64-pc-linux-gnu/bin/../lib/gcc/nios2-elf/4.9.2/../../../../../H-x86_64-pc-linux-gnu/nios2-elf/lib/libc.a(lib_a-freer.o)
                              /home/alpha/altera/15.1/nios2eds/bin/gnu/H-x86_64-pc-linux-gnu/bin/../lib/gcc/nios2-elf/4.9.2/../../../../../H-x86_64-pc-linux-gnu/nios2-elf/lib/libc.a(lib_a-malloc.o) (_free_r)
/home/alpha/altera/15.1/nios2eds/bin/gnu/H-x86_64-pc-linux-gnu/bin/../lib/gcc/nios2-elf/4.9.2/../../../../../H-x86_64-pc-linux-gnu/nios2-elf/lib/libc.a(lib_a-fvwrite.o)
                              /home/alpha/altera/15.1/nios2eds/bin/gnu/H-x86_64-pc-linux-gnu/bin/../lib/gcc/nios2-elf/4.9.2/../../../../../H-x86_64-pc-linux-gnu/nios2-elf/lib/libc.a(lib_a-puts.o) (__sfvwrite_r)
/home/alpha/altera/15.1/nios2eds/bin/gnu/H-x86_64-pc-linux-gnu/bin/../lib/gcc/nios2-elf/4.9.2/../../../../../H-x86_64-pc-linux-gnu/nios2-elf/lib/libc.a(lib_a-impure.o)
                              /home/alpha/altera/15.1/nios2eds/bin/gnu/H-x86_64-pc-linux-gnu/bin/../lib/gcc/nios2-elf/4.9.2/../../../../../H-x86_64-pc-linux-gnu/nios2-elf/lib/libc.a(lib_a-malloc.o) (_impure_ptr)
/home/alpha/altera/15.1/nios2eds/bin/gnu/H-x86_64-pc-linux-gnu/bin/../lib/gcc/nios2-elf/4.9.2/../../../../../H-x86_64-pc-linux-gnu/nios2-elf/lib/libc.a(lib_a-int_errno.o)
[...]
Memory Configuration

Name             Origin             Length             Attributes
reset            0x0000000008000000 0x0000000000000020
sdram_controller 0x0000000008000020 0x0000000007ffffe0
onchip_memory2   0x0000000010220000 0x0000000000019000
*default*        0x0000000000000000 0xffffffffffffffff

Linker script and memory map

LOAD ../recorder_nios_bsp//obj/HAL/src/crt0.o
LOAD obj/default/LCD/font/arial18.o
LOAD obj/default/LCD/font/arial22.o
LOAD obj/default/LCD/font/arial40.o
LOAD obj/default/LCD/Color.o
LOAD obj/default/LCD/lcd_core.o
LOAD obj/default/audio/audio_core.o
LOAD obj/default/main.o
LOAD /home/alpha/altera/15.1/nios2eds/bin/gnu/H-x86_64-pc-linux-gnu/bin/../lib/gcc/nios2-elf/4.9.2/../../../../../H-x86_64-pc-linux-gnu/nios2-elf/lib/libstdc++.a
LOAD /home/alpha/altera/15.1/nios2eds/bin/gnu/H-x86_64-pc-linux-gnu/bin/../lib/gcc/nios2-elf/4.9.2/../../../../../H-x86_64-pc-linux-gnu/nios2-elf/lib/libm.a
LOAD /home/alpha/altera/15.1/nios2eds/bin/gnu/H-x86_64-pc-linux-gnu/bin/../lib/gcc/nios2-elf/4.9.2/libgcc.a
START GROUP
LOAD /home/alpha/altera/15.1/nios2eds/bin/gnu/H-x86_64-pc-linux-gnu/bin/../lib/gcc/nios2-elf/4.9.2/../../../../../H-x86_64-pc-linux-gnu/nios2-elf/lib/libc.a
LOAD /home/alpha/altera/15.1/nios2eds/bin/gnu/H-x86_64-pc-linux-gnu/bin/../lib/gcc/nios2-elf/4.9.2/libgcc.a
LOAD ../recorder_nios_bsp//libucosii_bsp.a
LOAD /home/alpha/altera/15.1/nios2eds/bin/gnu/H-x86_64-pc-linux-gnu/bin/../lib/gcc/nios2-elf/4.9.2/../../../../../H-x86_64-pc-linux-gnu/nios2-elf/lib/libm.a
END GROUP
LOAD /home/alpha/altera/15.1/nios2eds/bin/gnu/H-x86_64-pc-linux-gnu/bin/../lib/gcc/nios2-elf/4.9.2/libgcc.a
                0x0000000008000000                __alt_mem_sdram_controller = 0x8000000
                0x0000000010220000                __alt_mem_onchip_memory2 = 0x10220000

.entry          0x0000000008000000       0x20
 *(.entry)
 .entry         0x0000000008000000       0x20 ../recorder_nios_bsp//obj/HAL/src/crt0.o
                0x0000000008000000                __reset

.exceptions     0x0000000008000020      0x224
                0x0000000008000020                PROVIDE (__ram_exceptions_start, ABSOLUTE (.))
                0x0000000008000020                . = ALIGN (0x20)
 *(.irq)
 *(.exceptions.entry.label)
 .exceptions.entry.label
                0x0000000008000020        0x0 ../recorder_nios_bsp//libucosii_bsp.a(alt_irq_entry.o)
                0x0000000008000020                alt_irq_entry
 .exceptions.entry.label
                0x0000000008000020        0x0 ../recorder_nios_bsp//libucosii_bsp.a(alt_exception_entry.o)
                0x0000000008000020                alt_exception
 *(.exceptions.entry.user)
 *(.exceptions.entry.ecc_fatal)
 *(.exceptions.entry)
 .exceptions.entry
                0x0000000008000020       0x54 ../recorder_nios_bsp//libucosii_bsp.a(alt_exception_entry.o)
 *(.exceptions.irqtest.user)
 *(.exceptions.irqtest)
 .exceptions.irqtest
                0x0000000008000074       0x10 ../recorder_nios_bsp//libucosii_bsp.a(alt_irq_entry.o)
 *(.exceptions.irqhandler.user)
 *(.exceptions.irqhandler)
 .exceptions.irqhandler
                0x0000000008000084        0x4 ../recorder_nios_bsp//libucosii_bsp.a(alt_irq_entry.o)
 *(.exceptions.irqreturn.user)
 *(.exceptions.irqreturn)
 .exceptions.irqreturn
                0x0000000008000088        0x4 ../recorder_nios_bsp//libucosii_bsp.a(alt_irq_entry.o)
 *(.exceptions.notirq.label)
 .exceptions.notirq.label
                0x000000000800008c        0x0 ../recorder_nios_bsp//libucosii_bsp.a(alt_irq_entry.o)
 *(.exceptions.notirq.user)
 *(.exceptions.notirq)
 .exceptions.notirq
                0x000000000800008c        0x8 ../recorder_nios_bsp//libucosii_bsp.a(alt_exception_entry.o)
 *(.exceptions.soft.user)
 *(.exceptions.soft)
 *(.exceptions.unknown.user)
 *(.exceptions.unknown)
 .exceptions.unknown
                0x0000000008000094       0x14 ../recorder_nios_bsp//libucosii_bsp.a(alt_exception_entry.o)
 *(.exceptions.exit.label)
 .exceptions.exit.label
                0x00000000080000a8        0x0 ../recorder_nios_bsp//libucosii_bsp.a(alt_irq_entry.o)
 .exceptions.exit.label
                0x00000000080000a8        0x0 ../recorder_nios_bsp//libucosii_bsp.a(alt_exception_entry.o)
 *(.exceptions.exit.user)
 *(.exceptions.exit)
 .exceptions.exit
                0x00000000080000a8       0x54 ../recorder_nios_bsp//libucosii_bsp.a(alt_exception_entry.o)
 *(.exceptions)
 .exceptions    0x00000000080000fc       0xd4 ../recorder_nios_bsp//libucosii_bsp.a(alt_irq_handler.o)
                0x00000000080000fc                alt_irq_handler
 .exceptions    0x00000000080001d0       0x74 ../recorder_nios_bsp//libucosii_bsp.a(alt_instruction_exception_entry.o)
                0x00000000080001d0                alt_instruction_exception_entry
                0x0000000008000244                PROVIDE (__ram_exceptions_end, ABSOLUTE (.))
                0x0000000008000020                PROVIDE (__flash_exceptions_start, LOADADDR (.exceptions))

.text           0x0000000008000244    0x10044
                0x0000000008000244                PROVIDE (stext, ABSOLUTE (.))
 *(.interp)
 *(.hash)
 *(.dynsym)
 *(.dynstr)
 *(.gnu.version)
 *(.gnu.version_d)
 *(.gnu.version_r)
 *(.rel.init)
 *(.rela.init)
 *(.rel.text .rel.text.* .rel.gnu.linkonce.t.*)
 *(.rela.text .rela.text.* .rela.gnu.linkonce.t.*)
 *(.rel.fini)
 *(.rela.fini)
 *(.rel.rodata .rel.rodata.* .rel.gnu.linkonce.r.*)
 *(.rela.rodata .rela.rodata.* .rela.gnu.linkonce.r.*)
 *(.rel.data .rel.data.* .rel.gnu.linkonce.d.*)
 *(.rela.data .rela.data.* .rela.gnu.linkonce.d.*)
 *(.rel.tdata .rel.tdata.* .rel.gnu.linkonce.td.*)
 *(.rela.tdata .rela.tdata.* .rela.gnu.linkonce.td.*)
 *(.rel.tbss .rel.tbss.* .rel.gnu.linkonce.tb.*)
 *(.rela.tbss .rela.tbss.* .rela.gnu.linkonce.tb.*)
 *(.rel.ctors)
 *(.rela.ctors)
 *(.rel.dtors)
 *(.rela.dtors)
 *(.rel.got)
 *(.rela.got)
 *(.rel.sdata .rel.sdata.* .rel.gnu.linkonce.s.*)
 *(.rela.sdata .rela.sdata.* .rela.gnu.linkonce.s.*)
 *(.rel.sbss .rel.sbss.* .rel.gnu.linkonce.sb.*)
 *(.rela.sbss .rela.sbss.* .rela.gnu.linkonce.sb.*)
 *(.rel.sdata2 .rel.sdata2.* .rel.gnu.linkonce.s2.*)
 *(.rela.sdata2 .rela.sdata2.* .rela.gnu.linkonce.s2.*)
 *(.rel.sbss2 .rel.sbss2.* .rel.gnu.linkonce.sb2.*)
 *(.rela.sbss2 .rela.sbss2.* .rela.gnu.linkonce.sb2.*)
 *(.rel.bss .rel.bss.* .rel.gnu.linkonce.b.*)
 *(.rela.bss .rela.bss.* .rela.gnu.linkonce.b.*)
 *(.rel.plt)
 *(.rela.plt)
 *(.rel.dyn)
 *(.init)
 *(.plt)
 *(.text .stub .text.* .gnu.linkonce.t.*)
 .text          0x0000000008000244       0x4c ../recorder_nios_bsp//obj/HAL/src/crt0.o
                0x0000000008000244                _start
 .text          0x0000000008000290        0x0 obj/default/LCD/font/arial18.o
 .text          0x0000000008000290        0x0 obj/default/LCD/font/arial22.o
 .text          0x0000000008000290        0x0 obj/default/LCD/font/arial40.o
 .text          0x0000000008000290       0xb0 obj/default/LCD/Color.o
                0x0000000008000290                Color::Color()
                0x0000000008000290                Color::Color()
                0x00000000080002c0                Color::~Color()
                0x00000000080002c0                Color::~Color()
                0x0000000008000308                Color::~Color()
 .text          0x0000000008000340      0x268 obj/default/LCD/lcd_core.o
                0x0000000008000448                LCD::init()
                0x0000000008000474                LCD::clear()
                0x0000000008000480                LCD::rgb2color(unsigned char, unsigned char, unsigned char)
                0x00000000080004a4                LCD::render(char, int, int)
                0x00000000080004c4                LCD::test()
                0x0000000008000520                LCD::renders(char const*, int, int)
 .text          0x00000000080005a8      0x258 obj/default/audio/audio_core.o
                0x00000000080005cc                Audio::init()
                0x0000000008000600                Audio::rspace()
                0x0000000008000634                Audio::wspace()
                0x0000000008000720                Audio::read()
 .text._ZN5Audio8buf_pushEj
                0x0000000008000800       0x64 obj/default/audio/audio_core.o
                0x0000000008000800                Audio::buf_push(unsigned int)
 .text._ZSt3maxIiERKT_S2_S2_
                0x0000000008000864       0x44 obj/default/audio/audio_core.o
                0x0000000008000864                int const& std::max<int>(int const&, int const&)
 .text          0x00000000080008a8       0x44 obj/default/main.o
                0x00000000080008a8                task1(void*)
                0x00000000080008cc                task2(void*)
 .text.startup  0x00000000080008ec       0xc4 obj/default/main.o
                0x00000000080008ec                main
 .text          0x00000000080009b0        0x0 /home/alpha/altera/15.1/nios2eds/bin/gnu/H-x86_64-pc-linux-gnu/bin/../lib/gcc/nios2-elf/4.9.2/../../../../../H-x86_64-pc-linux-gnu/nios2-elf/lib/libstdc++.a(class_type_info.o)
 .text._ZNK10__cxxabiv117__class_type_info11__do_upcastEPKS0_PPv
                0x00000000080009b0       0x78 /home/alpha/altera/15.1/nios2eds/bin/gnu/H-x86_64-pc-linux-gnu/bin/../lib/gcc/nios2-elf/4.9.2/../../../../../H-x86_64-pc-linux-gnu/nios2-elf/lib/libstdc++.a(class_type_info.o)
                0x00000000080009b0                __cxxabiv1::__class_type_info::__do_upcast(__cxxabiv1::__class_type_info const*, void**) const
 .text._ZNK10__cxxabiv117__class_type_info20__do_find_public_srcEiPKvPKS0_S2_
                0x0000000008000a28       0x18 /home/alpha/altera/15.1/nios2eds/bin/gnu/H-x86_64-pc-linux-gnu/bin/../lib/gcc/nios2-elf/4.9.2/../../../../../H-x86_64-pc-linux-gnu/nios2-elf/lib/libstdc++.a(class_type_info.o)
                0x0000000008000a28                __cxxabiv1::__class_type_info::__do_find_public_src(int, void const*, __cxxabiv1::__class_type_info const*, void const*) const
 .text._ZN10__cxxabiv117__class_type_infoD2Ev
                0x0000000008000a40       0x10 /home/alpha/altera/15.1/nios2eds/bin/gnu/H-x86_64-pc-linux-gnu/bin/../lib/gcc/nios2-elf/4.9.2/../../../../../H-x86_64-pc-linux-gnu/nios2-elf/lib/libstdc++.a(class_type_info.o)
                0x0000000008000a40                __cxxabiv1::__class_type_info::~__class_type_info()
                0x0000000008000a40                __cxxabiv1::__class_type_info::~__class_type_info()
 .text._ZN10__cxxabiv117__class_type_infoD0Ev
                0x0000000008000a50       0x34 /home/alpha/altera/15.1/nios2eds/bin/gnu/H-x86_64-pc-linux-gnu/bin/../lib/gcc/nios2-elf/4.9.2/../../../../../H-x86_64-pc-linux-gnu/nios2-elf/lib/libstdc++.a(class_type_info.o)
                0x0000000008000a50                __cxxabiv1::__class_type_info::~__class_type_info()
 .text._ZNK10__cxxabiv117__class_type_info11__do_upcastEPKS0_PKvRNS0_15__upcast_resultE
                0x0000000008000a84       0x6c /home/alpha/altera/15.1/nios2eds/bin/gnu/H-x86_64-pc-linux-gnu/bin/../lib/gcc/nios2-elf/4.9.2/../../../../../H-x86_64-pc-linux-gnu/nios2-elf/lib/libstdc++.a(class_type_info.o)
                0x0000000008000a84                __cxxabiv1::__class_type_info::__do_upcast(__cxxabiv1::__class_type_info const*, void const*, __cxxabiv1::__class_type_info::__upcast_result&) const
 .text._ZNK10__cxxabiv117__class_type_info10__do_catchEPKSt9type_infoPPvj
                0x0000000008000af0       0xb8 /home/alpha/altera/15.1/nios2eds/bin/gnu/H-x86_64-pc-linux-gnu/bin/../lib/gcc/nios2-elf/4.9.2/../../../../../H-x86_64-pc-linux-gnu/nios2-elf/lib/libstdc++.a(class_type_info.o)
                0x0000000008000af0                __cxxabiv1::__class_type_info::__do_catch(std::type_info const*, void**, unsigned int) const
 .text._ZNK10__cxxabiv117__class_type_info12__do_dyncastEiNS0_10__sub_kindEPKS0_PKvS3_S5_RNS0_16__dyncast_resultE
                0x0000000008000ba8       0xd0 /home/alpha/altera/15.1/nios2eds/bin/gnu/H-x86_64-pc-linux-gnu/bin/../lib/gcc/nios2-elf/4.9.2/../../../../../H-x86_64-pc-linux-gnu/nios2-elf/lib/libstdc++.a(class_type_info.o)
                0x0000000008000ba8                __cxxabiv1::__class_type_info::__do_dyncast(int, __cxxabiv1::__class_type_info::__sub_kind, __cxxabiv1::__class_type_info const*, void const*, __cxxabiv1::__class_type_info const*, void const*, __cxxabiv1::__class_type_info::__dyncast_result&) const
 .text          0x0000000008000c78        0x0 /home/alpha/altera/15.1/nios2eds/bin/gnu/H-x86_64-pc-linux-gnu/bin/../lib/gcc/nios2-elf/4.9.2/../../../../../H-x86_64-pc-linux-gnu/nios2-elf/lib/libstdc++.a(del_op.o)
 .text._ZdlPv   0x0000000008000c78        0x4 /home/alpha/altera/15.1/nios2eds/bin/gnu/H-x86_64-pc-linux-gnu/bin/../lib/gcc/nios2-elf/4.9.2/../../../../../H-x86_64-pc-linux-gnu/nios2-elf/lib/libstdc++.a(del_op.o)
                0x0000000008000c78                operator delete(void*)
 .text          0x0000000008000c7c        0x0 /home/alpha/altera/15.1/nios2eds/bin/gnu/H-x86_64-pc-linux-gnu/bin/../lib/gcc/nios2-elf/4.9.2/../../../../../H-x86_64-pc-linux-gnu/nios2-elf/lib/libstdc++.a(si_class_type_info.o)
 .text._ZN10__cxxabiv120__si_class_type_infoD2Ev
                0x0000000008000c7c       0x10 /home/alpha/altera/15.1/nios2eds/bin/gnu/H-x86_64-pc-linux-gnu/bin/../lib/gcc/nios2-elf/4.9.2/../../../../../H-x86_64-pc-linux-gnu/nios2-elf/lib/libstdc++.a(si_class_type_info.o)
                0x0000000008000c7c                __cxxabiv1::__si_class_type_info::~__si_class_type_info()
                0x0000000008000c7c                __cxxabiv1::__si_class_type_info::~__si_class_type_info()
 .text._ZN10__cxxabiv120__si_class_type_infoD0Ev
                0x0000000008000c8c       0x34 /home/alpha/altera/15.1/nios2eds/bin/gnu/H-x86_64-pc-linux-gnu/bin/../lib/gcc/nios2-elf/4.9.2/../../../../../H-x86_64-pc-linux-gnu/nios2-elf/lib/libstdc++.a(si_class_type_info.o)
                0x0000000008000c8c                __cxxabiv1::__si_class_type_info::~__si_class_type_info()
 .text._ZNK10__cxxabiv120__si_class_type_info12__do_dyncastEiNS_17__class_type_info10__sub_kindEPKS1_PKvS4_S6_RNS1_16__dyncast_resultE
                0x0000000008000cc0      0x160 /home/alpha/altera/15.1/nios2eds/bin/gnu/H-x86_64-pc-linux-gnu/bin/../lib/gcc/nios2-elf/4.9.2/../../../../../H-x86_64-pc-linux-gnu/nios2-elf/lib/libstdc++.a(si_class_type_info.o)
                0x0000000008000cc0                __cxxabiv1::__si_class_type_info::__do_dyncast(int, __cxxabiv1::__class_type_info::__sub_kind, __cxxabiv1::__class_type_info const*, void const*, __cxxabiv1::__class_type_info const*, void const*, __cxxabiv1::__class_type_info::__dyncast_result&) const
 .text._ZNK10__cxxabiv120__si_class_type_info20__do_find_public_srcEiPKvPKNS_17__class_type_infoES2_
                0x0000000008000e20       0x9c /home/alpha/altera/15.1/nios2eds/bin/gnu/H-x86_64-pc-linux-gnu/bin/../lib/gcc/nios2-elf/4.9.2/../../../../../H-x86_64-pc-linux-gnu/nios2-elf/lib/libstdc++.a(si_class_type_info.o)
                0x0000000008000e20                __cxxabiv1::__si_class_type_info::__do_find_public_src(int, void const*, __cxxabiv1::__class_type_info const*, void const*) const
 .text._ZNK10__cxxabiv120__si_class_type_info11__do_upcastEPKNS_17__class_type_infoEPKvRNS1_15__upcast_resultE
                0x0000000008000ebc       0x84 /home/alpha/altera/15.1/nios2eds/bin/gnu/H-x86_64-pc-linux-gnu/bin/../lib/gcc/nios2-elf/4.9.2/../../../../../H-x86_64-pc-linux-gnu/nios2-elf/lib/libstdc++.a(si_class_type_info.o)
                0x0000000008000ebc                __cxxabiv1::__si_class_type_info::__do_upcast(__cxxabiv1::__class_type_info const*, void const*, __cxxabiv1::__class_type_info::__upcast_result&) const
 .text          0x0000000008000f40        0x0 /home/alpha/altera/15.1/nios2eds/bin/gnu/H-x86_64-pc-linux-gnu/bin/../lib/gcc/nios2-elf/4.9.2/../../../../../H-x86_64-pc-linux-gnu/nios2-elf/lib/libstdc++.a(tinfo.o)
 .text._ZNSt9type_infoD2Ev
                0x0000000008000f40        0x4 /home/alpha/altera/15.1/nios2eds/bin/gnu/H-x86_64-pc-linux-gnu/bin/../lib/gcc/nios2-elf/4.9.2/../../../../../H-x86_64-pc-linux-gnu/nios2-elf/lib/libstdc++.a(tinfo.o)
                0x0000000008000f40                std::type_info::~type_info()
                0x0000000008000f40                std::type_info::~type_info()
 .text._ZNKSt9type_info14__is_pointer_pEv
                0x0000000008000f44        0x8 /home/alpha/altera/15.1/nios2eds/bin/gnu/H-x86_64-pc-linux-gnu/bin/../lib/gcc/nios2-elf/4.9.2/../../../../../H-x86_64-pc-linux-gnu/nios2-elf/lib/libstdc++.a(tinfo.o)
                0x0000000008000f44                std::type_info::__is_pointer_p() const
 .text._ZNKSt9type_info15__is_function_pEv
                0x0000000008000f4c        0x8 /home/alpha/altera/15.1/nios2eds/bin/gnu/H-x86_64-pc-linux-gnu/bin/../lib/gcc/nios2-elf/4.9.2/../../../../../H-x86_64-pc-linux-gnu/nios2-elf/lib/libstdc++.a(tinfo.o)
                0x0000000008000f4c                std::type_info::__is_function_p() const
 .text._ZNKSt9type_info11__do_upcastEPKN10__cxxabiv117__class_type_infoEPPv
                0x0000000008000f54        0x8 /home/alpha/altera/15.1/nios2eds/bin/gnu/H-x86_64-pc-linux-gnu/bin/../lib/gcc/nios2-elf/4.9.2/../../../../../H-x86_64-pc-linux-gnu/nios2-elf/lib/libstdc++.a(tinfo.o)
                0x0000000008000f54                std::type_info::__do_upcast(__cxxabiv1::__class_type_info const*, void**) const
 .text._ZNSt9type_infoD0Ev
                0x0000000008000f5c        0x4 /home/alpha/altera/15.1/nios2eds/bin/gnu/H-x86_64-pc-linux-gnu/bin/../lib/gcc/nios2-elf/4.9.2/../../../../../H-x86_64-pc-linux-gnu/nios2-elf/lib/libstdc++.a(tinfo.o)
                0x0000000008000f5c                std::type_info::~type_info()
 .text._ZNKSt9type_info10__do_catchEPKS_PPvj
                0x0000000008000f60       0x44 /home/alpha/altera/15.1/nios2eds/bin/gnu/H-x86_64-pc-linux-gnu/bin/../lib/gcc/nios2-elf/4.9.2/../../../../../H-x86_64-pc-linux-gnu/nios2-elf/lib/libstdc++.a(tinfo.o)
                0x0000000008000f60                std::type_info::__do_catch(std::type_info const*, void**, unsigned int) const
 .text          0x0000000008000fa4        0x0 /home/alpha/altera/15.1/nios2eds/bin/gnu/H-x86_64-pc-linux-gnu/bin/../lib/gcc/nios2-elf/4.9.2/../../../../../H-x86_64-pc-linux-gnu/nios2-elf/lib/libc.a(lib_a-malloc.o)
 .text.malloc   0x0000000008000fa4       0x14 /home/alpha/altera/15.1/nios2eds/bin/gnu/H-x86_64-pc-linux-gnu/bin/../lib/gcc/nios2-elf/4.9.2/../../../../../H-x86_64-pc-linux-gnu/nios2-elf/lib/libc.a(lib_a-malloc.o)
                0x0000000008000fa4                malloc
 .text.free     0x0000000008000fb8       0x14 /home/alpha/altera/15.1/nios2eds/bin/gnu/H-x86_64-pc-linux-gnu/bin/../lib/gcc/nios2-elf/4.9.2/../../../../../H-x86_64-pc-linux-gnu/nios2-elf/lib/libc.a(lib_a-malloc.o)
                0x0000000008000fb8                free
 .text          0x0000000008000fcc        0x0 /home/alpha/altera/15.1/nios2eds/bin/gnu/H-x86_64-pc-linux-gnu/bin/../lib/gcc/nios2-elf/4.9.2/../../../../../H-x86_64-pc-linux-gnu/nios2-elf/lib/libc.a(lib_a-mallocr.o)
 .text._malloc_r
                0x0000000008000fcc      0x7a8 /home/alpha/altera/15.1/nios2eds/bin/gnu/H-x86_64-pc-linux-gnu/bin/../lib/gcc/nios2-elf/4.9.2/../../../../../H-x86_64-pc-linux-gnu/nios2-elf/lib/libc.a(lib_a-mallocr.o)
                0x0000000008000fcc                _malloc_r
 .text          0x0000000008001774        0x0 /home/alpha/altera/15.1/nios2eds/bin/gnu/H-x86_64-pc-linux-gnu/bin/../lib/gcc/nios2-elf/4.9.2/../../../../../H-x86_64-pc-linux-gnu/nios2-elf/lib/libc.a(lib_a-puts.o)
 .text._puts_r  0x0000000008001774       0xa8 /home/alpha/altera/15.1/nios2eds/bin/gnu/H-x86_64-pc-linux-gnu/bin/../lib/gcc/nios2-elf/4.9.2/../../../../../H-x86_64-pc-linux-gnu/nios2-elf/lib/libc.a(lib_a-puts.o)
                0x0000000008001774                _puts_r
 .text.puts     0x000000000800181c       0x14 /home/alpha/altera/15.1/nios2eds/bin/gnu/H-x86_64-pc-linux-gnu/bin/../lib/gcc/nios2-elf/4.9.2/../../../../../H-x86_64-pc-linux-gnu/nios2-elf/lib/libc.a(lib_a-puts.o)
                0x000000000800181c                puts
 .text          0x0000000008001830        0x0 /home/alpha/altera/15.1/nios2eds/bin/gnu/H-x86_64-pc-linux-gnu/bin/../lib/gcc/nios2-elf/4.9.2/../../../../../H-x86_64-pc-linux-gnu/nios2-elf/lib/libc.a(lib_a-sbrkr.o)
 .text._sbrk_r  0x0000000008001830       0x54 /home/alpha/altera/15.1/nios2eds/bin/gnu/H-x86_64-pc-linux-gnu/bin/../lib/gcc/nios2-elf/4.9.2/../../../../../H-x86_64-pc-linux-gnu/nios2-elf/lib/libc.a(lib_a-sbrkr.o)
                0x0000000008001830                _sbrk_r
 .text          0x0000000008001884        0x0 /home/alpha/altera/15.1/nios2eds/bin/gnu/H-x86_64-pc-linux-gnu/bin/../lib/gcc/nios2-elf/4.9.2/../../../../../H-x86_64-pc-linux-gnu/nios2-elf/lib/libc.a(lib_a-strcmp.o)
 .text.strcmp   0x0000000008001884       0xa4 /home/alpha/altera/15.1/nios2eds/bin/gnu/H-x86_64-pc-linux-gnu/bin/../lib/gcc/nios2-elf/4.9.2/../../../../../H-x86_64-pc-linux-gnu/nios2-elf/lib/libc.a(lib_a-strcmp.o)
                0x0000000008001884                strcmp
 .text          0x0000000008001928        0x0 /home/alpha/altera/15.1/nios2eds/bin/gnu/H-x86_64-pc-linux-gnu/bin/../lib/gcc/nios2-elf/4.9.2/../../../../../H-x86_64-pc-linux-gnu/nios2-elf/lib/libc.a(lib_a-strlen.o)
 .text.strlen   0x0000000008001928       0x98 /home/alpha/altera/15.1/nios2eds/bin/gnu/H-x86_64-pc-linux-gnu/bin/../lib/gcc/nios2-elf/4.9.2/../../../../../H-x86_64-pc-linux-gnu/nios2-elf/lib/libc.a(lib_a-strlen.o)
                0x0000000008001928                strlen
 .text          0x00000000080019c0        0x0 /home/alpha/altera/15.1/nios2eds/bin/gnu/H-x86_64-pc-linux-gnu/bin/../lib/gcc/nios2-elf/4.9.2/../../../../../H-x86_64-pc-linux-gnu/nios2-elf/lib/libc.a(lib_a-freer.o)
 .text._malloc_trim_r
                0x00000000080019c0      0x124 /home/alpha/altera/15.1/nios2eds/bin/gnu/H-x86_64-pc-linux-gnu/bin/../lib/gcc/nios2-elf/4.9.2/../../../../../H-x86_64-pc-linux-gnu/nios2-elf/lib/libc.a(lib_a-freer.o)
                0x00000000080019c0                _malloc_trim_r
 .text._free_r  0x0000000008001ae4      0x2f0 /home/alpha/altera/15.1/nios2eds/bin/gnu/H-x86_64-pc-linux-gnu/bin/../lib/gcc/nios2-elf/4.9.2/../../../../../H-x86_64-pc-linux-gnu/nios2-elf/lib/libc.a(lib_a-freer.o)
                0x0000000008001ae4                _free_r
 .text          0x0000000008001dd4        0x0 /home/alpha/altera/15.1/nios2eds/bin/gnu/H-x86_64-pc-linux-gnu/bin/../lib/gcc/nios2-elf/4.9.2/../../../../../H-x86_64-pc-linux-gnu/nios2-elf/lib/libc.a(lib_a-fvwrite.o)
 .text.__sfvwrite_r
                0x0000000008001dd4      0x4c0 /home/alpha/altera/15.1/nios2eds/bin/gnu/H-x86_64-pc-linux-gnu/bin/../lib/gcc/nios2-elf/4.9.2/../../../../../H-x86_64-pc-linux-gnu/nios2-elf/lib/libc.a(lib_a-fvwrite.o)
                0x0000000008001dd4                __sfvwrite_r
 .text          0x0000000008002294        0x0 /home/alpha/altera/15.1/nios2eds/bin/gnu/H-x86_64-pc-linux-gnu/bin/../lib/gcc/nios2-elf/4.9.2/../../../../../H-x86_64-pc-linux-gnu/nios2-elf/lib/libc.a(lib_a-impure.o)
 .text          0x0000000008002294        0x0 /home/alpha/altera/15.1/nios2eds/bin/gnu/H-x86_64-pc-linux-gnu/bin/../lib/gcc/nios2-elf/4.9.2/../../../../../H-x86_64-pc-linux-gnu/nios2-elf/lib/libc.a(lib_a-int_errno.o)
 .text          0x0000000008002294        0x0 /home/alpha/altera/15.1/nios2eds/bin/gnu/H-x86_64-pc-linux-gnu/bin/../lib/gcc/nios2-elf/4.9.2/../../../../../H-x86_64-pc-linux-gnu/nios2-elf/lib/libc.a(lib_a-memchr.o)
 .text.memchr   0x0000000008002294       0xe8 /home/alpha/altera/15.1/nios2eds/bin/gnu/H-x86_64-pc-linux-gnu/bin/../lib/gcc/nios2-elf/4.9.2/../../../../../H-x86_64-pc-linux-gnu/nios2-elf/lib/libc.a(lib_a-memchr.o)
                0x0000000008002294                memchr
 .text          0x000000000800237c        0x0 /home/alpha/altera/15.1/nios2eds/bin/gnu/H-x86_64-pc-linux-gnu/bin/../lib/gcc/nios2-elf/4.9.2/../../../../../H-x86_64-pc-linux-gnu/nios2-elf/lib/libc.a(lib_a-memcpy.o)
 .text.memcpy   0x000000000800237c      0x138 /home/alpha/altera/15.1/nios2eds/bin/gnu/H-x86_64-pc-linux-gnu/bin/../lib/gcc/nios2-elf/4.9.2/../../../../../H-x86_64-pc-linux-gnu/nios2-elf/lib/libc.a(lib_a-memcpy.o)
                0x000000000800237c                memcpy
 .text          0x00000000080024b4        0x0 /home/alpha/altera/15.1/nios2eds/bin/gnu/H-x86_64-pc-linux-gnu/bin/../lib/gcc/nios2-elf/4.9.2/../../../../../H-x86_64-pc-linux-gnu/nios2-elf/lib/libc.a(lib_a-memmove.o)
 .text.memmove  0x00000000080024b4      0x15c /home/alpha/altera/15.1/nios2eds/bin/gnu/H-x86_64-pc-linux-gnu/bin/../lib/gcc/nios2-elf/4.9.2/../../../../../H-x86_64-pc-linux-gnu/nios2-elf/lib/libc.a(lib_a-memmove.o)
                0x00000000080024b4                memmove
 .text          0x0000000008002610        0x0 /home/alpha/altera/15.1/nios2eds/bin/gnu/H-x86_64-pc-linux-gnu/bin/../lib/gcc/nios2-elf/4.9.2/../../../../../H-x86_64-pc-linux-gnu/nios2-elf/lib/libc.a(lib_a-reallocr.o)
 .text._realloc_r
                0x0000000008002610      0x568 /home/alpha/altera/15.1/nios2eds/bin/gnu/H-x86_64-pc-linux-gnu/bin/../lib/gcc/nios2-elf/4.9.2/../../../../../H-x86_64-pc-linux-gnu/nios2-elf/lib/libc.a(lib_a-reallocr.o)
                0x0000000008002610                _realloc_r
 .text          0x0000000008002b78        0x0 /home/alpha/altera/15.1/nios2eds/bin/gnu/H-x86_64-pc-linux-gnu/bin/../lib/gcc/nios2-elf/4.9.2/../../../../../H-x86_64-pc-linux-gnu/nios2-elf/lib/libc.a(lib_a-wsetup.o)
 .text.__swsetup_r
                0x0000000008002b78      0x154 /home/alpha/altera/15.1/nios2eds/bin/gnu/H-x86_64-pc-linux-gnu/bin/../lib/gcc/nios2-elf/4.9.2/../../../../../H-x86_64-pc-linux-gnu/nios2-elf/lib/libc.a(lib_a-wsetup.o)
                0x0000000008002b78                __swsetup_r
 .text          0x0000000008002ccc        0x0 /home/alpha/altera/15.1/nios2eds/bin/gnu/H-x86_64-pc-linux-gnu/bin/../lib/gcc/nios2-elf/4.9.2/../../../../../H-x86_64-pc-linux-gnu/nios2-elf/lib/libc.a(lib_a-fflush.o)
 .text.__sflush_r
                0x0000000008002ccc      0x208 /home/alpha/altera/15.1/nios2eds/bin/gnu/H-x86_64-pc-linux-gnu/bin/../lib/gcc/nios2-elf/4.9.2/../../../../../H-x86_64-pc-linux-gnu/nios2-elf/lib/libc.a(lib_a-fflush.o)
                0x0000000008002ccc                __sflush_r
 .text._fflush_r
                0x0000000008002ed4       0x5c /home/alpha/altera/15.1/nios2eds/bin/gnu/H-x86_64-pc-linux-gnu/bin/../lib/gcc/nios2-elf/4.9.2/../../../../../H-x86_64-pc-linux-gnu/nios2-elf/lib/libc.a(lib_a-fflush.o)
                0x0000000008002ed4                _fflush_r
 .text.fflush   0x0000000008002f30       0x30 /home/alpha/altera/15.1/nios2eds/bin/gnu/H-x86_64-pc-linux-gnu/bin/../lib/gcc/nios2-elf/4.9.2/../../../../../H-x86_64-pc-linux-gnu/nios2-elf/lib/libc.a(lib_a-fflush.o)
                0x0000000008002f30                fflush
 .text          0x0000000008002f60        0x0 /home/alpha/altera/15.1/nios2eds/bin/gnu/H-x86_64-pc-linux-gnu/bin/../lib/gcc/nios2-elf/4.9.2/../../../../../H-x86_64-pc-linux-gnu/nios2-elf/lib/libc.a(lib_a-findfp.o)
 .text.__fp_lock
                0x0000000008002f60        0x8 /home/alpha/altera/15.1/nios2eds/bin/gnu/H-x86_64-pc-linux-gnu/bin/../lib/gcc/nios2-elf/4.9.2/../../../../../H-x86_64-pc-linux-gnu/nios2-elf/lib/libc.a(lib_a-findfp.o)
 .text.__fp_unlock
                0x0000000008002f68        0x8 /home/alpha/altera/15.1/nios2eds/bin/gnu/H-x86_64-pc-linux-gnu/bin/../lib/gcc/nios2-elf/4.9.2/../../../../../H-x86_64-pc-linux-gnu/nios2-elf/lib/libc.a(lib_a-findfp.o)
 .text._cleanup_r
                0x0000000008002f70        0xc /home/alpha/altera/15.1/nios2eds/bin/gnu/H-x86_64-pc-linux-gnu/bin/../lib/gcc/nios2-elf/4.9.2/../../../../../H-x86_64-pc-linux-gnu/nios2-elf/lib/libc.a(lib_a-findfp.o)
                0x0000000008002f70                _cleanup_r
 .text.__sinit.part.1
                0x0000000008002f7c      0x19c /home/alpha/altera/15.1/nios2eds/bin/gnu/H-x86_64-pc-linux-gnu/bin/../lib/gcc/nios2-elf/4.9.2/../../../../../H-x86_64-pc-linux-gnu/nios2-elf/lib/libc.a(lib_a-findfp.o)
 .text.__sfmoreglue
                0x0000000008003118       0x68 /home/alpha/altera/15.1/nios2eds/bin/gnu/H-x86_64-pc-linux-gnu/bin/../lib/gcc/nios2-elf/4.9.2/../../../../../H-x86_64-pc-linux-gnu/nios2-elf/lib/libc.a(lib_a-findfp.o)
                0x0000000008003118                __sfmoreglue
 .text.__sfp    0x0000000008003180      0x118 /home/alpha/altera/15.1/nios2eds/bin/gnu/H-x86_64-pc-linux-gnu/bin/../lib/gcc/nios2-elf/4.9.2/../../../../../H-x86_64-pc-linux-gnu/nios2-elf/lib/libc.a(lib_a-findfp.o)
                0x0000000008003180                __sfp
 .text._cleanup
                0x0000000008003298       0x18 /home/alpha/altera/15.1/nios2eds/bin/gnu/H-x86_64-pc-linux-gnu/bin/../lib/gcc/nios2-elf/4.9.2/../../../../../H-x86_64-pc-linux-gnu/nios2-elf/lib/libc.a(lib_a-findfp.o)
                0x0000000008003298                _cleanup
 .text.__sinit  0x00000000080032b0       0x10 /home/alpha/altera/15.1/nios2eds/bin/gnu/H-x86_64-pc-linux-gnu/bin/../lib/gcc/nios2-elf/4.9.2/../../../../../H-x86_64-pc-linux-gnu/nios2-elf/lib/libc.a(lib_a-findfp.o)
                0x00000000080032b0                __sinit
 .text.__sfp_lock_acquire
                0x00000000080032c0        0x4 /home/alpha/altera/15.1/nios2eds/bin/gnu/H-x86_64-pc-linux-gnu/bin/../lib/gcc/nios2-elf/4.9.2/../../../../../H-x86_64-pc-linux-gnu/nios2-elf/lib/libc.a(lib_a-findfp.o)
                0x00000000080032c0                __sfp_lock_acquire
 .text.__sfp_lock_release
                0x00000000080032c4        0x4 /home/alpha/altera/15.1/nios2eds/bin/gnu/H-x86_64-pc-linux-gnu/bin/../lib/gcc/nios2-elf/4.9.2/../../../../../H-x86_64-pc-linux-gnu/nios2-elf/lib/libc.a(lib_a-findfp.o)
                0x00000000080032c4                __sfp_lock_release
 .text.__sinit_lock_acquire
                0x00000000080032c8        0x4 /home/alpha/altera/15.1/nios2eds/bin/gnu/H-x86_64-pc-linux-gnu/bin/../lib/gcc/nios2-elf/4.9.2/../../../../../H-x86_64-pc-linux-gnu/nios2-elf/lib/libc.a(lib_a-findfp.o)
                0x00000000080032c8                __sinit_lock_acquire
 .text.__sinit_lock_release
                0x00000000080032cc        0x4 /home/alpha/altera/15.1/nios2eds/bin/gnu/H-x86_64-pc-linux-gnu/bin/../lib/gcc/nios2-elf/4.9.2/../../../../../H-x86_64-pc-linux-gnu/nios2-elf/lib/libc.a(lib_a-findfp.o)
                0x00000000080032cc                __sinit_lock_release
 .text.__fp_lock_all
                0x00000000080032d0       0x18 /home/alpha/altera/15.1/nios2eds/bin/gnu/H-x86_64-pc-linux-gnu/bin/../lib/gcc/nios2-elf/4.9.2/../../../../../H-x86_64-pc-linux-gnu/nios2-elf/lib/libc.a(lib_a-findfp.o)
                0x00000000080032d0                __fp_lock_all
 .text.__fp_unlock_all
                0x00000000080032e8       0x18 /home/alpha/altera/15.1/nios2eds/bin/gnu/H-x86_64-pc-linux-gnu/bin/../lib/gcc/nios2-elf/4.9.2/../../../../../H-x86_64-pc-linux-gnu/nios2-elf/lib/libc.a(lib_a-findfp.o)
                0x00000000080032e8                __fp_unlock_all
 .text          0x0000000008003300        0x0 /home/alpha/altera/15.1/nios2eds/bin/gnu/H-x86_64-pc-linux-gnu/bin/../lib/gcc/nios2-elf/4.9.2/../../../../../H-x86_64-pc-linux-gnu/nios2-elf/lib/libc.a(lib_a-fwalk.o)
 .text._fwalk   0x0000000008003300       0xc4 /home/alpha/altera/15.1/nios2eds/bin/gnu/H-x86_64-pc-linux-gnu/bin/../lib/gcc/nios2-elf/4.9.2/../../../../../H-x86_64-pc-linux-gnu/nios2-elf/lib/libc.a(lib_a-fwalk.o)
                0x0000000008003300                _fwalk
 .text._fwalk_reent
                0x00000000080033c4       0xc4 /home/alpha/altera/15.1/nios2eds/bin/gnu/H-x86_64-pc-linux-gnu/bin/../lib/gcc/nios2-elf/4.9.2/../../../../../H-x86_64-pc-linux-gnu/nios2-elf/lib/libc.a(lib_a-fwalk.o)
                0x00000000080033c4                _fwalk_reent
 .text          0x0000000008003488        0x0 /home/alpha/altera/15.1/nios2eds/bin/gnu/H-x86_64-pc-linux-gnu/bin/../lib/gcc/nios2-elf/4.9.2/../../../../../H-x86_64-pc-linux-gnu/nios2-elf/lib/libc.a(lib_a-makebuf.o)
 .text.__smakebuf_r
                0x0000000008003488      0x1b8 /home/alpha/altera/15.1/nios2eds/bin/gnu/H-x86_64-pc-linux-gnu/bin/../lib/gcc/nios2-elf/4.9.2/../../../../../H-x86_64-pc-linux-gnu/nios2-elf/lib/libc.a(lib_a-makebuf.o)
                0x0000000008003488                __smakebuf_r
 .text          0x0000000008003640        0x0 /home/alpha/altera/15.1/nios2eds/bin/gnu/H-x86_64-pc-linux-gnu/bin/../lib/gcc/nios2-elf/4.9.2/../../../../../H-x86_64-pc-linux-gnu/nios2-elf/lib/libc.a(lib_a-memset.o)
 .text.memset   0x0000000008003640      0x124 /home/alpha/altera/15.1/nios2eds/bin/gnu/H-x86_64-pc-linux-gnu/bin/../lib/gcc/nios2-elf/4.9.2/../../../../../H-x86_64-pc-linux-gnu/nios2-elf/lib/libc.a(lib_a-memset.o)
                0x0000000008003640                memset
 .text          0x0000000008003764        0x0 /home/alpha/altera/15.1/nios2eds/bin/gnu/H-x86_64-pc-linux-gnu/bin/../lib/gcc/nios2-elf/4.9.2/../../../../../H-x86_64-pc-linux-gnu/nios2-elf/lib/libc.a(lib_a-stdio.o)
 .text.__sread  0x0000000008003764       0x54 /home/alpha/altera/15.1/nios2eds/bin/gnu/H-x86_64-pc-linux-gnu/bin/../lib/gcc/nios2-elf/4.9.2/../../../../../H-x86_64-pc-linux-gnu/nios2-elf/lib/libc.a(lib_a-stdio.o)
                0x0000000008003764                __sread
 .text.__seofread
                0x00000000080037b8        0x8 /home/alpha/altera/15.1/nios2eds/bin/gnu/H-x86_64-pc-linux-gnu/bin/../lib/gcc/nios2-elf/4.9.2/../../../../../H-x86_64-pc-linux-gnu/nios2-elf/lib/libc.a(lib_a-stdio.o)
                0x00000000080037b8                __seofread
 .text.__swrite
                0x00000000080037c0       0x7c /home/alpha/altera/15.1/nios2eds/bin/gnu/H-x86_64-pc-linux-gnu/bin/../lib/gcc/nios2-elf/4.9.2/../../../../../H-x86_64-pc-linux-gnu/nios2-elf/lib/libc.a(lib_a-stdio.o)
                0x00000000080037c0                __swrite
 .text.__sseek  0x000000000800383c       0x5c /home/alpha/altera/15.1/nios2eds/bin/gnu/H-x86_64-pc-linux-gnu/bin/../lib/gcc/nios2-elf/4.9.2/../../../../../H-x86_64-pc-linux-gnu/nios2-elf/lib/libc.a(lib_a-stdio.o)
                0x000000000800383c                __sseek
 .text.__sclose
                0x0000000008003898        0x8 /home/alpha/altera/15.1/nios2eds/bin/gnu/H-x86_64-pc-linux-gnu/bin/../lib/gcc/nios2-elf/4.9.2/../../../../../H-x86_64-pc-linux-gnu/nios2-elf/lib/libc.a(lib_a-stdio.o)
                0x0000000008003898                __sclose
 .text          0x00000000080038a0        0x0 /home/alpha/altera/15.1/nios2eds/bin/gnu/H-x86_64-pc-linux-gnu/bin/../lib/gcc/nios2-elf/4.9.2/../../../../../H-x86_64-pc-linux-gnu/nios2-elf/lib/libc.a(lib_a-writer.o)
 .text._write_r
                0x00000000080038a0       0x5c /home/alpha/altera/15.1/nios2eds/bin/gnu/H-x86_64-pc-linux-gnu/bin/../lib/gcc/nios2-elf/4.9.2/../../../../../H-x86_64-pc-linux-gnu/nios2-elf/lib/libc.a(lib_a-writer.o)
                0x00000000080038a0                _write_r
 .text          0x00000000080038fc        0x0 /home/alpha/altera/15.1/nios2eds/bin/gnu/H-x86_64-pc-linux-gnu/bin/../lib/gcc/nios2-elf/4.9.2/../../../../../H-x86_64-pc-linux-gnu/nios2-elf/lib/libc.a(closer.o)
 .text._close_r
                0x00000000080038fc       0x54 /home/alpha/altera/15.1/nios2eds/bin/gnu/H-x86_64-pc-linux-gnu/bin/../lib/gcc/nios2-elf/4.9.2/../../../../../H-x86_64-pc-linux-gnu/nios2-elf/lib/libc.a(closer.o)
                0x00000000080038fc                _close_r
 .text          0x0000000008003950        0x0 /home/alpha/altera/15.1/nios2eds/bin/gnu/H-x86_64-pc-linux-gnu/bin/../lib/gcc/nios2-elf/4.9.2/../../../../../H-x86_64-pc-linux-gnu/nios2-elf/lib/libc.a(lib_a-fclose.o)
 .text._fclose_r
                0x0000000008003950       0xf0 /home/alpha/altera/15.1/nios2eds/bin/gnu/H-x86_64-pc-linux-gnu/bin/../lib/gcc/nios2-elf/4.9.2/../../../../../H-x86_64-pc-linux-gnu/nios2-elf/lib/libc.a(lib_a-fclose.o)
                0x0000000008003950                _fclose_r
 .text.fclose   0x0000000008003a40       0x14 /home/alpha/altera/15.1/nios2eds/bin/gnu/H-x86_64-pc-linux-gnu/bin/../lib/gcc/nios2-elf/4.9.2/../../../../../H-x86_64-pc-linux-gnu/nios2-elf/lib/libc.a(lib_a-fclose.o)
                0x0000000008003a40                fclose
 .text          0x0000000008003a54        0x0 /home/alpha/altera/15.1/nios2eds/bin/gnu/H-x86_64-pc-linux-gnu/bin/../lib/gcc/nios2-elf/4.9.2/../../../../../H-x86_64-pc-linux-gnu/nios2-elf/lib/libc.a(lib_a-fstatr.o)
 .text._fstat_r
                0x0000000008003a54       0x58 /home/alpha/altera/15.1/nios2eds/bin/gnu/H-x86_64-pc-linux-gnu/bin/../lib/gcc/nios2-elf/4.9.2/../../../../../H-x86_64-pc-linux-gnu/nios2-elf/lib/libc.a(lib_a-fstatr.o)
                0x0000000008003a54                _fstat_r
 .text          0x0000000008003aac        0x0 /home/alpha/altera/15.1/nios2eds/bin/gnu/H-x86_64-pc-linux-gnu/bin/../lib/gcc/nios2-elf/4.9.2/../../../../../H-x86_64-pc-linux-gnu/nios2-elf/lib/libc.a(lib_a-isattyr.o)
 .text._isatty_r
                0x0000000008003aac       0x54 /home/alpha/altera/15.1/nios2eds/bin/gnu/H-x86_64-pc-linux-gnu/bin/../lib/gcc/nios2-elf/4.9.2/../../../../../H-x86_64-pc-linux-gnu/nios2-elf/lib/libc.a(lib_a-isattyr.o)
                0x0000000008003aac                _isatty_r
 .text          0x0000000008003b00        0x0 /home/alpha/altera/15.1/nios2eds/bin/gnu/H-x86_64-pc-linux-gnu/bin/../lib/gcc/nios2-elf/4.9.2/../../../../../H-x86_64-pc-linux-gnu/nios2-elf/lib/libc.a(lib_a-lseekr.o)
 .text._lseek_r
                0x0000000008003b00       0x5c /home/alpha/altera/15.1/nios2eds/bin/gnu/H-x86_64-pc-linux-gnu/bin/../lib/gcc/nios2-elf/4.9.2/../../../../../H-x86_64-pc-linux-gnu/nios2-elf/lib/libc.a(lib_a-lseekr.o)
                0x0000000008003b00                _lseek_r
 .text          0x0000000008003b5c        0x0 /home/alpha/altera/15.1/nios2eds/bin/gnu/H-x86_64-pc-linux-gnu/bin/../lib/gcc/nios2-elf/4.9.2/../../../../../H-x86_64-pc-linux-gnu/nios2-elf/lib/libc.a(lib_a-readr.o)
 .text._read_r  0x0000000008003b5c       0x5c /home/alpha/altera/15.1/nios2eds/bin/gnu/H-x86_64-pc-linux-gnu/bin/../lib/gcc/nios2-elf/4.9.2/../../../../../H-x86_64-pc-linux-gnu/nios2-elf/lib/libc.a(lib_a-readr.o)
                0x0000000008003b5c                _read_r
 .text          0x0000000008003bb8      0x12c /home/alpha/altera/15.1/nios2eds/bin/gnu/H-x86_64-pc-linux-gnu/bin/../lib/gcc/nios2-elf/4.9.2/libgcc.a(lib2-divmod.o)
                0x0000000008003c24                __divsi3
                0x0000000008003c78                __modsi3
                0x0000000008003cd4                __udivsi3
                0x0000000008003cdc                __umodsi3
 .text          0x0000000008003ce4      0x120 ../recorder_nios_bsp//libucosii_bsp.a(alt_close.o)
                0x0000000008003d34                close
 .text          0x0000000008003e04       0x2c ../recorder_nios_bsp//libucosii_bsp.a(alt_dev.o)
 .text          0x0000000008003e30        0x0 ../recorder_nios_bsp//libucosii_bsp.a(alt_errno.o)
 .text          0x0000000008003e30      0x100 ../recorder_nios_bsp//libucosii_bsp.a(alt_fstat.o)
                0x0000000008003e80                fstat
 .text          0x0000000008003f30       0xf4 ../recorder_nios_bsp//libucosii_bsp.a(alt_isatty.o)
                0x0000000008003f80                isatty
 .text          0x0000000008004024       0xe4 ../recorder_nios_bsp//libucosii_bsp.a(alt_load.o)
                0x0000000008004088                alt_load
 .text          0x0000000008004108      0x124 ../recorder_nios_bsp//libucosii_bsp.a(alt_lseek.o)
                0x0000000008004158                lseek
 .text          0x000000000800422c       0xd4 ../recorder_nios_bsp//libucosii_bsp.a(alt_main.o)
                0x000000000800422c                alt_main
 .text          0x0000000008004300      0x14c ../recorder_nios_bsp//libucosii_bsp.a(alt_read.o)
                0x0000000008004350                read
 .text          0x000000000800444c       0x60 ../recorder_nios_bsp//libucosii_bsp.a(alt_release_fd.o)
                0x000000000800444c                alt_release_fd
 .text          0x00000000080044ac       0xb0 ../recorder_nios_bsp//libucosii_bsp.a(alt_sbrk.o)
                0x00000000080044ac                sbrk
 .text          0x000000000800455c      0x148 ../recorder_nios_bsp//libucosii_bsp.a(alt_write.o)
                0x00000000080045ac                write
 .text          0x00000000080046a4      0x11c ../recorder_nios_bsp//libucosii_bsp.a(alt_env_lock.o)
                0x00000000080046a4                __env_lock
                0x0000000008004764                __env_unlock
 .text          0x00000000080047c0      0x1f0 ../recorder_nios_bsp//libucosii_bsp.a(alt_malloc_lock.o)
                0x00000000080047c0                __malloc_lock
                0x00000000080048e0                __malloc_unlock
 .text          0x00000000080049b0     0x1fe0 ../recorder_nios_bsp//libucosii_bsp.a(os_core.o)
                0x00000000080049b0                OSEventNameGet
                0x0000000008004ad0                OSEventNameSet
                0x0000000008004c0c                OSEventPendMulti
                0x000000000800521c                OSInit
                0x0000000008005270                OSIntEnter
                0x00000000080052ec                OSIntExit
                0x00000000080053e0                OSSchedLock
                0x0000000008005468                OSSchedUnlock
                0x0000000008005540                OSStart
                0x00000000080055ac                OSStatInit
                0x0000000008005658                OSTimeTick
                0x0000000008005874                OSVersion
                0x0000000008005894                OS_Dummy
                0x00000000080058b0                OS_EventTaskRdy
                0x0000000008005a48                OS_EventTaskWait
                0x0000000008005b54                OS_EventTaskWaitMulti
                0x0000000008005ca0                OS_EventTaskRemove
                0x0000000008005d54                OS_EventTaskRemoveMulti
                0x0000000008005e50                OS_EventWaitListInit
                0x0000000008006214                OS_MemClr
                0x0000000008006264                OS_MemCopy
                0x00000000080062c8                OS_Sched
                0x0000000008006404                OS_StrCopy
                0x0000000008006478                OS_StrLen
                0x00000000080064cc                OS_TaskIdle
                0x0000000008006528                OS_TaskStat
                0x00000000080065f4                OS_TaskStatStkChk
                0x00000000080066bc                OS_TCBInit
 .text          0x0000000008006990      0x18c ../recorder_nios_bsp//libucosii_bsp.a(os_dbg.o)
                0x0000000008006990                OSDebugInit
 .text          0x0000000008006b1c     0x181c ../recorder_nios_bsp//libucosii_bsp.a(os_flag.o)
                0x0000000008006b1c                OSFlagAccept
                0x0000000008006e24                OSFlagCreate
                0x0000000008006f4c                OSFlagDel
                0x00000000080071bc                OSFlagNameGet
                0x00000000080072ec                OSFlagNameSet
                0x000000000800743c                OSFlagPend
                0x0000000008007a2c                OSFlagPendGetFlagsRdy
                0x0000000008007a94                OSFlagPost
                0x0000000008007e1c                OSFlagQuery
                0x00000000080080a4                OS_FlagInit
                0x0000000008008298                OS_FlagUnlink
 .text          0x0000000008008338      0x784 ../recorder_nios_bsp//libucosii_bsp.a(os_mem.o)
                0x0000000008008338                OSMemCreate
                0x000000000800852c                OSMemGet
                0x000000000800861c                OSMemNameGet
                0x0000000008008714                OSMemNameSet
                0x000000000800882c                OSMemPut
                0x0000000008008904                OSMemQuery
                0x00000000080089ec                OS_MemInit
 .text          0x0000000008008abc     0x1210 ../recorder_nios_bsp//libucosii_bsp.a(os_q.o)
                0x0000000008008abc                OSQAccept
                0x0000000008008bfc                OSQCreate
                0x0000000008008df8                OSQDel
                0x00000000080090c0                OSQFlush
                0x0000000008009178                OSQPend
                0x0000000008009474                OSQPendAbort
                0x00000000080095e0                OSQPost
                0x0000000008009748                OSQPostFront
                0x00000000080098b8                OSQPostOpt
                0x0000000008009ac4                OSQQuery
                0x0000000008009c20                OS_QInit
 .text          0x0000000008009ccc      0xb08 ../recorder_nios_bsp//libucosii_bsp.a(os_sem.o)
                0x0000000008009ccc                OSSemAccept
                0x0000000008009d7c                OSSemCreate
                0x0000000008009e7c                OSSemDel
                0x000000000800a0e4                OSSemPend
                0x000000000800a34c                OSSemPendAbort
                0x000000000800a4b8                OSSemPost
                0x000000000800a5c8                OSSemQuery
                0x000000000800a6d8                OSSemSet
 .text          0x000000000800a7d4     0x18f4 ../recorder_nios_bsp//libucosii_bsp.a(os_task.o)
                0x000000000800a7d4                OSTaskChangePrio
                0x000000000800ad14                OSTaskCreate
                0x000000000800aed0                OSTaskCreateExt
                0x000000000800b0bc                OSTaskDel
                0x000000000800b49c                OSTaskDelReq
                0x000000000800b5f4                OSTaskNameGet
                0x000000000800b79c                OSTaskNameSet
                0x000000000800b95c                OSTaskResume
                0x000000000800bb54                OSTaskStkChk
                0x000000000800bd1c                OSTaskSuspend
                0x000000000800bf30                OSTaskQuery
                0x000000000800c05c                OS_TaskStkClr
 .text          0x000000000800c0c8      0x55c ../recorder_nios_bsp//libucosii_bsp.a(os_time.o)
                0x000000000800c0c8                OSTimeDly
                0x000000000800c210                OSTimeDlyHMSM
                0x000000000800c36c                OSTimeDlyResume
                0x000000000800c55c                OSTimeGet
                0x000000000800c5c0                OSTimeSet
 .text          0x000000000800c624      0x2c4 ../recorder_nios_bsp//libucosii_bsp.a(alt_sys_init.o)
                0x000000000800c65c                alt_irq_init
                0x000000000800c690                alt_sys_init
 .text          0x000000000800c8e8      0x164 ../recorder_nios_bsp//libucosii_bsp.a(altera_avalon_jtag_uart_fd.o)
                0x000000000800c8e8                altera_avalon_jtag_uart_read_fd
                0x000000000800c948                altera_avalon_jtag_uart_write_fd
                0x000000000800c9a8                altera_avalon_jtag_uart_close_fd
                0x000000000800c9f8                altera_avalon_jtag_uart_ioctl_fd
 .text          0x000000000800ca4c      0x560 ../recorder_nios_bsp//libucosii_bsp.a(altera_avalon_jtag_uart_init.o)
                0x000000000800ca4c                altera_avalon_jtag_uart_init
                0x000000000800cf44                altera_avalon_jtag_uart_close
 .text          0x000000000800cfac       0xec ../recorder_nios_bsp//libucosii_bsp.a(altera_avalon_jtag_uart_ioctl.o)
                0x000000000800cfac                altera_avalon_jtag_uart_ioctl
 .text          0x000000000800d098      0x2b4 ../recorder_nios_bsp//libucosii_bsp.a(altera_avalon_jtag_uart_read.o)
                0x000000000800d098                altera_avalon_jtag_uart_read
 .text          0x000000000800d34c      0x2c0 ../recorder_nios_bsp//libucosii_bsp.a(altera_avalon_jtag_uart_write.o)
                0x000000000800d34c                altera_avalon_jtag_uart_write
 .text          0x000000000800d60c       0xf8 ../recorder_nios_bsp//libucosii_bsp.a(altera_avalon_timer_sc.o)
                0x000000000800d684                alt_avalon_timer_sc_init
 .text          0x000000000800d704      0x794 ../recorder_nios_bsp//libucosii_bsp.a(altera_up_avalon_audio.o)
                0x000000000800d704                alt_up_audio_open_dev
                0x000000000800d744                alt_up_audio_enable_read_interrupt
                0x000000000800d794                alt_up_audio_disable_read_interrupt
                0x000000000800d7e8                alt_up_audio_enable_write_interrupt
                0x000000000800d838                alt_up_audio_disable_write_interrupt
                0x000000000800d88c                alt_up_audio_read_interrupt_pending
                0x000000000800d8cc                alt_up_audio_write_interrupt_pending
                0x000000000800d90c                alt_up_audio_reset_audio_core
                0x000000000800d99c                alt_up_audio_read_fifo_avail
                0x000000000800d9fc                alt_up_audio_record_r
                0x000000000800da64                alt_up_audio_record_l
                0x000000000800dacc                alt_up_audio_write_fifo_space
                0x000000000800db2c                alt_up_audio_play_r
                0x000000000800db94                alt_up_audio_play_l
                0x000000000800dbfc                alt_up_audio_read_fifo
                0x000000000800dcdc                alt_up_audio_write_fifo
                0x000000000800dde4                alt_up_audio_read_fifo_head
                0x000000000800de34                alt_up_audio_write_fifo_head
 .text          0x000000000800de98      0xed0 ../recorder_nios_bsp//libucosii_bsp.a(altera_up_avalon_video_pixel_buffer_dma.o)
                0x000000000800de98                alt_up_pixel_buffer_dma_open_dev
                0x000000000800ded8                alt_up_pixel_buffer_dma_draw
                0x000000000800e06c                alt_up_pixel_buffer_dma_change_back_buffer_address
                0x000000000800e0c8                alt_up_pixel_buffer_dma_swap_buffers
                0x000000000800e128                alt_up_pixel_buffer_dma_check_swap_buffers_status
                0x000000000800e15c                alt_up_pixel_buffer_dma_clear_screen
                0x000000000800e284                alt_up_pixel_buffer_dma_draw_box
                0x000000000800e56c                alt_up_pixel_buffer_dma_draw_hline
                0x000000000800e780                alt_up_pixel_buffer_dma_draw_vline
                0x000000000800e9d8                alt_up_pixel_buffer_dma_draw_rectangle
                0x000000000800ea9c                helper_plot_pixel
                0x000000000800eb1c                alt_up_pixel_buffer_dma_draw_line
 .text          0x000000000800ed68      0x140 ../recorder_nios_bsp//libucosii_bsp.a(alt_alarm_start.o)
                0x000000000800ed68                alt_alarm_start
 .text          0x000000000800eea8       0x44 ../recorder_nios_bsp//libucosii_bsp.a(alt_dcache_flush_all.o)
                0x000000000800eea8                alt_dcache_flush_all
 .text          0x000000000800eeec       0xf4 ../recorder_nios_bsp//libucosii_bsp.a(alt_dev_llist_insert.o)
                0x000000000800ef3c                alt_dev_llist_insert
 .text          0x000000000800efe0       0x5c ../recorder_nios_bsp//libucosii_bsp.a(alt_do_ctors.o)
                0x000000000800efe0                _do_ctors
 .text          0x000000000800f03c       0x5c ../recorder_nios_bsp//libucosii_bsp.a(alt_do_dtors.o)
                0x000000000800f03c                _do_dtors
 .text          0x000000000800f098       0x90 ../recorder_nios_bsp//libucosii_bsp.a(alt_find_dev.o)
                0x000000000800f098                alt_find_dev
 .text          0x000000000800f128       0x30 ../recorder_nios_bsp//libucosii_bsp.a(alt_icache_flush_all.o)
                0x000000000800f128                alt_icache_flush_all
 .text          0x000000000800f158      0x138 ../recorder_nios_bsp//libucosii_bsp.a(alt_io_redirect.o)
                0x000000000800f218                alt_io_redirect
 .text          0x000000000800f290      0x1b0 ../recorder_nios_bsp//libucosii_bsp.a(alt_irq_register.o)
                0x000000000800f290                alt_irq_register
 .text          0x000000000800f440        0x0 ../recorder_nios_bsp//libucosii_bsp.a(alt_irq_vars.o)
 .text          0x000000000800f440      0x274 ../recorder_nios_bsp//libucosii_bsp.a(alt_open.o)
                0x000000000800f55c                open
 .text          0x000000000800f6b4      0x19c ../recorder_nios_bsp//libucosii_bsp.a(alt_tick.o)
                0x000000000800f6b4                alt_alarm_stop
                0x000000000800f74c                alt_tick
 .text          0x000000000800f850       0x20 ../recorder_nios_bsp//libucosii_bsp.a(altera_nios2_gen2_irq.o)
                0x000000000800f850                altera_nios2_gen2_irq_init
 .text          0x000000000800f870       0xd0 ../recorder_nios_bsp//libucosii_bsp.a(os_cpu_a.o)
                0x000000000800f870                OSCtxSw
                0x000000000800f870                OSIntCtxSw
                0x000000000800f8fc                OSStartHighRdy
                0x000000000800f91c                OSStartTsk
 .text          0x000000000800f940      0x264 ../recorder_nios_bsp//libucosii_bsp.a(os_cpu_c.o)
                0x000000000800f940                OSTaskStkInit
                0x000000000800fa9c                OSTaskCreateHook
                0x000000000800fabc                OSTaskDelHook
                0x000000000800fadc                OSTaskSwHook
                0x000000000800faf8                OSTaskStatHook
                0x000000000800fb14                OSTimeTickHook
                0x000000000800fb30                OSInitHookBegin
                0x000000000800fb4c                OSInitHookEnd
                0x000000000800fb68                OSTaskIdleHook
                0x000000000800fb84                OSTCBInitHook
 .text          0x000000000800fba4      0x114 ../recorder_nios_bsp//libucosii_bsp.a(alt_find_file.o)
                0x000000000800fba4                alt_find_file
 .text          0x000000000800fcb8       0xfc ../recorder_nios_bsp//libucosii_bsp.a(alt_get_fd.o)
                0x000000000800fcb8                alt_get_fd
 .text          0x000000000800fdb4       0x8c ../recorder_nios_bsp//libucosii_bsp.a(alt_icache_flush.o)
                0x000000000800fdb4                alt_icache_flush
 .text          0x000000000800fe40        0x0 ../recorder_nios_bsp//libucosii_bsp.a(alt_irq_entry.o)
 .text          0x000000000800fe40        0x0 ../recorder_nios_bsp//libucosii_bsp.a(alt_irq_handler.o)
 .text          0x000000000800fe40        0x0 ../recorder_nios_bsp//libucosii_bsp.a(alt_exception_entry.o)
 .text          0x000000000800fe40       0x9c ../recorder_nios_bsp//libucosii_bsp.a(alt_instruction_exception_entry.o)
                0x000000000800fe40                alt_exception_cause_generated_bad_addr
 .text          0x000000000800fedc        0x0 /home/alpha/altera/15.1/nios2eds/bin/gnu/H-x86_64-pc-linux-gnu/bin/../lib/gcc/nios2-elf/4.9.2/../../../../../H-x86_64-pc-linux-gnu/nios2-elf/lib/libc.a(lib_a-atexit.o)
 .text.atexit   0x000000000800fedc       0x14 /home/alpha/altera/15.1/nios2eds/bin/gnu/H-x86_64-pc-linux-gnu/bin/../lib/gcc/nios2-elf/4.9.2/../../../../../H-x86_64-pc-linux-gnu/nios2-elf/lib/libc.a(lib_a-atexit.o)
                0x000000000800fedc                atexit
 .text          0x000000000800fef0        0x0 /home/alpha/altera/15.1/nios2eds/bin/gnu/H-x86_64-pc-linux-gnu/bin/../lib/gcc/nios2-elf/4.9.2/../../../../../H-x86_64-pc-linux-gnu/nios2-elf/lib/libc.a(lib_a-exit.o)
 .text.exit     0x000000000800fef0       0x38 /home/alpha/altera/15.1/nios2eds/bin/gnu/H-x86_64-pc-linux-gnu/bin/../lib/gcc/nios2-elf/4.9.2/../../../../../H-x86_64-pc-linux-gnu/nios2-elf/lib/libc.a(lib_a-exit.o)
                0x000000000800fef0                exit
 .text          0x000000000800ff28        0x0 /home/alpha/altera/15.1/nios2eds/bin/gnu/H-x86_64-pc-linux-gnu/bin/../lib/gcc/nios2-elf/4.9.2/../../../../../H-x86_64-pc-linux-gnu/nios2-elf/lib/libc.a(lib_a-memcmp.o)
 .text.memcmp   0x000000000800ff28       0x7c /home/alpha/altera/15.1/nios2eds/bin/gnu/H-x86_64-pc-linux-gnu/bin/../lib/gcc/nios2-elf/4.9.2/../../../../../H-x86_64-pc-linux-gnu/nios2-elf/lib/libc.a(lib_a-memcmp.o)
                0x000000000800ff28                memcmp
 .text          0x000000000800ffa4        0x0 /home/alpha/altera/15.1/nios2eds/bin/gnu/H-x86_64-pc-linux-gnu/bin/../lib/gcc/nios2-elf/4.9.2/../../../../../H-x86_64-pc-linux-gnu/nios2-elf/lib/libc.a(lib_a-__atexit.o)
 .text.__register_exitproc
                0x000000000800ffa4      0x114 /home/alpha/altera/15.1/nios2eds/bin/gnu/H-x86_64-pc-linux-gnu/bin/../lib/gcc/nios2-elf/4.9.2/../../../../../H-x86_64-pc-linux-gnu/nios2-elf/lib/libc.a(lib_a-__atexit.o)
                0x000000000800ffa4                __register_exitproc
 .text          0x00000000080100b8        0x0 /home/alpha/altera/15.1/nios2eds/bin/gnu/H-x86_64-pc-linux-gnu/bin/../lib/gcc/nios2-elf/4.9.2/../../../../../H-x86_64-pc-linux-gnu/nios2-elf/lib/libc.a(lib_a-__call_atexit.o)
 .text.__call_exitprocs
                0x00000000080100b8      0x194 /home/alpha/altera/15.1/nios2eds/bin/gnu/H-x86_64-pc-linux-gnu/bin/../lib/gcc/nios2-elf/4.9.2/../../../../../H-x86_64-pc-linux-gnu/nios2-elf/lib/libc.a(lib_a-__call_atexit.o)
                0x00000000080100b8                __call_exitprocs
 .text          0x000000000801024c       0x3c ../recorder_nios_bsp//libucosii_bsp.a(alt_exit.o)
                0x000000000801024c                _exit
 *(.gnu.warning.*)
 *(.fini)
                0x0000000008010288                PROVIDE (__etext, ABSOLUTE (.))
                0x0000000008010288                PROVIDE (_etext, ABSOLUTE (.))
                0x0000000008010288                PROVIDE (etext, ABSOLUTE (.))
 *(.eh_frame_hdr)
                0x0000000008010288                . = ALIGN (0x4)
                0x0000000008010288                PROVIDE (__preinit_array_start, ABSOLUTE (.))
 *(.preinit_array)
                0x0000000008010288                PROVIDE (__preinit_array_end, ABSOLUTE (.))
                0x0000000008010288                PROVIDE (__init_array_start, ABSOLUTE (.))
 *(.init_array)
                0x0000000008010288                PROVIDE (__init_array_end, ABSOLUTE (.))
                0x0000000008010288                PROVIDE (__fini_array_start, ABSOLUTE (.))
 *(.fini_array)
                0x0000000008010288                PROVIDE (__fini_array_end, ABSOLUTE (.))
 *(.eh_frame)
 *(.gcc_except_table .gcc_except_table.*)
 *(.dynamic)
                0x0000000008010288                PROVIDE (__CTOR_LIST__, ABSOLUTE (.))
 *(.ctors)
 *(SORT(.ctors.*))
                0x0000000008010288                PROVIDE (__CTOR_END__, ABSOLUTE (.))
                0x0000000008010288                PROVIDE (__DTOR_LIST__, ABSOLUTE (.))
 *(.dtors)
 *(SORT(.dtors.*))
                0x0000000008010288                PROVIDE (__DTOR_END__, ABSOLUTE (.))
 *(.jcr)
                0x0000000008010288                . = ALIGN (0x4)

.rodata         0x0000000008010288      0x2f8
                0x0000000008010288                PROVIDE (__ram_rodata_start, ABSOLUTE (.))
                0x0000000008010288                . = ALIGN (0x4)
 *(.rodata .rodata.* .gnu.linkonce.r.*)
 .rodata._ZTV5Color
                0x0000000008010288       0x10 obj/default/LCD/Color.o
                0x0000000008010288                vtable for Color
 .rodata.str1.4
                0x0000000008010298       0x1c obj/default/LCD/lcd_core.o
 .rodata        0x00000000080102b4        0xc obj/default/audio/audio_core.o
 .rodata.str1.4
                0x00000000080102c0       0x37 obj/default/main.o
                                         0x38 (size before relaxing)
 *fill*         0x00000000080102f7        0x1 
 .rodata._ZTSN10__cxxabiv117__class_type_infoE
                0x00000000080102f8       0x24 /home/alpha/altera/15.1/nios2eds/bin/gnu/H-x86_64-pc-linux-gnu/bin/../lib/gcc/nios2-elf/4.9.2/../../../../../H-x86_64-pc-linux-gnu/nios2-elf/lib/libstdc++.a(class_type_info.o)
                0x00000000080102f8                typeinfo name for __cxxabiv1::__class_type_info
 .rodata._ZTIN10__cxxabiv117__class_type_infoE
                0x000000000801031c        0xc /home/alpha/altera/15.1/nios2eds/bin/gnu/H-x86_64-pc-linux-gnu/bin/../lib/gcc/nios2-elf/4.9.2/../../../../../H-x86_64-pc-linux-gnu/nios2-elf/lib/libstdc++.a(class_type_info.o)
                0x000000000801031c                typeinfo for __cxxabiv1::__class_type_info
 .rodata._ZTVN10__cxxabiv117__class_type_infoE
                0x0000000008010328       0x2c /home/alpha/altera/15.1/nios2eds/bin/gnu/H-x86_64-pc-linux-gnu/bin/../lib/gcc/nios2-elf/4.9.2/../../../../../H-x86_64-pc-linux-gnu/nios2-elf/lib/libstdc++.a(class_type_info.o)
                0x0000000008010328                vtable for __cxxabiv1::__class_type_info
 .rodata._ZTSN10__cxxabiv120__si_class_type_infoE
                0x0000000008010354       0x28 /home/alpha/altera/15.1/nios2eds/bin/gnu/H-x86_64-pc-linux-gnu/bin/../lib/gcc/nios2-elf/4.9.2/../../../../../H-x86_64-pc-linux-gnu/nios2-elf/lib/libstdc++.a(si_class_type_info.o)
                0x0000000008010354                typeinfo name for __cxxabiv1::__si_class_type_info
 .rodata._ZTIN10__cxxabiv120__si_class_type_infoE
                0x000000000801037c        0xc /home/alpha/altera/15.1/nios2eds/bin/gnu/H-x86_64-pc-linux-gnu/bin/../lib/gcc/nios2-elf/4.9.2/../../../../../H-x86_64-pc-linux-gnu/nios2-elf/lib/libstdc++.a(si_class_type_info.o)
                0x000000000801037c                typeinfo for __cxxabiv1::__si_class_type_info
 .rodata._ZTVN10__cxxabiv120__si_class_type_infoE
                0x0000000008010388       0x2c /home/alpha/altera/15.1/nios2eds/bin/gnu/H-x86_64-pc-linux-gnu/bin/../lib/gcc/nios2-elf/4.9.2/../../../../../H-x86_64-pc-linux-gnu/nios2-elf/lib/libstdc++.a(si_class_type_info.o)
                0x0000000008010388                vtable for __cxxabiv1::__si_class_type_info
 .rodata._ZTSSt9type_info
                0x00000000080103b4       0x10 /home/alpha/altera/15.1/nios2eds/bin/gnu/H-x86_64-pc-linux-gnu/bin/../lib/gcc/nios2-elf/4.9.2/../../../../../H-x86_64-pc-linux-gnu/nios2-elf/lib/libstdc++.a(tinfo.o)
                0x00000000080103b4                typeinfo name for std::type_info
 .rodata._ZTVSt9type_info
                0x00000000080103c4       0x20 /home/alpha/altera/15.1/nios2eds/bin/gnu/H-x86_64-pc-linux-gnu/bin/../lib/gcc/nios2-elf/4.9.2/../../../../../H-x86_64-pc-linux-gnu/nios2-elf/lib/libstdc++.a(tinfo.o)
                0x00000000080103c4                vtable for std::type_info
 .rodata.str1.4
                0x00000000080103e4        0x2 /home/alpha/altera/15.1/nios2eds/bin/gnu/H-x86_64-pc-linux-gnu/bin/../lib/gcc/nios2-elf/4.9.2/../../../../../H-x86_64-pc-linux-gnu/nios2-elf/lib/libc.a(lib_a-puts.o)
                                          0x4 (size before relaxing)
 *fill*         0x00000000080103e6        0x2 
 .rodata.str1.4
                0x00000000080103e8        0x4 /home/alpha/altera/15.1/nios2eds/bin/gnu/H-x86_64-pc-linux-gnu/bin/../lib/gcc/nios2-elf/4.9.2/../../../../../H-x86_64-pc-linux-gnu/nios2-elf/lib/libc.a(lib_a-impure.o)
 .rodata        0x00000000080103ec        0xc ../recorder_nios_bsp//libucosii_bsp.a(alt_dev.o)
 .rodata        0x00000000080103f8       0x10 ../recorder_nios_bsp//libucosii_bsp.a(alt_main.o)
 .rodata        0x0000000008010408      0x120 ../recorder_nios_bsp//libucosii_bsp.a(os_core.o)
                0x0000000008010408                OSUnMapTbl
 .rodata        0x0000000008010528       0x54 ../recorder_nios_bsp//libucosii_bsp.a(alt_sys_init.o)
 .rodata        0x000000000801057c        0x4 ../recorder_nios_bsp//libucosii_bsp.a(os_cpu_c.o)
 *(.rodata1)
                0x0000000008010580                . = ALIGN (0x4)
                0x0000000008010580                PROVIDE (__ram_rodata_end, ABSOLUTE (.))
                0x0000000008010288                PROVIDE (__flash_rodata_start, LOADADDR (.rodata))

.rwdata         0x0000000008010580     0xa670 load address 0x000000000801abf0
                0x0000000008010580                PROVIDE (__ram_rwdata_start, ABSOLUTE (.))
                0x0000000008010580                . = ALIGN (0x4)
 *(.got.plt)
 *(.got)
 *(.data1)
 *(.data .data.* .gnu.linkonce.d.*)
 .data          0x0000000008010580        0x0 ../recorder_nios_bsp//obj/HAL/src/crt0.o
 .data          0x0000000008010580     0x29f0 obj/default/LCD/font/arial18.o
                0x0000000008010580                arial18bm
                0x0000000008012800                arial18cnt
                0x0000000008012980                arial18pos
 .data          0x0000000008012f70     0x3e5c obj/default/LCD/font/arial22.o
                0x0000000008012f70                arial22bm
                0x00000000080164e0                arial22cnt
                0x0000000008016660                arial22pos
 .data          0x0000000008016dcc     0x225c obj/default/LCD/font/arial40.o
                0x0000000008016dcc                arial40bm
                0x00000000080188b8                arial40cnt
                0x0000000008018a38                arial40pos
 .data          0x0000000008019028        0x0 obj/default/LCD/Color.o
 .data          0x0000000008019028        0x0 obj/default/LCD/lcd_core.o
 .data          0x0000000008019028        0x0 obj/default/audio/audio_core.o
 .data          0x0000000008019028        0x0 obj/default/main.o
 .data          0x0000000008019028        0x0 /home/alpha/altera/15.1/nios2eds/bin/gnu/H-x86_64-pc-linux-gnu/bin/../lib/gcc/nios2-elf/4.9.2/../../../../../H-x86_64-pc-linux-gnu/nios2-elf/lib/libstdc++.a(class_type_info.o)
 .data          0x0000000008019028        0x0 /home/alpha/altera/15.1/nios2eds/bin/gnu/H-x86_64-pc-linux-gnu/bin/../lib/gcc/nios2-elf/4.9.2/../../../../../H-x86_64-pc-linux-gnu/nios2-elf/lib/libstdc++.a(del_op.o)
 .data          0x0000000008019028        0x0 /home/alpha/altera/15.1/nios2eds/bin/gnu/H-x86_64-pc-linux-gnu/bin/../lib/gcc/nios2-elf/4.9.2/../../../../../H-x86_64-pc-linux-gnu/nios2-elf/lib/libstdc++.a(si_class_type_info.o)
 .data          0x0000000008019028        0x0 /home/alpha/altera/15.1/nios2eds/bin/gnu/H-x86_64-pc-linux-gnu/bin/../lib/gcc/nios2-elf/4.9.2/../../../../../H-x86_64-pc-linux-gnu/nios2-elf/lib/libstdc++.a(tinfo.o)
 .data          0x0000000008019028        0x0 /home/alpha/altera/15.1/nios2eds/bin/gnu/H-x86_64-pc-linux-gnu/bin/../lib/gcc/nios2-elf/4.9.2/../../../../../H-x86_64-pc-linux-gnu/nios2-elf/lib/libc.a(lib_a-malloc.o)
 .data          0x0000000008019028        0x0 /home/alpha/altera/15.1/nios2eds/bin/gnu/H-x86_64-pc-linux-gnu/bin/../lib/gcc/nios2-elf/4.9.2/../../../../../H-x86_64-pc-linux-gnu/nios2-elf/lib/libc.a(lib_a-mallocr.o)
 .data.__malloc_av_
                0x0000000008019028      0x408 /home/alpha/altera/15.1/nios2eds/bin/gnu/H-x86_64-pc-linux-gnu/bin/../lib/gcc/nios2-elf/4.9.2/../../../../../H-x86_64-pc-linux-gnu/nios2-elf/lib/libc.a(lib_a-mallocr.o)
                0x0000000008019028                __malloc_av_
 .data          0x0000000008019430        0x0 /home/alpha/altera/15.1/nios2eds/bin/gnu/H-x86_64-pc-linux-gnu/bin/../lib/gcc/nios2-elf/4.9.2/../../../../../H-x86_64-pc-linux-gnu/nios2-elf/lib/libc.a(lib_a-puts.o)
 .data          0x0000000008019430        0x0 /home/alpha/altera/15.1/nios2eds/bin/gnu/H-x86_64-pc-linux-gnu/bin/../lib/gcc/nios2-elf/4.9.2/../../../../../H-x86_64-pc-linux-gnu/nios2-elf/lib/libc.a(lib_a-sbrkr.o)
 .data          0x0000000008019430        0x0 /home/alpha/altera/15.1/nios2eds/bin/gnu/H-x86_64-pc-linux-gnu/bin/../lib/gcc/nios2-elf/4.9.2/../../../../../H-x86_64-pc-linux-gnu/nios2-elf/lib/libc.a(lib_a-strcmp.o)
 .data          0x0000000008019430        0x0 /home/alpha/altera/15.1/nios2eds/bin/gnu/H-x86_64-pc-linux-gnu/bin/../lib/gcc/nios2-elf/4.9.2/../../../../../H-x86_64-pc-linux-gnu/nios2-elf/lib/libc.a(lib_a-strlen.o)
 .data          0x0000000008019430        0x0 /home/alpha/altera/15.1/nios2eds/bin/gnu/H-x86_64-pc-linux-gnu/bin/../lib/gcc/nios2-elf/4.9.2/../../../../../H-x86_64-pc-linux-gnu/nios2-elf/lib/libc.a(lib_a-freer.o)
 .data          0x0000000008019430        0x0 /home/alpha/altera/15.1/nios2eds/bin/gnu/H-x86_64-pc-linux-gnu/bin/../lib/gcc/nios2-elf/4.9.2/../../../../../H-x86_64-pc-linux-gnu/nios2-elf/lib/libc.a(lib_a-fvwrite.o)
 .data          0x0000000008019430        0x0 /home/alpha/altera/15.1/nios2eds/bin/gnu/H-x86_64-pc-linux-gnu/bin/../lib/gcc/nios2-elf/4.9.2/../../../../../H-x86_64-pc-linux-gnu/nios2-elf/lib/libc.a(lib_a-impure.o)
 .data.impure_data
                0x0000000008019430      0x424 /home/alpha/altera/15.1/nios2eds/bin/gnu/H-x86_64-pc-linux-gnu/bin/../lib/gcc/nios2-elf/4.9.2/../../../../../H-x86_64-pc-linux-gnu/nios2-elf/lib/libc.a(lib_a-impure.o)
 .data          0x0000000008019854        0x0 /home/alpha/altera/15.1/nios2eds/bin/gnu/H-x86_64-pc-linux-gnu/bin/../lib/gcc/nios2-elf/4.9.2/../../../../../H-x86_64-pc-linux-gnu/nios2-elf/lib/libc.a(lib_a-int_errno.o)
 .data          0x0000000008019854        0x0 /home/alpha/altera/15.1/nios2eds/bin/gnu/H-x86_64-pc-linux-gnu/bin/../lib/gcc/nios2-elf/4.9.2/../../../../../H-x86_64-pc-linux-gnu/nios2-elf/lib/libc.a(lib_a-memchr.o)
 .data          0x0000000008019854        0x0 /home/alpha/altera/15.1/nios2eds/bin/gnu/H-x86_64-pc-linux-gnu/bin/../lib/gcc/nios2-elf/4.9.2/../../../../../H-x86_64-pc-linux-gnu/nios2-elf/lib/libc.a(lib_a-memcpy.o)
 .data          0x0000000008019854        0x0 /home/alpha/altera/15.1/nios2eds/bin/gnu/H-x86_64-pc-linux-gnu/bin/../lib/gcc/nios2-elf/4.9.2/../../../../../H-x86_64-pc-linux-gnu/nios2-elf/lib/libc.a(lib_a-memmove.o)
 .data          0x0000000008019854        0x0 /home/alpha/altera/15.1/nios2eds/bin/gnu/H-x86_64-pc-linux-gnu/bin/../lib/gcc/nios2-elf/4.9.2/../../../../../H-x86_64-pc-linux-gnu/nios2-elf/lib/libc.a(lib_a-reallocr.o)
 .data          0x0000000008019854        0x0 /home/alpha/altera/15.1/nios2eds/bin/gnu/H-x86_64-pc-linux-gnu/bin/../lib/gcc/nios2-elf/4.9.2/../../../../../H-x86_64-pc-linux-gnu/nios2-elf/lib/libc.a(lib_a-wsetup.o)
 .data          0x0000000008019854        0x0 /home/alpha/altera/15.1/nios2eds/bin/gnu/H-x86_64-pc-linux-gnu/bin/../lib/gcc/nios2-elf/4.9.2/../../../../../H-x86_64-pc-linux-gnu/nios2-elf/lib/libc.a(lib_a-fflush.o)
 .data          0x0000000008019854        0x0 /home/alpha/altera/15.1/nios2eds/bin/gnu/H-x86_64-pc-linux-gnu/bin/../lib/gcc/nios2-elf/4.9.2/../../../../../H-x86_64-pc-linux-gnu/nios2-elf/lib/libc.a(lib_a-findfp.o)
 .data          0x0000000008019854        0x0 /home/alpha/altera/15.1/nios2eds/bin/gnu/H-x86_64-pc-linux-gnu/bin/../lib/gcc/nios2-elf/4.9.2/../../../../../H-x86_64-pc-linux-gnu/nios2-elf/lib/libc.a(lib_a-fwalk.o)
 .data          0x0000000008019854        0x0 /home/alpha/altera/15.1/nios2eds/bin/gnu/H-x86_64-pc-linux-gnu/bin/../lib/gcc/nios2-elf/4.9.2/../../../../../H-x86_64-pc-linux-gnu/nios2-elf/lib/libc.a(lib_a-makebuf.o)
 .data          0x0000000008019854        0x0 /home/alpha/altera/15.1/nios2eds/bin/gnu/H-x86_64-pc-linux-gnu/bin/../lib/gcc/nios2-elf/4.9.2/../../../../../H-x86_64-pc-linux-gnu/nios2-elf/lib/libc.a(lib_a-memset.o)
 .data          0x0000000008019854        0x0 /home/alpha/altera/15.1/nios2eds/bin/gnu/H-x86_64-pc-linux-gnu/bin/../lib/gcc/nios2-elf/4.9.2/../../../../../H-x86_64-pc-linux-gnu/nios2-elf/lib/libc.a(lib_a-stdio.o)
 .data          0x0000000008019854        0x0 /home/alpha/altera/15.1/nios2eds/bin/gnu/H-x86_64-pc-linux-gnu/bin/../lib/gcc/nios2-elf/4.9.2/../../../../../H-x86_64-pc-linux-gnu/nios2-elf/lib/libc.a(lib_a-writer.o)
 .data          0x0000000008019854        0x0 /home/alpha/altera/15.1/nios2eds/bin/gnu/H-x86_64-pc-linux-gnu/bin/../lib/gcc/nios2-elf/4.9.2/../../../../../H-x86_64-pc-linux-gnu/nios2-elf/lib/libc.a(closer.o)
 .data          0x0000000008019854        0x0 /home/alpha/altera/15.1/nios2eds/bin/gnu/H-x86_64-pc-linux-gnu/bin/../lib/gcc/nios2-elf/4.9.2/../../../../../H-x86_64-pc-linux-gnu/nios2-elf/lib/libc.a(lib_a-fclose.o)
 .data          0x0000000008019854        0x0 /home/alpha/altera/15.1/nios2eds/bin/gnu/H-x86_64-pc-linux-gnu/bin/../lib/gcc/nios2-elf/4.9.2/../../../../../H-x86_64-pc-linux-gnu/nios2-elf/lib/libc.a(lib_a-fstatr.o)
 .data          0x0000000008019854        0x0 /home/alpha/altera/15.1/nios2eds/bin/gnu/H-x86_64-pc-linux-gnu/bin/../lib/gcc/nios2-elf/4.9.2/../../../../../H-x86_64-pc-linux-gnu/nios2-elf/lib/libc.a(lib_a-isattyr.o)
 .data          0x0000000008019854        0x0 /home/alpha/altera/15.1/nios2eds/bin/gnu/H-x86_64-pc-linux-gnu/bin/../lib/gcc/nios2-elf/4.9.2/../../../../../H-x86_64-pc-linux-gnu/nios2-elf/lib/libc.a(lib_a-lseekr.o)
 .data          0x0000000008019854        0x0 /home/alpha/altera/15.1/nios2eds/bin/gnu/H-x86_64-pc-linux-gnu/bin/../lib/gcc/nios2-elf/4.9.2/../../../../../H-x86_64-pc-linux-gnu/nios2-elf/lib/libc.a(lib_a-readr.o)
 .data          0x0000000008019854        0x0 /home/alpha/altera/15.1/nios2eds/bin/gnu/H-x86_64-pc-linux-gnu/bin/../lib/gcc/nios2-elf/4.9.2/libgcc.a(lib2-divmod.o)
 .data          0x0000000008019854        0x0 ../recorder_nios_bsp//libucosii_bsp.a(alt_close.o)
 .data          0x0000000008019854      0x1a8 ../recorder_nios_bsp//libucosii_bsp.a(alt_dev.o)
                0x0000000008019854                alt_dev_null
                0x000000000801987c                alt_fd_list
 .data          0x00000000080199fc        0x0 ../recorder_nios_bsp//libucosii_bsp.a(alt_errno.o)
 .data          0x00000000080199fc        0x0 ../recorder_nios_bsp//libucosii_bsp.a(alt_fstat.o)
 .data          0x00000000080199fc        0x0 ../recorder_nios_bsp//libucosii_bsp.a(alt_isatty.o)
 .data          0x00000000080199fc        0x0 ../recorder_nios_bsp//libucosii_bsp.a(alt_load.o)
 .data          0x00000000080199fc        0x0 ../recorder_nios_bsp//libucosii_bsp.a(alt_lseek.o)
 .data          0x00000000080199fc        0x0 ../recorder_nios_bsp//libucosii_bsp.a(alt_main.o)
 .data          0x00000000080199fc        0x0 ../recorder_nios_bsp//libucosii_bsp.a(alt_read.o)
 .data          0x00000000080199fc        0x0 ../recorder_nios_bsp//libucosii_bsp.a(alt_release_fd.o)
 .data          0x00000000080199fc        0x0 ../recorder_nios_bsp//libucosii_bsp.a(alt_sbrk.o)
 .data          0x00000000080199fc        0x0 ../recorder_nios_bsp//libucosii_bsp.a(alt_write.o)
 .data          0x00000000080199fc        0x0 ../recorder_nios_bsp//libucosii_bsp.a(alt_env_lock.o)
 .data          0x00000000080199fc        0x0 ../recorder_nios_bsp//libucosii_bsp.a(alt_malloc_lock.o)
 .data          0x00000000080199fc        0x0 ../recorder_nios_bsp//libucosii_bsp.a(os_core.o)
 .data          0x00000000080199fc        0x0 ../recorder_nios_bsp//libucosii_bsp.a(os_dbg.o)
 .data          0x00000000080199fc        0x0 ../recorder_nios_bsp//libucosii_bsp.a(os_flag.o)
 .data          0x00000000080199fc        0x0 ../recorder_nios_bsp//libucosii_bsp.a(os_mem.o)
 .data          0x00000000080199fc        0x0 ../recorder_nios_bsp//libucosii_bsp.a(os_q.o)
 .data          0x00000000080199fc        0x0 ../recorder_nios_bsp//libucosii_bsp.a(os_sem.o)
 .data          0x00000000080199fc        0x0 ../recorder_nios_bsp//libucosii_bsp.a(os_task.o)
 .data          0x00000000080199fc        0x0 ../recorder_nios_bsp//libucosii_bsp.a(os_time.o)
 .data          0x00000000080199fc     0x1120 ../recorder_nios_bsp//libucosii_bsp.a(alt_sys_init.o)
 .data          0x000000000801ab1c        0x0 ../recorder_nios_bsp//libucosii_bsp.a(altera_avalon_jtag_uart_fd.o)
 .data          0x000000000801ab1c        0x0 ../recorder_nios_bsp//libucosii_bsp.a(altera_avalon_jtag_uart_init.o)
 .data          0x000000000801ab1c        0x0 ../recorder_nios_bsp//libucosii_bsp.a(altera_avalon_jtag_uart_ioctl.o)
 .data          0x000000000801ab1c        0x0 ../recorder_nios_bsp//libucosii_bsp.a(altera_avalon_jtag_uart_read.o)
 .data          0x000000000801ab1c        0x0 ../recorder_nios_bsp//libucosii_bsp.a(altera_avalon_jtag_uart_write.o)
 .data          0x000000000801ab1c        0x0 ../recorder_nios_bsp//libucosii_bsp.a(altera_avalon_timer_sc.o)
 .data          0x000000000801ab1c        0x0 ../recorder_nios_bsp//libucosii_bsp.a(altera_up_avalon_audio.o)
 .data          0x000000000801ab1c        0x0 ../recorder_nios_bsp//libucosii_bsp.a(altera_up_avalon_video_pixel_buffer_dma.o)
 .data          0x000000000801ab1c        0x0 ../recorder_nios_bsp//libucosii_bsp.a(alt_alarm_start.o)
 .data          0x000000000801ab1c        0x0 ../recorder_nios_bsp//libucosii_bsp.a(alt_dcache_flush_all.o)
 .data          0x000000000801ab1c        0x0 ../recorder_nios_bsp//libucosii_bsp.a(alt_dev_llist_insert.o)
 .data          0x000000000801ab1c        0x0 ../recorder_nios_bsp//libucosii_bsp.a(alt_do_ctors.o)
 .data          0x000000000801ab1c        0x0 ../recorder_nios_bsp//libucosii_bsp.a(alt_do_dtors.o)
 .data          0x000000000801ab1c        0x0 ../recorder_nios_bsp//libucosii_bsp.a(alt_find_dev.o)
 .data          0x000000000801ab1c        0x0 ../recorder_nios_bsp//libucosii_bsp.a(alt_icache_flush_all.o)
 .data          0x000000000801ab1c        0x0 ../recorder_nios_bsp//libucosii_bsp.a(alt_io_redirect.o)
 .data          0x000000000801ab1c        0x0 ../recorder_nios_bsp//libucosii_bsp.a(alt_irq_register.o)
 .data          0x000000000801ab1c        0x0 ../recorder_nios_bsp//libucosii_bsp.a(alt_irq_vars.o)
 .data          0x000000000801ab1c        0x0 ../recorder_nios_bsp//libucosii_bsp.a(alt_open.o)
 .data          0x000000000801ab1c        0x0 ../recorder_nios_bsp//libucosii_bsp.a(alt_tick.o)
 .data          0x000000000801ab1c        0x0 ../recorder_nios_bsp//libucosii_bsp.a(altera_nios2_gen2_irq.o)
 .data          0x000000000801ab1c        0x0 ../recorder_nios_bsp//libucosii_bsp.a(os_cpu_a.o)
 .data          0x000000000801ab1c        0x0 ../recorder_nios_bsp//libucosii_bsp.a(os_cpu_c.o)
 .data          0x000000000801ab1c        0x0 ../recorder_nios_bsp//libucosii_bsp.a(alt_find_file.o)
 .data          0x000000000801ab1c        0x0 ../recorder_nios_bsp//libucosii_bsp.a(alt_get_fd.o)
 .data          0x000000000801ab1c        0x0 ../recorder_nios_bsp//libucosii_bsp.a(alt_icache_flush.o)
 .data          0x000000000801ab1c        0x0 ../recorder_nios_bsp//libucosii_bsp.a(alt_irq_entry.o)
 .data          0x000000000801ab1c        0x0 ../recorder_nios_bsp//libucosii_bsp.a(alt_irq_handler.o)
 .data          0x000000000801ab1c        0x0 ../recorder_nios_bsp//libucosii_bsp.a(alt_exception_entry.o)
 .data          0x000000000801ab1c        0x0 ../recorder_nios_bsp//libucosii_bsp.a(alt_instruction_exception_entry.o)
 .data          0x000000000801ab1c        0x0 /home/alpha/altera/15.1/nios2eds/bin/gnu/H-x86_64-pc-linux-gnu/bin/../lib/gcc/nios2-elf/4.9.2/../../../../../H-x86_64-pc-linux-gnu/nios2-elf/lib/libc.a(lib_a-atexit.o)
 .data          0x000000000801ab1c        0x0 /home/alpha/altera/15.1/nios2eds/bin/gnu/H-x86_64-pc-linux-gnu/bin/../lib/gcc/nios2-elf/4.9.2/../../../../../H-x86_64-pc-linux-gnu/nios2-elf/lib/libc.a(lib_a-exit.o)
 .data          0x000000000801ab1c        0x0 /home/alpha/altera/15.1/nios2eds/bin/gnu/H-x86_64-pc-linux-gnu/bin/../lib/gcc/nios2-elf/4.9.2/../../../../../H-x86_64-pc-linux-gnu/nios2-elf/lib/libc.a(lib_a-memcmp.o)
 .data          0x000000000801ab1c        0x0 /home/alpha/altera/15.1/nios2eds/bin/gnu/H-x86_64-pc-linux-gnu/bin/../lib/gcc/nios2-elf/4.9.2/../../../../../H-x86_64-pc-linux-gnu/nios2-elf/lib/libc.a(lib_a-__atexit.o)
 .data          0x000000000801ab1c        0x0 /home/alpha/altera/15.1/nios2eds/bin/gnu/H-x86_64-pc-linux-gnu/bin/../lib/gcc/nios2-elf/4.9.2/../../../../../H-x86_64-pc-linux-gnu/nios2-elf/lib/libc.a(lib_a-__call_atexit.o)
 .data          0x000000000801ab1c        0x0 ../recorder_nios_bsp//libucosii_bsp.a(alt_exit.o)
                0x0000000008022b1c                _gp = ABSOLUTE ((. + 0x8000))
                0x0000000008022b1c                PROVIDE (gp, _gp)
 *(.rwdata .rwdata.*)
 *(.sdata .sdata.* .gnu.linkonce.s.*)
 .sdata._ZTI5Color
                0x000000000801ab1c        0x8 obj/default/LCD/Color.o
                0x000000000801ab1c                typeinfo for Color
 .sdata._ZTS5Color
                0x000000000801ab24        0x8 obj/default/LCD/Color.o
                0x000000000801ab24                typeinfo name for Color
 .sdata         0x000000000801ab2c        0x8 obj/default/audio/audio_core.o
 .sdata._ZTISt9type_info
                0x000000000801ab34        0x8 /home/alpha/altera/15.1/nios2eds/bin/gnu/H-x86_64-pc-linux-gnu/bin/../lib/gcc/nios2-elf/4.9.2/../../../../../H-x86_64-pc-linux-gnu/nios2-elf/lib/libstdc++.a(tinfo.o)
                0x000000000801ab34                typeinfo for std::type_info
 .sdata.__malloc_sbrk_base
                0x000000000801ab3c        0x4 /home/alpha/altera/15.1/nios2eds/bin/gnu/H-x86_64-pc-linux-gnu/bin/../lib/gcc/nios2-elf/4.9.2/../../../../../H-x86_64-pc-linux-gnu/nios2-elf/lib/libc.a(lib_a-mallocr.o)
                0x000000000801ab3c                __malloc_sbrk_base
 .sdata.__malloc_trim_threshold
                0x000000000801ab40        0x4 /home/alpha/altera/15.1/nios2eds/bin/gnu/H-x86_64-pc-linux-gnu/bin/../lib/gcc/nios2-elf/4.9.2/../../../../../H-x86_64-pc-linux-gnu/nios2-elf/lib/libc.a(lib_a-mallocr.o)
                0x000000000801ab40                __malloc_trim_threshold
 .sdata._global_impure_ptr
                0x000000000801ab44        0x4 /home/alpha/altera/15.1/nios2eds/bin/gnu/H-x86_64-pc-linux-gnu/bin/../lib/gcc/nios2-elf/4.9.2/../../../../../H-x86_64-pc-linux-gnu/nios2-elf/lib/libc.a(lib_a-impure.o)
                0x000000000801ab44                _global_impure_ptr
 .sdata._impure_ptr
                0x000000000801ab48        0x4 /home/alpha/altera/15.1/nios2eds/bin/gnu/H-x86_64-pc-linux-gnu/bin/../lib/gcc/nios2-elf/4.9.2/../../../../../H-x86_64-pc-linux-gnu/nios2-elf/lib/libc.a(lib_a-impure.o)
                0x000000000801ab48                _impure_ptr
 .sdata         0x000000000801ab4c       0x14 ../recorder_nios_bsp//libucosii_bsp.a(alt_dev.o)
                0x000000000801ab4c                alt_fs_list
                0x000000000801ab54                alt_dev_list
                0x000000000801ab5c                alt_max_fd
 .sdata         0x000000000801ab60        0x4 ../recorder_nios_bsp//libucosii_bsp.a(alt_errno.o)
                0x000000000801ab60                alt_errno
 .sdata         0x000000000801ab64        0x4 ../recorder_nios_bsp//libucosii_bsp.a(alt_sbrk.o)
 .sdata         0x000000000801ab68        0x4 ../recorder_nios_bsp//libucosii_bsp.a(alt_env_lock.o)
 .sdata         0x000000000801ab6c        0x4 ../recorder_nios_bsp//libucosii_bsp.a(alt_malloc_lock.o)
 .sdata         0x000000000801ab70       0x74 ../recorder_nios_bsp//libucosii_bsp.a(os_dbg.o)
                0x000000000801ab70                OSDebugEn
                0x000000000801ab74                OSEndiannessTest
                0x000000000801ab78                OSEventEn
                0x000000000801ab7a                OSEventMax
                0x000000000801ab7c                OSEventNameSize
                0x000000000801ab7e                OSEventSize
                0x000000000801ab80                OSEventTblSize
                0x000000000801ab82                OSEventMultiEn
                0x000000000801ab84                OSFlagEn
                0x000000000801ab86                OSFlagGrpSize
                0x000000000801ab88                OSFlagNodeSize
                0x000000000801ab8a                OSFlagWidth
                0x000000000801ab8c                OSFlagMax
                0x000000000801ab8e                OSFlagNameSize
                0x000000000801ab90                OSLowestPrio
                0x000000000801ab92                OSMboxEn
                0x000000000801ab94                OSMemEn
                0x000000000801ab96                OSMemMax
                0x000000000801ab98                OSMemNameSize
                0x000000000801ab9a                OSMemSize
                0x000000000801ab9c                OSMemTblSize
                0x000000000801ab9e                OSMutexEn
                0x000000000801aba0                OSPtrSize
                0x000000000801aba2                OSQEn
                0x000000000801aba4                OSQMax
                0x000000000801aba6                OSQSize
                0x000000000801aba8                OSRdyTblSize
                0x000000000801abaa                OSSemEn
                0x000000000801abac                OSStkWidth
                0x000000000801abae                OSTaskCreateEn
                0x000000000801abb0                OSTaskCreateExtEn
                0x000000000801abb2                OSTaskDelEn
                0x000000000801abb4                OSTaskIdleStkSize
                0x000000000801abb6                OSTaskProfileEn
                0x000000000801abb8                OSTaskMax
                0x000000000801abba                OSTaskNameSize
                0x000000000801abbc                OSTaskStatEn
                0x000000000801abbe                OSTaskStatStkSize
                0x000000000801abc0                OSTaskStatStkChkEn
                0x000000000801abc2                OSTaskSwHookEn
                0x000000000801abc4                OSTCBPrioTblMax
                0x000000000801abc6                OSTCBSize
                0x000000000801abc8                OSTicksPerSec
                0x000000000801abca                OSTimeTickHookEn
                0x000000000801abcc                OSVersionNbr
                0x000000000801abce                OSTmrEn
                0x000000000801abd0                OSTmrCfgMax
                0x000000000801abd2                OSTmrCfgNameSize
                0x000000000801abd4                OSTmrCfgWheelSize
                0x000000000801abd6                OSTmrCfgTicksPerSec
                0x000000000801abd8                OSTmrSize
                0x000000000801abda                OSTmrTblSize
                0x000000000801abdc                OSTmrWheelSize
                0x000000000801abde                OSTmrWheelTblSize
                0x000000000801abe0                OSDataSize
 .sdata         0x000000000801abe4        0x4 ../recorder_nios_bsp//libucosii_bsp.a(alt_irq_vars.o)
                0x000000000801abe4                alt_priority_mask
 .sdata         0x000000000801abe8        0x8 ../recorder_nios_bsp//libucosii_bsp.a(alt_tick.o)
                0x000000000801abe8                alt_alarm_list
 *(.sdata2 .sdata2.* .gnu.linkonce.s2.*)
                0x000000000801abf0                . = ALIGN (0x4)
                0x000000000801abf0                _edata = ABSOLUTE (.)
                0x000000000801abf0                PROVIDE (edata, ABSOLUTE (.))
                0x000000000801abf0                PROVIDE (__ram_rwdata_end, ABSOLUTE (.))
                0x000000000801abf0                PROVIDE (__flash_rwdata_start, LOADADDR (.rwdata))

.bss            0x0000000008025260     0x7bf0
                0x0000000008025260                __bss_start = ABSOLUTE (.)
                0x0000000008025260                PROVIDE (__sbss_start, ABSOLUTE (.))
                0x0000000008025260                PROVIDE (___sbss_start, ABSOLUTE (.))
 *(.dynsbss)
 *(.sbss .sbss.* .gnu.linkonce.sb.*)
 .sbss          0x0000000008025260        0x4 obj/default/LCD/lcd_core.o
                0x0000000008025260                LCD::dev
 .sbss          0x0000000008025264       0x10 obj/default/audio/audio_core.o
                0x0000000008025264                Audio::dev
                0x0000000008025268                Audio::buf_head
                0x000000000802526c                Audio::buf_tail
                0x0000000008025270                Audio::max_lat
 .sbss.__malloc_max_total_mem
                0x0000000008025274        0x4 /home/alpha/altera/15.1/nios2eds/bin/gnu/H-x86_64-pc-linux-gnu/bin/../lib/gcc/nios2-elf/4.9.2/../../../../../H-x86_64-pc-linux-gnu/nios2-elf/lib/libc.a(lib_a-mallocr.o)
                0x0000000008025274                __malloc_max_total_mem
 .sbss.__malloc_max_sbrked_mem
                0x0000000008025278        0x4 /home/alpha/altera/15.1/nios2eds/bin/gnu/H-x86_64-pc-linux-gnu/bin/../lib/gcc/nios2-elf/4.9.2/../../../../../H-x86_64-pc-linux-gnu/nios2-elf/lib/libc.a(lib_a-mallocr.o)
                0x0000000008025278                __malloc_max_sbrked_mem
 .sbss.__malloc_top_pad
                0x000000000802527c        0x4 /home/alpha/altera/15.1/nios2eds/bin/gnu/H-x86_64-pc-linux-gnu/bin/../lib/gcc/nios2-elf/4.9.2/../../../../../H-x86_64-pc-linux-gnu/nios2-elf/lib/libc.a(lib_a-mallocr.o)
                0x000000000802527c                __malloc_top_pad
 .sbss          0x0000000008025280        0x4 /home/alpha/altera/15.1/nios2eds/bin/gnu/H-x86_64-pc-linux-gnu/bin/../lib/gcc/nios2-elf/4.9.2/../../../../../H-x86_64-pc-linux-gnu/nios2-elf/lib/libc.a(lib_a-int_errno.o)
                0x0000000008025280                errno
 .sbss          0x0000000008025284        0x4 ../recorder_nios_bsp//libucosii_bsp.a(alt_dev.o)
                0x0000000008025284                alt_fd_list_lock
 .sbss          0x0000000008025288        0xc ../recorder_nios_bsp//libucosii_bsp.a(alt_main.o)
                0x0000000008025288                alt_argc
                0x000000000802528c                alt_argv
                0x0000000008025290                alt_envp
 .sbss          0x0000000008025294        0x8 ../recorder_nios_bsp//libucosii_bsp.a(alt_env_lock.o)
                0x0000000008025298                alt_envsem
 .sbss          0x000000000802529c        0x8 ../recorder_nios_bsp//libucosii_bsp.a(alt_malloc_lock.o)
                0x00000000080252a0                alt_heapsem
 .sbss          0x00000000080252a4       0x50 ../recorder_nios_bsp//libucosii_bsp.a(os_core.o)
                0x00000000080252a4                OSLockNesting
                0x00000000080252a5                OSRunning
                0x00000000080252a8                OSIdleCtr
                0x00000000080252ac                OSPrioHighRdy
                0x00000000080252ad                OSPrioCur
                0x00000000080252b0                OSTCBList
                0x00000000080252b4                OSTickStepState
                0x00000000080252b8                OSCtxSwCtr
                0x00000000080252bc                OSIdleCtrMax
                0x00000000080252c0                OSTCBFreeList
                0x00000000080252c4                OSCPUUsage
                0x00000000080252c5                OSTaskCtr
                0x00000000080252c8                OSMemFreeList
                0x00000000080252cc                OSTCBHighRdy
                0x00000000080252d0                OSQFreeList
                0x00000000080252d4                OSRdyGrp
                0x00000000080252d5                OSRdyTbl
                0x00000000080252d8                OSEventFreeList
                0x00000000080252dc                OSIntNesting
                0x00000000080252e0                OSTCBCur
                0x00000000080252e4                OSTime
                0x00000000080252e8                OSFlagFreeList
                0x00000000080252ec                OSStatRdy
                0x00000000080252f0                OSIdleCtrRun
 .sbss          0x00000000080252f4        0x4 ../recorder_nios_bsp//libucosii_bsp.a(alt_irq_vars.o)
                0x00000000080252f4                alt_irq_active
 .sbss          0x00000000080252f8        0x8 ../recorder_nios_bsp//libucosii_bsp.a(alt_tick.o)
                0x00000000080252f8                _alt_tick_rate
                0x00000000080252fc                _alt_nticks
 .sbss          0x0000000008025300        0x4 ../recorder_nios_bsp//libucosii_bsp.a(alt_instruction_exception_entry.o)
                0x0000000008025300                alt_instruction_exception_handler
 *(.sbss2 .sbss2.* .gnu.linkonce.sb2.*)
 *(.scommon)
                0x0000000008025304                PROVIDE (__sbss_end, ABSOLUTE (.))
                0x0000000008025304                PROVIDE (___sbss_end, ABSOLUTE (.))
 *(.dynbss)
 *(.bss .bss.* .gnu.linkonce.b.*)
 .bss           0x0000000008025304        0x0 ../recorder_nios_bsp//obj/HAL/src/crt0.o
 .bss           0x0000000008025304        0x0 obj/default/LCD/font/arial18.o
 .bss           0x0000000008025304        0x0 obj/default/LCD/font/arial22.o
 .bss           0x0000000008025304        0x0 obj/default/LCD/font/arial40.o
 .bss           0x0000000008025304        0x0 obj/default/LCD/Color.o
 .bss           0x0000000008025304        0x0 obj/default/LCD/lcd_core.o
 .bss           0x0000000008025304      0x800 obj/default/audio/audio_core.o
                0x0000000008025304                Audio::buffer
                0x0000000008025704                Audio::_tmp_buf
 .bss           0x0000000008025b04     0x4000 obj/default/main.o
                0x0000000008025b04                task2_stk
                0x0000000008027b04                task1_stk
 .bss           0x0000000008029b04        0x0 /home/alpha/altera/15.1/nios2eds/bin/gnu/H-x86_64-pc-linux-gnu/bin/../lib/gcc/nios2-elf/4.9.2/../../../../../H-x86_64-pc-linux-gnu/nios2-elf/lib/libstdc++.a(class_type_info.o)
 .bss           0x0000000008029b04        0x0 /home/alpha/altera/15.1/nios2eds/bin/gnu/H-x86_64-pc-linux-gnu/bin/../lib/gcc/nios2-elf/4.9.2/../../../../../H-x86_64-pc-linux-gnu/nios2-elf/lib/libstdc++.a(del_op.o)
 .bss           0x0000000008029b04        0x0 /home/alpha/altera/15.1/nios2eds/bin/gnu/H-x86_64-pc-linux-gnu/bin/../lib/gcc/nios2-elf/4.9.2/../../../../../H-x86_64-pc-linux-gnu/nios2-elf/lib/libstdc++.a(si_class_type_info.o)
 .bss           0x0000000008029b04        0x0 /home/alpha/altera/15.1/nios2eds/bin/gnu/H-x86_64-pc-linux-gnu/bin/../lib/gcc/nios2-elf/4.9.2/../../../../../H-x86_64-pc-linux-gnu/nios2-elf/lib/libstdc++.a(tinfo.o)
 .bss           0x0000000008029b04        0x0 /home/alpha/altera/15.1/nios2eds/bin/gnu/H-x86_64-pc-linux-gnu/bin/../lib/gcc/nios2-elf/4.9.2/../../../../../H-x86_64-pc-linux-gnu/nios2-elf/lib/libc.a(lib_a-malloc.o)
 .bss           0x0000000008029b04        0x0 /home/alpha/altera/15.1/nios2eds/bin/gnu/H-x86_64-pc-linux-gnu/bin/../lib/gcc/nios2-elf/4.9.2/../../../../../H-x86_64-pc-linux-gnu/nios2-elf/lib/libc.a(lib_a-mallocr.o)
 .bss.__malloc_current_mallinfo