Archive member included to satisfy reference by file (symbol)

/home/alpha/altera/15.1/nios2eds/bin/gnu/H-x86_64-pc-linux-gnu/bin/../lib/gcc/nios2-elf/4.9.2/../../../../../H-x86_64-pc-linux-gnu/nios2-elf/lib/libc.a(lib_a-printf.o)
                              obj/default/hello_world.o (printf)
/home/alpha/altera/15.1/nios2eds/bin/gnu/H-x86_64-pc-linux-gnu/bin/../lib/gcc/nios2-elf/4.9.2/../../../../../H-x86_64-pc-linux-gnu/nios2-elf/lib/libc.a(lib_a-puts.o)
                              obj/default/hello_world.o (puts)
/home/alpha/altera/15.1/nios2eds/bin/gnu/H-x86_64-pc-linux-gnu/bin/../lib/gcc/nios2-elf/4.9.2/../../../../../H-x86_64-pc-linux-gnu/nios2-elf/lib/libc.a(lib_a-rand.o)
                              obj/default/hello_world.o (rand)
/home/alpha/altera/15.1/nios2eds/bin/gnu/H-x86_64-pc-linux-gnu/bin/../lib/gcc/nios2-elf/4.9.2/../../../../../H-x86_64-pc-linux-gnu/nios2-elf/lib/libc.a(lib_a-strlen.o)
                              /home/alpha/altera/15.1/nios2eds/bin/gnu/H-x86_64-pc-linux-gnu/bin/../lib/gcc/nios2-elf/4.9.2/../../../../../H-x86_64-pc-linux-gnu/nios2-elf/lib/libc.a(lib_a-puts.o) (strlen)
/home/alpha/altera/15.1/nios2eds/bin/gnu/H-x86_64-pc-linux-gnu/bin/../lib/gcc/nios2-elf/4.9.2/../../../../../H-x86_64-pc-linux-gnu/nios2-elf/lib/libc.a(lib_a-vfprintf.o)
                              /home/alpha/altera/15.1/nios2eds/bin/gnu/H-x86_64-pc-linux-gnu/bin/../lib/gcc/nios2-elf/4.9.2/../../../../../H-x86_64-pc-linux-gnu/nios2-elf/lib/libc.a(lib_a-printf.o) (___vfprintf_internal_r)
/home/alpha/altera/15.1/nios2eds/bin/gnu/H-x86_64-pc-linux-gnu/bin/../lib/gcc/nios2-elf/4.9.2/../../../../../H-x86_64-pc-linux-gnu/nios2-elf/lib/libc.a(lib_a-wsetup.o)
                              /home/alpha/altera/15.1/nios2eds/bin/gnu/H-x86_64-pc-linux-gnu/bin/../lib/gcc/nios2-elf/4.9.2/../../../../../H-x86_64-pc-linux-gnu/nios2-elf/lib/libc.a(lib_a-vfprintf.o) (__swsetup_r)
/home/alpha/altera/15.1/nios2eds/bin/gnu/H-x86_64-pc-linux-gnu/bin/../lib/gcc/nios2-elf/4.9.2/../../../../../H-x86_64-pc-linux-gnu/nios2-elf/lib/libc.a(lib_a-dtoa.o)
                              /home/alpha/altera/15.1/nios2eds/bin/gnu/H-x86_64-pc-linux-gnu/bin/../lib/gcc/nios2-elf/4.9.2/../../../../../H-x86_64-pc-linux-gnu/nios2-elf/lib/libc.a(lib_a-vfprintf.o) (_dtoa_r)
/home/alpha/altera/15.1/nios2eds/bin/gnu/H-x86_64-pc-linux-gnu/bin/../lib/gcc/nios2-elf/4.9.2/../../../../../H-x86_64-pc-linux-gnu/nios2-elf/lib/libc.a(lib_a-fflush.o)
                              /home/alpha/altera/15.1/nios2eds/bin/gnu/H-x86_64-pc-linux-gnu/bin/../lib/gcc/nios2-elf/4.9.2/../../../../../H-x86_64-pc-linux-gnu/nios2-elf/lib/libc.a(lib_a-vfprintf.o) (_fflush_r)
/home/alpha/altera/15.1/nios2eds/bin/gnu/H-x86_64-pc-linux-gnu/bin/../lib/gcc/nios2-elf/4.9.2/../../../../../H-x86_64-pc-linux-gnu/nios2-elf/lib/libc.a(lib_a-findfp.o)
                              /home/alpha/altera/15.1/nios2eds/bin/gnu/H-x86_64-pc-linux-gnu/bin/../lib/gcc/nios2-elf/4.9.2/../../../../../H-x86_64-pc-linux-gnu/nios2-elf/lib/libc.a(lib_a-vfprintf.o) (__sinit)
/home/alpha/altera/15.1/nios2eds/bin/gnu/H-x86_64-pc-linux-gnu/bin/../lib/gcc/nios2-elf/4.9.2/../../../../../H-x86_64-pc-linux-gnu/nios2-elf/lib/libc.a(lib_a-freer.o)
                              /home/alpha/altera/15.1/nios2eds/bin/gnu/H-x86_64-pc-linux-gnu/bin/../lib/gcc/nios2-elf/4.9.2/../../../../../H-x86_64-pc-linux-gnu/nios2-elf/lib/libc.a(lib_a-wsetup.o) (_free_r)
/home/alpha/altera/15.1/nios2eds/bin/gnu/H-x86_64-pc-linux-gnu/bin/../lib/gcc/nios2-elf/4.9.2/../../../../../H-x86_64-pc-linux-gnu/nios2-elf/lib/libc.a(lib_a-fvwrite.o)
                              /home/alpha/altera/15.1/nios2eds/bin/gnu/H-x86_64-pc-linux-gnu/bin/../lib/gcc/nios2-elf/4.9.2/../../../../../H-x86_64-pc-linux-gnu/nios2-elf/lib/libc.a(lib_a-puts.o) (__sfvwrite_r)
/home/alpha/altera/15.1/nios2eds/bin/gnu/H-x86_64-pc-linux-gnu/bin/../lib/gcc/nios2-elf/4.9.2/../../../../../H-x86_64-pc-linux-gnu/nios2-elf/lib/libc.a(lib_a-fwalk.o)
                              /home/alpha/altera/15.1/nios2eds/bin/gnu/H-x86_64-pc-linux-gnu/bin/../lib/gcc/nios2-elf/4.9.2/../../../../../H-x86_64-pc-linux-gnu/nios2-elf/lib/libc.a(lib_a-findfp.o) (_fwalk)
/home/alpha/altera/15.1/nios2eds/bin/gnu/H-x86_64-pc-linux-gnu/bin/../lib/gcc/nios2-elf/4.9.2/../../../../../H-x86_64-pc-linux-gnu/nios2-elf/lib/libc.a(lib_a-impure.o)
                              /home/alpha/altera/15.1/nios2eds/bin/gnu/H-x86_64-pc-linux-gnu/bin/../lib/gcc/nios2-elf/4.9.2/../../../../../H-x86_64-pc-linux-gnu/nios2-elf/lib/libc.a(lib_a-fflush.o) (_global_impure_ptr)
/home/alpha/altera/15.1/nios2eds/bin/gnu/H-x86_64-pc-linux-gnu/bin/../lib/gcc/nios2-elf/4.9.2/../../../../../H-x86_64-pc-linux-gnu/nios2-elf/lib/libc.a(lib_a-locale.o)
                              /home/alpha/altera/15.1/nios2eds/bin/gnu/H-x86_64-pc-linux-gnu/bin/../lib/gcc/nios2-elf/4.9.2/../../../../../H-x86_64-pc-linux-gnu/nios2-elf/lib/libc.a(lib_a-vfprintf.o) (_localeconv_r)
[...]
Memory Configuration

Name             Origin             Length             Attributes
reset            0x0000000008000000 0x0000000000000020
sdram_controller 0x0000000008000020 0x0000000002363c60
onchip_memory2   0x0000000010220000 0x0000000000019000
*default*        0x0000000000000000 0xffffffffffffffff

Linker script and memory map

LOAD ../nios_test_bsp//obj/HAL/src/crt0.o
LOAD obj/default/hello_world.o
LOAD /home/alpha/altera/15.1/nios2eds/bin/gnu/H-x86_64-pc-linux-gnu/bin/../lib/gcc/nios2-elf/4.9.2/../../../../../H-x86_64-pc-linux-gnu/nios2-elf/lib/libstdc++.a
LOAD /home/alpha/altera/15.1/nios2eds/bin/gnu/H-x86_64-pc-linux-gnu/bin/../lib/gcc/nios2-elf/4.9.2/../../../../../H-x86_64-pc-linux-gnu/nios2-elf/lib/libm.a
LOAD /home/alpha/altera/15.1/nios2eds/bin/gnu/H-x86_64-pc-linux-gnu/bin/../lib/gcc/nios2-elf/4.9.2/libgcc.a
START GROUP
LOAD /home/alpha/altera/15.1/nios2eds/bin/gnu/H-x86_64-pc-linux-gnu/bin/../lib/gcc/nios2-elf/4.9.2/../../../../../H-x86_64-pc-linux-gnu/nios2-elf/lib/libc.a
LOAD /home/alpha/altera/15.1/nios2eds/bin/gnu/H-x86_64-pc-linux-gnu/bin/../lib/gcc/nios2-elf/4.9.2/libgcc.a
LOAD ../nios_test_bsp//libhal_bsp.a
LOAD /home/alpha/altera/15.1/nios2eds/bin/gnu/H-x86_64-pc-linux-gnu/bin/../lib/gcc/nios2-elf/4.9.2/../../../../../H-x86_64-pc-linux-gnu/nios2-elf/lib/libm.a
END GROUP
LOAD /home/alpha/altera/15.1/nios2eds/bin/gnu/H-x86_64-pc-linux-gnu/bin/../lib/gcc/nios2-elf/4.9.2/libgcc.a
                0x0000000008000000                __alt_mem_sdram_controller = 0x8000000
                0x0000000010220000                __alt_mem_onchip_memory2 = 0x10220000

.entry          0x0000000008000000       0x20
 *(.entry)
 .entry         0x0000000008000000       0x20 ../nios_test_bsp//obj/HAL/src/crt0.o
                0x0000000008000000                __reset

.exceptions     0x0000000008000020      0x224
                0x0000000008000020                PROVIDE (__ram_exceptions_start, ABSOLUTE (.))
                0x0000000008000020                . = ALIGN (0x20)
 *(.irq)
 *(.exceptions.entry.label)
 .exceptions.entry.label
                0x0000000008000020        0x0 ../nios_test_bsp//libhal_bsp.a(alt_irq_entry.o)
                0x0000000008000020                alt_irq_entry
 .exceptions.entry.label
                0x0000000008000020        0x0 ../nios_test_bsp//libhal_bsp.a(alt_exception_entry.o)
                0x0000000008000020                alt_exception
 *(.exceptions.entry.user)
 *(.exceptions.entry.ecc_fatal)
 *(.exceptions.entry)
 .exceptions.entry
                0x0000000008000020       0x54 ../nios_test_bsp//libhal_bsp.a(alt_exception_entry.o)
 *(.exceptions.irqtest.user)
 *(.exceptions.irqtest)
 .exceptions.irqtest
                0x0000000008000074       0x10 ../nios_test_bsp//libhal_bsp.a(alt_irq_entry.o)
 *(.exceptions.irqhandler.user)
 *(.exceptions.irqhandler)
 .exceptions.irqhandler
                0x0000000008000084        0x4 ../nios_test_bsp//libhal_bsp.a(alt_irq_entry.o)
 *(.exceptions.irqreturn.user)
 *(.exceptions.irqreturn)
 .exceptions.irqreturn
                0x0000000008000088        0x4 ../nios_test_bsp//libhal_bsp.a(alt_irq_entry.o)
 *(.exceptions.notirq.label)
 .exceptions.notirq.label
                0x000000000800008c        0x0 ../nios_test_bsp//libhal_bsp.a(alt_irq_entry.o)
 *(.exceptions.notirq.user)
 *(.exceptions.notirq)
 .exceptions.notirq
                0x000000000800008c        0x8 ../nios_test_bsp//libhal_bsp.a(alt_exception_entry.o)
 *(.exceptions.soft.user)
 *(.exceptions.soft)
 *(.exceptions.unknown.user)
 *(.exceptions.unknown)
 .exceptions.unknown
                0x0000000008000094       0x14 ../nios_test_bsp//libhal_bsp.a(alt_exception_entry.o)
 *(.exceptions.exit.label)
 .exceptions.exit.label
                0x00000000080000a8        0x0 ../nios_test_bsp//libhal_bsp.a(alt_irq_entry.o)
 .exceptions.exit.label
                0x00000000080000a8        0x0 ../nios_test_bsp//libhal_bsp.a(alt_exception_entry.o)
 *(.exceptions.exit.user)
 *(.exceptions.exit)
 .exceptions.exit
                0x00000000080000a8       0x54 ../nios_test_bsp//libhal_bsp.a(alt_exception_entry.o)
 *(.exceptions)
 .exceptions    0x00000000080000fc       0xd4 ../nios_test_bsp//libhal_bsp.a(alt_irq_handler.o)
                0x00000000080000fc                alt_irq_handler
 .exceptions    0x00000000080001d0       0x74 ../nios_test_bsp//libhal_bsp.a(alt_instruction_exception_entry.o)
                0x00000000080001d0                alt_instruction_exception_entry
                0x0000000008000244                PROVIDE (__ram_exceptions_end, ABSOLUTE (.))
                0x0000000008000020                PROVIDE (__flash_exceptions_start, LOADADDR (.exceptions))

.text           0x0000000008000244    0x10f98
                0x0000000008000244                PROVIDE (stext, ABSOLUTE (.))
 *(.interp)
 *(.hash)
 *(.dynsym)
 *(.dynstr)
 *(.gnu.version)
 *(.gnu.version_d)
 *(.gnu.version_r)
 *(.rel.init)
 *(.rela.init)
 *(.rel.text .rel.text.* .rel.gnu.linkonce.t.*)
 *(.rela.text .rela.text.* .rela.gnu.linkonce.t.*)
 *(.rel.fini)
 *(.rela.fini)
 *(.rel.rodata .rel.rodata.* .rel.gnu.linkonce.r.*)
 *(.rela.rodata .rela.rodata.* .rela.gnu.linkonce.r.*)
 *(.rel.data .rel.data.* .rel.gnu.linkonce.d.*)
 *(.rela.data .rela.data.* .rela.gnu.linkonce.d.*)
 *(.rel.tdata .rel.tdata.* .rel.gnu.linkonce.td.*)
 *(.rela.tdata .rela.tdata.* .rela.gnu.linkonce.td.*)
 *(.rel.tbss .rel.tbss.* .rel.gnu.linkonce.tb.*)
 *(.rela.tbss .rela.tbss.* .rela.gnu.linkonce.tb.*)
 *(.rel.ctors)
 *(.rela.ctors)
 *(.rel.dtors)
 *(.rela.dtors)
 *(.rel.got)
 *(.rela.got)
 *(.rel.sdata .rel.sdata.* .rel.gnu.linkonce.s.*)
 *(.rela.sdata .rela.sdata.* .rela.gnu.linkonce.s.*)
 *(.rel.sbss .rel.sbss.* .rel.gnu.linkonce.sb.*)
 *(.rela.sbss .rela.sbss.* .rela.gnu.linkonce.sb.*)
 *(.rel.sdata2 .rel.sdata2.* .rel.gnu.linkonce.s2.*)
 *(.rela.sdata2 .rela.sdata2.* .rela.gnu.linkonce.s2.*)
 *(.rel.sbss2 .rel.sbss2.* .rel.gnu.linkonce.sb2.*)
 *(.rela.sbss2 .rela.sbss2.* .rela.gnu.linkonce.sb2.*)
 *(.rel.bss .rel.bss.* .rel.gnu.linkonce.b.*)
 *(.rela.bss .rela.bss.* .rela.gnu.linkonce.b.*)
 *(.rel.plt)
 *(.rela.plt)
 *(.rel.dyn)
 *(.init)
 *(.plt)
 *(.text .stub .text.* .gnu.linkonce.t.*)
 .text          0x0000000008000244       0x4c ../nios_test_bsp//obj/HAL/src/crt0.o
                0x0000000008000244                _start
 .text          0x0000000008000290      0x640 obj/default/hello_world.o
                0x0000000008000290                sleep_ms
                0x00000000080002f4                next_color
                0x0000000008000364                gettk
                0x000000000800038c                touch_handler
                0x0000000008000530                draw
                0x0000000008000614                toggle_rm
                0x00000000080006bc                main
 .text          0x00000000080008d0        0x0 /home/alpha/altera/15.1/nios2eds/bin/gnu/H-x86_64-pc-linux-gnu/bin/../lib/gcc/nios2-elf/4.9.2/../../../../../H-x86_64-pc-linux-gnu/nios2-elf/lib/libc.a(lib_a-printf.o)
 .text._printf_r
                0x00000000080008d0       0x2c /home/alpha/altera/15.1/nios2eds/bin/gnu/H-x86_64-pc-linux-gnu/bin/../lib/gcc/nios2-elf/4.9.2/../../../../../H-x86_64-pc-linux-gnu/nios2-elf/lib/libc.a(lib_a-printf.o)
                0x00000000080008d0                _printf_r
 .text.printf   0x00000000080008fc       0x3c /home/alpha/altera/15.1/nios2eds/bin/gnu/H-x86_64-pc-linux-gnu/bin/../lib/gcc/nios2-elf/4.9.2/../../../../../H-x86_64-pc-linux-gnu/nios2-elf/lib/libc.a(lib_a-printf.o)
                0x00000000080008fc                printf
 .text          0x0000000008000938        0x0 /home/alpha/altera/15.1/nios2eds/bin/gnu/H-x86_64-pc-linux-gnu/bin/../lib/gcc/nios2-elf/4.9.2/../../../../../H-x86_64-pc-linux-gnu/nios2-elf/lib/libc.a(lib_a-puts.o)
 .text._puts_r  0x0000000008000938       0xa8 /home/alpha/altera/15.1/nios2eds/bin/gnu/H-x86_64-pc-linux-gnu/bin/../lib/gcc/nios2-elf/4.9.2/../../../../../H-x86_64-pc-linux-gnu/nios2-elf/lib/libc.a(lib_a-puts.o)
                0x0000000008000938                _puts_r
 .text.puts     0x00000000080009e0       0x14 /home/alpha/altera/15.1/nios2eds/bin/gnu/H-x86_64-pc-linux-gnu/bin/../lib/gcc/nios2-elf/4.9.2/../../../../../H-x86_64-pc-linux-gnu/nios2-elf/lib/libc.a(lib_a-puts.o)
                0x00000000080009e0                puts
 .text          0x00000000080009f4        0x0 /home/alpha/altera/15.1/nios2eds/bin/gnu/H-x86_64-pc-linux-gnu/bin/../lib/gcc/nios2-elf/4.9.2/../../../../../H-x86_64-pc-linux-gnu/nios2-elf/lib/libc.a(lib_a-rand.o)
 .text.srand    0x00000000080009f4       0x18 /home/alpha/altera/15.1/nios2eds/bin/gnu/H-x86_64-pc-linux-gnu/bin/../lib/gcc/nios2-elf/4.9.2/../../../../../H-x86_64-pc-linux-gnu/nios2-elf/lib/libc.a(lib_a-rand.o)
                0x00000000080009f4                srand
 .text.rand     0x0000000008000a0c       0x64 /home/alpha/altera/15.1/nios2eds/bin/gnu/H-x86_64-pc-linux-gnu/bin/../lib/gcc/nios2-elf/4.9.2/../../../../../H-x86_64-pc-linux-gnu/nios2-elf/lib/libc.a(lib_a-rand.o)
                0x0000000008000a0c                rand
 .text          0x0000000008000a70        0x0 /home/alpha/altera/15.1/nios2eds/bin/gnu/H-x86_64-pc-linux-gnu/bin/../lib/gcc/nios2-elf/4.9.2/../../../../../H-x86_64-pc-linux-gnu/nios2-elf/lib/libc.a(lib_a-strlen.o)
 .text.strlen   0x0000000008000a70       0x98 /home/alpha/altera/15.1/nios2eds/bin/gnu/H-x86_64-pc-linux-gnu/bin/../lib/gcc/nios2-elf/4.9.2/../../../../../H-x86_64-pc-linux-gnu/nios2-elf/lib/libc.a(lib_a-strlen.o)
                0x0000000008000a70                strlen
 .text          0x0000000008000b08        0x0 /home/alpha/altera/15.1/nios2eds/bin/gnu/H-x86_64-pc-linux-gnu/bin/../lib/gcc/nios2-elf/4.9.2/../../../../../H-x86_64-pc-linux-gnu/nios2-elf/lib/libc.a(lib_a-vfprintf.o)
 .text.___vfprintf_internal_r
                0x0000000008000b08     0x1f50 /home/alpha/altera/15.1/nios2eds/bin/gnu/H-x86_64-pc-linux-gnu/bin/../lib/gcc/nios2-elf/4.9.2/../../../../../H-x86_64-pc-linux-gnu/nios2-elf/lib/libc.a(lib_a-vfprintf.o)
                0x0000000008000b08                ___vfprintf_internal_r
 .text.__vfprintf_internal
                0x0000000008002a58       0x24 /home/alpha/altera/15.1/nios2eds/bin/gnu/H-x86_64-pc-linux-gnu/bin/../lib/gcc/nios2-elf/4.9.2/../../../../../H-x86_64-pc-linux-gnu/nios2-elf/lib/libc.a(lib_a-vfprintf.o)
                0x0000000008002a58                __vfprintf_internal
 .text.__sbprintf
                0x0000000008002a7c       0xbc /home/alpha/altera/15.1/nios2eds/bin/gnu/H-x86_64-pc-linux-gnu/bin/../lib/gcc/nios2-elf/4.9.2/../../../../../H-x86_64-pc-linux-gnu/nios2-elf/lib/libc.a(lib_a-vfprintf.o)
 .text          0x0000000008002b38        0x0 /home/alpha/altera/15.1/nios2eds/bin/gnu/H-x86_64-pc-linux-gnu/bin/../lib/gcc/nios2-elf/4.9.2/../../../../../H-x86_64-pc-linux-gnu/nios2-elf/lib/libc.a(lib_a-wsetup.o)
 .text.__swsetup_r
                0x0000000008002b38      0x154 /home/alpha/altera/15.1/nios2eds/bin/gnu/H-x86_64-pc-linux-gnu/bin/../lib/gcc/nios2-elf/4.9.2/../../../../../H-x86_64-pc-linux-gnu/nios2-elf/lib/libc.a(lib_a-wsetup.o)
                0x0000000008002b38                __swsetup_r
 .text          0x0000000008002c8c        0x0 /home/alpha/altera/15.1/nios2eds/bin/gnu/H-x86_64-pc-linux-gnu/bin/../lib/gcc/nios2-elf/4.9.2/../../../../../H-x86_64-pc-linux-gnu/nios2-elf/lib/libc.a(lib_a-dtoa.o)
 .text.quorem   0x0000000008002c8c      0x200 /home/alpha/altera/15.1/nios2eds/bin/gnu/H-x86_64-pc-linux-gnu/bin/../lib/gcc/nios2-elf/4.9.2/../../../../../H-x86_64-pc-linux-gnu/nios2-elf/lib/libc.a(lib_a-dtoa.o)
 .text._dtoa_r  0x0000000008002e8c     0x1728 /home/alpha/altera/15.1/nios2eds/bin/gnu/H-x86_64-pc-linux-gnu/bin/../lib/gcc/nios2-elf/4.9.2/../../../../../H-x86_64-pc-linux-gnu/nios2-elf/lib/libc.a(lib_a-dtoa.o)
                0x0000000008002e8c                _dtoa_r
 .text          0x00000000080045b4        0x0 /home/alpha/altera/15.1/nios2eds/bin/gnu/H-x86_64-pc-linux-gnu/bin/../lib/gcc/nios2-elf/4.9.2/../../../../../H-x86_64-pc-linux-gnu/nios2-elf/lib/libc.a(lib_a-fflush.o)
 .text.__sflush_r
                0x00000000080045b4      0x208 /home/alpha/altera/15.1/nios2eds/bin/gnu/H-x86_64-pc-linux-gnu/bin/../lib/gcc/nios2-elf/4.9.2/../../../../../H-x86_64-pc-linux-gnu/nios2-elf/lib/libc.a(lib_a-fflush.o)
                0x00000000080045b4                __sflush_r
 .text._fflush_r
                0x00000000080047bc       0x5c /home/alpha/altera/15.1/nios2eds/bin/gnu/H-x86_64-pc-linux-gnu/bin/../lib/gcc/nios2-elf/4.9.2/../../../../../H-x86_64-pc-linux-gnu/nios2-elf/lib/libc.a(lib_a-fflush.o)
                0x00000000080047bc                _fflush_r
 .text.fflush   0x0000000008004818       0x30 /home/alpha/altera/15.1/nios2eds/bin/gnu/H-x86_64-pc-linux-gnu/bin/../lib/gcc/nios2-elf/4.9.2/../../../../../H-x86_64-pc-linux-gnu/nios2-elf/lib/libc.a(lib_a-fflush.o)
                0x0000000008004818                fflush
 .text          0x0000000008004848        0x0 /home/alpha/altera/15.1/nios2eds/bin/gnu/H-x86_64-pc-linux-gnu/bin/../lib/gcc/nios2-elf/4.9.2/../../../../../H-x86_64-pc-linux-gnu/nios2-elf/lib/libc.a(lib_a-findfp.o)
 .text.__fp_lock
                0x0000000008004848        0x8 /home/alpha/altera/15.1/nios2eds/bin/gnu/H-x86_64-pc-linux-gnu/bin/../lib/gcc/nios2-elf/4.9.2/../../../../../H-x86_64-pc-linux-gnu/nios2-elf/lib/libc.a(lib_a-findfp.o)
 .text.__fp_unlock
                0x0000000008004850        0x8 /home/alpha/altera/15.1/nios2eds/bin/gnu/H-x86_64-pc-linux-gnu/bin/../lib/gcc/nios2-elf/4.9.2/../../../../../H-x86_64-pc-linux-gnu/nios2-elf/lib/libc.a(lib_a-findfp.o)
 .text._cleanup_r
                0x0000000008004858        0xc /home/alpha/altera/15.1/nios2eds/bin/gnu/H-x86_64-pc-linux-gnu/bin/../lib/gcc/nios2-elf/4.9.2/../../../../../H-x86_64-pc-linux-gnu/nios2-elf/lib/libc.a(lib_a-findfp.o)
                0x0000000008004858                _cleanup_r
 .text.__sinit.part.1
                0x0000000008004864      0x19c /home/alpha/altera/15.1/nios2eds/bin/gnu/H-x86_64-pc-linux-gnu/bin/../lib/gcc/nios2-elf/4.9.2/../../../../../H-x86_64-pc-linux-gnu/nios2-elf/lib/libc.a(lib_a-findfp.o)
 .text.__sfmoreglue
                0x0000000008004a00       0x68 /home/alpha/altera/15.1/nios2eds/bin/gnu/H-x86_64-pc-linux-gnu/bin/../lib/gcc/nios2-elf/4.9.2/../../../../../H-x86_64-pc-linux-gnu/nios2-elf/lib/libc.a(lib_a-findfp.o)
                0x0000000008004a00                __sfmoreglue
 .text.__sfp    0x0000000008004a68      0x118 /home/alpha/altera/15.1/nios2eds/bin/gnu/H-x86_64-pc-linux-gnu/bin/../lib/gcc/nios2-elf/4.9.2/../../../../../H-x86_64-pc-linux-gnu/nios2-elf/lib/libc.a(lib_a-findfp.o)
                0x0000000008004a68                __sfp
 .text._cleanup
                0x0000000008004b80       0x18 /home/alpha/altera/15.1/nios2eds/bin/gnu/H-x86_64-pc-linux-gnu/bin/../lib/gcc/nios2-elf/4.9.2/../../../../../H-x86_64-pc-linux-gnu/nios2-elf/lib/libc.a(lib_a-findfp.o)
                0x0000000008004b80                _cleanup
 .text.__sinit  0x0000000008004b98       0x10 /home/alpha/altera/15.1/nios2eds/bin/gnu/H-x86_64-pc-linux-gnu/bin/../lib/gcc/nios2-elf/4.9.2/../../../../../H-x86_64-pc-linux-gnu/nios2-elf/lib/libc.a(lib_a-findfp.o)
                0x0000000008004b98                __sinit
 .text.__sfp_lock_acquire
                0x0000000008004ba8        0x4 /home/alpha/altera/15.1/nios2eds/bin/gnu/H-x86_64-pc-linux-gnu/bin/../lib/gcc/nios2-elf/4.9.2/../../../../../H-x86_64-pc-linux-gnu/nios2-elf/lib/libc.a(lib_a-findfp.o)
                0x0000000008004ba8                __sfp_lock_acquire
 .text.__sfp_lock_release
                0x0000000008004bac        0x4 /home/alpha/altera/15.1/nios2eds/bin/gnu/H-x86_64-pc-linux-gnu/bin/../lib/gcc/nios2-elf/4.9.2/../../../../../H-x86_64-pc-linux-gnu/nios2-elf/lib/libc.a(lib_a-findfp.o)
                0x0000000008004bac                __sfp_lock_release
 .text.__sinit_lock_acquire
                0x0000000008004bb0        0x4 /home/alpha/altera/15.1/nios2eds/bin/gnu/H-x86_64-pc-linux-gnu/bin/../lib/gcc/nios2-elf/4.9.2/../../../../../H-x86_64-pc-linux-gnu/nios2-elf/lib/libc.a(lib_a-findfp.o)
                0x0000000008004bb0                __sinit_lock_acquire
 .text.__sinit_lock_release
                0x0000000008004bb4        0x4 /home/alpha/altera/15.1/nios2eds/bin/gnu/H-x86_64-pc-linux-gnu/bin/../lib/gcc/nios2-elf/4.9.2/../../../../../H-x86_64-pc-linux-gnu/nios2-elf/lib/libc.a(lib_a-findfp.o)
                0x0000000008004bb4                __sinit_lock_release
 .text.__fp_lock_all
                0x0000000008004bb8       0x18 /home/alpha/altera/15.1/nios2eds/bin/gnu/H-x86_64-pc-linux-gnu/bin/../lib/gcc/nios2-elf/4.9.2/../../../../../H-x86_64-pc-linux-gnu/nios2-elf/lib/libc.a(lib_a-findfp.o)
                0x0000000008004bb8                __fp_lock_all
 .text.__fp_unlock_all
                0x0000000008004bd0       0x18 /home/alpha/altera/15.1/nios2eds/bin/gnu/H-x86_64-pc-linux-gnu/bin/../lib/gcc/nios2-elf/4.9.2/../../../../../H-x86_64-pc-linux-gnu/nios2-elf/lib/libc.a(lib_a-findfp.o)
                0x0000000008004bd0                __fp_unlock_all
 .text          0x0000000008004be8        0x0 /home/alpha/altera/15.1/nios2eds/bin/gnu/H-x86_64-pc-linux-gnu/bin/../lib/gcc/nios2-elf/4.9.2/../../../../../H-x86_64-pc-linux-gnu/nios2-elf/lib/libc.a(lib_a-freer.o)
 .text._malloc_trim_r
                0x0000000008004be8      0x124 /home/alpha/altera/15.1/nios2eds/bin/gnu/H-x86_64-pc-linux-gnu/bin/../lib/gcc/nios2-elf/4.9.2/../../../../../H-x86_64-pc-linux-gnu/nios2-elf/lib/libc.a(lib_a-freer.o)
                0x0000000008004be8                _malloc_trim_r
 .text._free_r  0x0000000008004d0c      0x2f0 /home/alpha/altera/15.1/nios2eds/bin/gnu/H-x86_64-pc-linux-gnu/bin/../lib/gcc/nios2-elf/4.9.2/../../../../../H-x86_64-pc-linux-gnu/nios2-elf/lib/libc.a(lib_a-freer.o)
                0x0000000008004d0c                _free_r
 .text          0x0000000008004ffc        0x0 /home/alpha/altera/15.1/nios2eds/bin/gnu/H-x86_64-pc-linux-gnu/bin/../lib/gcc/nios2-elf/4.9.2/../../../../../H-x86_64-pc-linux-gnu/nios2-elf/lib/libc.a(lib_a-fvwrite.o)
 .text.__sfvwrite_r
                0x0000000008004ffc      0x4c0 /home/alpha/altera/15.1/nios2eds/bin/gnu/H-x86_64-pc-linux-gnu/bin/../lib/gcc/nios2-elf/4.9.2/../../../../../H-x86_64-pc-linux-gnu/nios2-elf/lib/libc.a(lib_a-fvwrite.o)
                0x0000000008004ffc                __sfvwrite_r
 .text          0x00000000080054bc        0x0 /home/alpha/altera/15.1/nios2eds/bin/gnu/H-x86_64-pc-linux-gnu/bin/../lib/gcc/nios2-elf/4.9.2/../../../../../H-x86_64-pc-linux-gnu/nios2-elf/lib/libc.a(lib_a-fwalk.o)
 .text._fwalk   0x00000000080054bc       0xc4 /home/alpha/altera/15.1/nios2eds/bin/gnu/H-x86_64-pc-linux-gnu/bin/../lib/gcc/nios2-elf/4.9.2/../../../../../H-x86_64-pc-linux-gnu/nios2-elf/lib/libc.a(lib_a-fwalk.o)
                0x00000000080054bc                _fwalk
 .text._fwalk_reent
                0x0000000008005580       0xc4 /home/alpha/altera/15.1/nios2eds/bin/gnu/H-x86_64-pc-linux-gnu/bin/../lib/gcc/nios2-elf/4.9.2/../../../../../H-x86_64-pc-linux-gnu/nios2-elf/lib/libc.a(lib_a-fwalk.o)
                0x0000000008005580                _fwalk_reent
 .text          0x0000000008005644        0x0 /home/alpha/altera/15.1/nios2eds/bin/gnu/H-x86_64-pc-linux-gnu/bin/../lib/gcc/nios2-elf/4.9.2/../../../../../H-x86_64-pc-linux-gnu/nios2-elf/lib/libc.a(lib_a-impure.o)
 .text          0x0000000008005644        0x0 /home/alpha/altera/15.1/nios2eds/bin/gnu/H-x86_64-pc-linux-gnu/bin/../lib/gcc/nios2-elf/4.9.2/../../../../../H-x86_64-pc-linux-gnu/nios2-elf/lib/libc.a(lib_a-locale.o)
 .text._setlocale_r
                0x0000000008005644       0x7c /home/alpha/altera/15.1/nios2eds/bin/gnu/H-x86_64-pc-linux-gnu/bin/../lib/gcc/nios2-elf/4.9.2/../../../../../H-x86_64-pc-linux-gnu/nios2-elf/lib/libc.a(lib_a-locale.o)
                0x0000000008005644                _setlocale_r
 .text.__locale_charset
                0x00000000080056c0        0xc /home/alpha/altera/15.1/nios2eds/bin/gnu/H-x86_64-pc-linux-gnu/bin/../lib/gcc/nios2-elf/4.9.2/../../../../../H-x86_64-pc-linux-gnu/nios2-elf/lib/libc.a(lib_a-locale.o)
                0x00000000080056c0                __locale_charset
 .text.__locale_mb_cur_max
                0x00000000080056cc       0x10 /home/alpha/altera/15.1/nios2eds/bin/gnu/H-x86_64-pc-linux-gnu/bin/../lib/gcc/nios2-elf/4.9.2/../../../../../H-x86_64-pc-linux-gnu/nios2-elf/lib/libc.a(lib_a-locale.o)
                0x00000000080056cc                __locale_mb_cur_max
 .text.__locale_msgcharset
                0x00000000080056dc        0xc /home/alpha/altera/15.1/nios2eds/bin/gnu/H-x86_64-pc-linux-gnu/bin/../lib/gcc/nios2-elf/4.9.2/../../../../../H-x86_64-pc-linux-gnu/nios2-elf/lib/libc.a(lib_a-locale.o)
                0x00000000080056dc                __locale_msgcharset
 .text.__locale_cjk_lang
                0x00000000080056e8        0x8 /home/alpha/altera/15.1/nios2eds/bin/gnu/H-x86_64-pc-linux-gnu/bin/../lib/gcc/nios2-elf/4.9.2/../../../../../H-x86_64-pc-linux-gnu/nios2-elf/lib/libc.a(lib_a-locale.o)
                0x00000000080056e8                __locale_cjk_lang
 .text._localeconv_r
                0x00000000080056f0        0xc /home/alpha/altera/15.1/nios2eds/bin/gnu/H-x86_64-pc-linux-gnu/bin/../lib/gcc/nios2-elf/4.9.2/../../../../../H-x86_64-pc-linux-gnu/nios2-elf/lib/libc.a(lib_a-locale.o)
                0x00000000080056f0                _localeconv_r
 .text.setlocale
                0x00000000080056fc       0x1c /home/alpha/altera/15.1/nios2eds/bin/gnu/H-x86_64-pc-linux-gnu/bin/../lib/gcc/nios2-elf/4.9.2/../../../../../H-x86_64-pc-linux-gnu/nios2-elf/lib/libc.a(lib_a-locale.o)
                0x00000000080056fc                setlocale
 .text.localeconv
                0x0000000008005718        0xc /home/alpha/altera/15.1/nios2eds/bin/gnu/H-x86_64-pc-linux-gnu/bin/../lib/gcc/nios2-elf/4.9.2/../../../../../H-x86_64-pc-linux-gnu/nios2-elf/lib/libc.a(lib_a-locale.o)
                0x0000000008005718                localeconv
 .text          0x0000000008005724        0x0 /home/alpha/altera/15.1/nios2eds/bin/gnu/H-x86_64-pc-linux-gnu/bin/../lib/gcc/nios2-elf/4.9.2/../../../../../H-x86_64-pc-linux-gnu/nios2-elf/lib/libc.a(lib_a-makebuf.o)
 .text.__smakebuf_r
                0x0000000008005724      0x1b8 /home/alpha/altera/15.1/nios2eds/bin/gnu/H-x86_64-pc-linux-gnu/bin/../lib/gcc/nios2-elf/4.9.2/../../../../../H-x86_64-pc-linux-gnu/nios2-elf/lib/libc.a(lib_a-makebuf.o)
                0x0000000008005724                __smakebuf_r
 .text          0x00000000080058dc        0x0 /home/alpha/altera/15.1/nios2eds/bin/gnu/H-x86_64-pc-linux-gnu/bin/../lib/gcc/nios2-elf/4.9.2/../../../../../H-x86_64-pc-linux-gnu/nios2-elf/lib/libc.a(lib_a-mallocr.o)
 .text._malloc_r
                0x00000000080058dc      0x7a8 /home/alpha/altera/15.1/nios2eds/bin/gnu/H-x86_64-pc-linux-gnu/bin/../lib/gcc/nios2-elf/4.9.2/../../../../../H-x86_64-pc-linux-gnu/nios2-elf/lib/libc.a(lib_a-mallocr.o)
                0x00000000080058dc                _malloc_r
 .text          0x0000000008006084        0x0 /home/alpha/altera/15.1/nios2eds/bin/gnu/H-x86_64-pc-linux-gnu/bin/../lib/gcc/nios2-elf/4.9.2/../../../../../H-x86_64-pc-linux-gnu/nios2-elf/lib/libc.a(lib_a-memchr.o)
 .text.memchr   0x0000000008006084       0xe8 /home/alpha/altera/15.1/nios2eds/bin/gnu/H-x86_64-pc-linux-gnu/bin/../lib/gcc/nios2-elf/4.9.2/../../../../../H-x86_64-pc-linux-gnu/nios2-elf/lib/libc.a(lib_a-memchr.o)
                0x0000000008006084                memchr
 .text          0x000000000800616c        0x0 /home/alpha/altera/15.1/nios2eds/bin/gnu/H-x86_64-pc-linux-gnu/bin/../lib/gcc/nios2-elf/4.9.2/../../../../../H-x86_64-pc-linux-gnu/nios2-elf/lib/libc.a(lib_a-memcpy.o)
 .text.memcpy   0x000000000800616c      0x138 /home/alpha/altera/15.1/nios2eds/bin/gnu/H-x86_64-pc-linux-gnu/bin/../lib/gcc/nios2-elf/4.9.2/../../../../../H-x86_64-pc-linux-gnu/nios2-elf/lib/libc.a(lib_a-memcpy.o)
                0x000000000800616c                memcpy
 .text          0x00000000080062a4        0x0 /home/alpha/altera/15.1/nios2eds/bin/gnu/H-x86_64-pc-linux-gnu/bin/../lib/gcc/nios2-elf/4.9.2/../../../../../H-x86_64-pc-linux-gnu/nios2-elf/lib/libc.a(lib_a-memmove.o)
 .text.memmove  0x00000000080062a4      0x15c /home/alpha/altera/15.1/nios2eds/bin/gnu/H-x86_64-pc-linux-gnu/bin/../lib/gcc/nios2-elf/4.9.2/../../../../../H-x86_64-pc-linux-gnu/nios2-elf/lib/libc.a(lib_a-memmove.o)
                0x00000000080062a4                memmove
 .text          0x0000000008006400        0x0 /home/alpha/altera/15.1/nios2eds/bin/gnu/H-x86_64-pc-linux-gnu/bin/../lib/gcc/nios2-elf/4.9.2/../../../../../H-x86_64-pc-linux-gnu/nios2-elf/lib/libc.a(lib_a-memset.o)
 .text.memset   0x0000000008006400      0x124 /home/alpha/altera/15.1/nios2eds/bin/gnu/H-x86_64-pc-linux-gnu/bin/../lib/gcc/nios2-elf/4.9.2/../../../../../H-x86_64-pc-linux-gnu/nios2-elf/lib/libc.a(lib_a-memset.o)
                0x0000000008006400                memset
 .text          0x0000000008006524        0x0 /home/alpha/altera/15.1/nios2eds/bin/gnu/H-x86_64-pc-linux-gnu/bin/../lib/gcc/nios2-elf/4.9.2/../../../../../H-x86_64-pc-linux-gnu/nios2-elf/lib/libc.a(lib_a-mprec.o)
 .text._Balloc  0x0000000008006524       0xa8 /home/alpha/altera/15.1/nios2eds/bin/gnu/H-x86_64-pc-linux-gnu/bin/../lib/gcc/nios2-elf/4.9.2/../../../../../H-x86_64-pc-linux-gnu/nios2-elf/lib/libc.a(lib_a-mprec.o)
                0x0000000008006524                _Balloc
 .text._Bfree   0x00000000080065cc       0x28 /home/alpha/altera/15.1/nios2eds/bin/gnu/H-x86_64-pc-linux-gnu/bin/../lib/gcc/nios2-elf/4.9.2/../../../../../H-x86_64-pc-linux-gnu/nios2-elf/lib/libc.a(lib_a-mprec.o)
                0x00000000080065cc                _Bfree
 .text.__multadd
                0x00000000080065f4      0x120 /home/alpha/altera/15.1/nios2eds/bin/gnu/H-x86_64-pc-linux-gnu/bin/../lib/gcc/nios2-elf/4.9.2/../../../../../H-x86_64-pc-linux-gnu/nios2-elf/lib/libc.a(lib_a-mprec.o)
                0x00000000080065f4                __multadd
 .text.__s2b    0x0000000008006714      0x104 /home/alpha/altera/15.1/nios2eds/bin/gnu/H-x86_64-pc-linux-gnu/bin/../lib/gcc/nios2-elf/4.9.2/../../../../../H-x86_64-pc-linux-gnu/nios2-elf/lib/libc.a(lib_a-mprec.o)
                0x0000000008006714                __s2b
 .text.__hi0bits
                0x0000000008006818       0x68 /home/alpha/altera/15.1/nios2eds/bin/gnu/H-x86_64-pc-linux-gnu/bin/../lib/gcc/nios2-elf/4.9.2/../../../../../H-x86_64-pc-linux-gnu/nios2-elf/lib/libc.a(lib_a-mprec.o)
                0x0000000008006818                __hi0bits
 .text.__lo0bits
                0x0000000008006880       0xb0 /home/alpha/altera/15.1/nios2eds/bin/gnu/H-x86_64-pc-linux-gnu/bin/../lib/gcc/nios2-elf/4.9.2/../../../../../H-x86_64-pc-linux-gnu/nios2-elf/lib/libc.a(lib_a-mprec.o)
                0x0000000008006880                __lo0bits
 .text.__i2b    0x0000000008006930       0x3c /home/alpha/altera/15.1/nios2eds/bin/gnu/H-x86_64-pc-linux-gnu/bin/../lib/gcc/nios2-elf/4.9.2/../../../../../H-x86_64-pc-linux-gnu/nios2-elf/lib/libc.a(lib_a-mprec.o)
                0x0000000008006930                __i2b
 .text.__multiply
                0x000000000800696c      0x1fc /home/alpha/altera/15.1/nios2eds/bin/gnu/H-x86_64-pc-linux-gnu/bin/../lib/gcc/nios2-elf/4.9.2/../../../../../H-x86_64-pc-linux-gnu/nios2-elf/lib/libc.a(lib_a-mprec.o)
                0x000000000800696c                __multiply
 .text.__pow5mult
                0x0000000008006b68      0x140 /home/alpha/altera/15.1/nios2eds/bin/gnu/H-x86_64-pc-linux-gnu/bin/../lib/gcc/nios2-elf/4.9.2/../../../../../H-x86_64-pc-linux-gnu/nios2-elf/lib/libc.a(lib_a-mprec.o)
                0x0000000008006b68                __pow5mult
 .text.__lshift
                0x0000000008006ca8      0x150 /home/alpha/altera/15.1/nios2eds/bin/gnu/H-x86_64-pc-linux-gnu/bin/../lib/gcc/nios2-elf/4.9.2/../../../../../H-x86_64-pc-linux-gnu/nios2-elf/lib/libc.a(lib_a-mprec.o)
                0x0000000008006ca8                __lshift
 .text.__mcmp   0x0000000008006df8       0x60 /home/alpha/altera/15.1/nios2eds/bin/gnu/H-x86_64-pc-linux-gnu/bin/../lib/gcc/nios2-elf/4.9.2/../../../../../H-x86_64-pc-linux-gnu/nios2-elf/lib/libc.a(lib_a-mprec.o)
                0x0000000008006df8                __mcmp
 .text.__mdiff  0x0000000008006e58      0x198 /home/alpha/altera/15.1/nios2eds/bin/gnu/H-x86_64-pc-linux-gnu/bin/../lib/gcc/nios2-elf/4.9.2/../../../../../H-x86_64-pc-linux-gnu/nios2-elf/lib/libc.a(lib_a-mprec.o)
                0x0000000008006e58                __mdiff
 .text.__ulp    0x0000000008006ff0       0x60 /home/alpha/altera/15.1/nios2eds/bin/gnu/H-x86_64-pc-linux-gnu/bin/../lib/gcc/nios2-elf/4.9.2/../../../../../H-x86_64-pc-linux-gnu/nios2-elf/lib/libc.a(lib_a-mprec.o)
                0x0000000008006ff0                __ulp
 .text.__b2d    0x0000000008007050      0x11c /home/alpha/altera/15.1/nios2eds/bin/gnu/H-x86_64-pc-linux-gnu/bin/../lib/gcc/nios2-elf/4.9.2/../../../../../H-x86_64-pc-linux-gnu/nios2-elf/lib/libc.a(lib_a-mprec.o)
                0x0000000008007050                __b2d
 .text.__d2b    0x000000000800716c      0x13c /home/alpha/altera/15.1/nios2eds/bin/gnu/H-x86_64-pc-linux-gnu/bin/../lib/gcc/nios2-elf/4.9.2/../../../../../H-x86_64-pc-linux-gnu/nios2-elf/lib/libc.a(lib_a-mprec.o)
                0x000000000800716c                __d2b
 .text.__ratio  0x00000000080072a8       0xa4 /home/alpha/altera/15.1/nios2eds/bin/gnu/H-x86_64-pc-linux-gnu/bin/../lib/gcc/nios2-elf/4.9.2/../../../../../H-x86_64-pc-linux-gnu/nios2-elf/lib/libc.a(lib_a-mprec.o)
                0x00000000080072a8                __ratio
 .text._mprec_log10
                0x000000000800734c       0x74 /home/alpha/altera/15.1/nios2eds/bin/gnu/H-x86_64-pc-linux-gnu/bin/../lib/gcc/nios2-elf/4.9.2/../../../../../H-x86_64-pc-linux-gnu/nios2-elf/lib/libc.a(lib_a-mprec.o)
                0x000000000800734c                _mprec_log10
 .text.__copybits
                0x00000000080073c0       0x78 /home/alpha/altera/15.1/nios2eds/bin/gnu/H-x86_64-pc-linux-gnu/bin/../lib/gcc/nios2-elf/4.9.2/../../../../../H-x86_64-pc-linux-gnu/nios2-elf/lib/libc.a(lib_a-mprec.o)
                0x00000000080073c0                __copybits
 .text.__any_on
                0x0000000008007438       0x8c /home/alpha/altera/15.1/nios2eds/bin/gnu/H-x86_64-pc-linux-gnu/bin/../lib/gcc/nios2-elf/4.9.2/../../../../../H-x86_64-pc-linux-gnu/nios2-elf/lib/libc.a(lib_a-mprec.o)
                0x0000000008007438                __any_on
 .text          0x00000000080074c4        0x0 /home/alpha/altera/15.1/nios2eds/bin/gnu/H-x86_64-pc-linux-gnu/bin/../lib/gcc/nios2-elf/4.9.2/../../../../../H-x86_64-pc-linux-gnu/nios2-elf/lib/libc.a(lib_a-reallocr.o)
 .text._realloc_r
                0x00000000080074c4      0x568 /home/alpha/altera/15.1/nios2eds/bin/gnu/H-x86_64-pc-linux-gnu/bin/../lib/gcc/nios2-elf/4.9.2/../../../../../H-x86_64-pc-linux-gnu/nios2-elf/lib/libc.a(lib_a-reallocr.o)
                0x00000000080074c4                _realloc_r
 .text          0x0000000008007a2c        0x0 /home/alpha/altera/15.1/nios2eds/bin/gnu/H-x86_64-pc-linux-gnu/bin/../lib/gcc/nios2-elf/4.9.2/../../../../../H-x86_64-pc-linux-gnu/nios2-elf/lib/libc.a(lib_a-s_fpclassify.o)
 .text.__fpclassifyd
                0x0000000008007a2c       0x74 /home/alpha/altera/15.1/nios2eds/bin/gnu/H-x86_64-pc-linux-gnu/bin/../lib/gcc/nios2-elf/4.9.2/../../../../../H-x86_64-pc-linux-gnu/nios2-elf/lib/libc.a(lib_a-s_fpclassify.o)
                0x0000000008007a2c                __fpclassifyd
 .text          0x0000000008007aa0        0x0 /home/alpha/altera/15.1/nios2eds/bin/gnu/H-x86_64-pc-linux-gnu/bin/../lib/gcc/nios2-elf/4.9.2/../../../../../H-x86_64-pc-linux-gnu/nios2-elf/lib/libc.a(lib_a-sbrkr.o)
 .text._sbrk_r  0x0000000008007aa0       0x54 /home/alpha/altera/15.1/nios2eds/bin/gnu/H-x86_64-pc-linux-gnu/bin/../lib/gcc/nios2-elf/4.9.2/../../../../../H-x86_64-pc-linux-gnu/nios2-elf/lib/libc.a(lib_a-sbrkr.o)
                0x0000000008007aa0                _sbrk_r
 .text          0x0000000008007af4        0x0 /home/alpha/altera/15.1/nios2eds/bin/gnu/H-x86_64-pc-linux-gnu/bin/../lib/gcc/nios2-elf/4.9.2/../../../../../H-x86_64-pc-linux-gnu/nios2-elf/lib/libc.a(lib_a-stdio.o)
 .text.__sread  0x0000000008007af4       0x54 /home/alpha/altera/15.1/nios2eds/bin/gnu/H-x86_64-pc-linux-gnu/bin/../lib/gcc/nios2-elf/4.9.2/../../../../../H-x86_64-pc-linux-gnu/nios2-elf/lib/libc.a(lib_a-stdio.o)
                0x0000000008007af4                __sread
 .text.__seofread
                0x0000000008007b48        0x8 /home/alpha/altera/15.1/nios2eds/bin/gnu/H-x86_64-pc-linux-gnu/bin/../lib/gcc/nios2-elf/4.9.2/../../../../../H-x86_64-pc-linux-gnu/nios2-elf/lib/libc.a(lib_a-stdio.o)
                0x0000000008007b48                __seofread
 .text.__swrite
                0x0000000008007b50       0x7c /home/alpha/altera/15.1/nios2eds/bin/gnu/H-x86_64-pc-linux-gnu/bin/../lib/gcc/nios2-elf/4.9.2/../../../../../H-x86_64-pc-linux-gnu/nios2-elf/lib/libc.a(lib_a-stdio.o)
                0x0000000008007b50                __swrite
 .text.__sseek  0x0000000008007bcc       0x5c /home/alpha/altera/15.1/nios2eds/bin/gnu/H-x86_64-pc-linux-gnu/bin/../lib/gcc/nios2-elf/4.9.2/../../../../../H-x86_64-pc-linux-gnu/nios2-elf/lib/libc.a(lib_a-stdio.o)
                0x0000000008007bcc                __sseek
 .text.__sclose
                0x0000000008007c28        0x8 /home/alpha/altera/15.1/nios2eds/bin/gnu/H-x86_64-pc-linux-gnu/bin/../lib/gcc/nios2-elf/4.9.2/../../../../../H-x86_64-pc-linux-gnu/nios2-elf/lib/libc.a(lib_a-stdio.o)
                0x0000000008007c28                __sclose
 .text          0x0000000008007c30        0x0 /home/alpha/altera/15.1/nios2eds/bin/gnu/H-x86_64-pc-linux-gnu/bin/../lib/gcc/nios2-elf/4.9.2/../../../../../H-x86_64-pc-linux-gnu/nios2-elf/lib/libc.a(lib_a-strcmp.o)
 .text.strcmp   0x0000000008007c30       0xa4 /home/alpha/altera/15.1/nios2eds/bin/gnu/H-x86_64-pc-linux-gnu/bin/../lib/gcc/nios2-elf/4.9.2/../../../../../H-x86_64-pc-linux-gnu/nios2-elf/lib/libc.a(lib_a-strcmp.o)
                0x0000000008007c30                strcmp
 .text          0x0000000008007cd4        0x0 /home/alpha/altera/15.1/nios2eds/bin/gnu/H-x86_64-pc-linux-gnu/bin/../lib/gcc/nios2-elf/4.9.2/../../../../../H-x86_64-pc-linux-gnu/nios2-elf/lib/libc.a(lib_a-vfiprintf.o)
 .text.__sprint_r.part.0
                0x0000000008007cd4       0xfc /home/alpha/altera/15.1/nios2eds/bin/gnu/H-x86_64-pc-linux-gnu/bin/../lib/gcc/nios2-elf/4.9.2/../../../../../H-x86_64-pc-linux-gnu/nios2-elf/lib/libc.a(lib_a-vfiprintf.o)
 .text.__sprint_r
                0x0000000008007dd0       0x18 /home/alpha/altera/15.1/nios2eds/bin/gnu/H-x86_64-pc-linux-gnu/bin/../lib/gcc/nios2-elf/4.9.2/../../../../../H-x86_64-pc-linux-gnu/nios2-elf/lib/libc.a(lib_a-vfiprintf.o)
                0x0000000008007dd0                __sprint_r
 .text.___vfiprintf_internal_r
                0x0000000008007de8     0x12d0 /home/alpha/altera/15.1/nios2eds/bin/gnu/H-x86_64-pc-linux-gnu/bin/../lib/gcc/nios2-elf/4.9.2/../../../../../H-x86_64-pc-linux-gnu/nios2-elf/lib/libc.a(lib_a-vfiprintf.o)
                0x0000000008007de8                ___vfiprintf_internal_r
 .text.__vfiprintf_internal
                0x00000000080090b8       0x24 /home/alpha/altera/15.1/nios2eds/bin/gnu/H-x86_64-pc-linux-gnu/bin/../lib/gcc/nios2-elf/4.9.2/../../../../../H-x86_64-pc-linux-gnu/nios2-elf/lib/libc.a(lib_a-vfiprintf.o)
                0x00000000080090b8                __vfiprintf_internal
 .text.__sbprintf
                0x00000000080090dc       0xbc /home/alpha/altera/15.1/nios2eds/bin/gnu/H-x86_64-pc-linux-gnu/bin/../lib/gcc/nios2-elf/4.9.2/../../../../../H-x86_64-pc-linux-gnu/nios2-elf/lib/libc.a(lib_a-vfiprintf.o)
 .text          0x0000000008009198        0x0 /home/alpha/altera/15.1/nios2eds/bin/gnu/H-x86_64-pc-linux-gnu/bin/../lib/gcc/nios2-elf/4.9.2/../../../../../H-x86_64-pc-linux-gnu/nios2-elf/lib/libc.a(lib_a-writer.o)
 .text._write_r
                0x0000000008009198       0x5c /home/alpha/altera/15.1/nios2eds/bin/gnu/H-x86_64-pc-linux-gnu/bin/../lib/gcc/nios2-elf/4.9.2/../../../../../H-x86_64-pc-linux-gnu/nios2-elf/lib/libc.a(lib_a-writer.o)
                0x0000000008009198                _write_r
 .text          0x00000000080091f4        0x0 /home/alpha/altera/15.1/nios2eds/bin/gnu/H-x86_64-pc-linux-gnu/bin/../lib/gcc/nios2-elf/4.9.2/../../../../../H-x86_64-pc-linux-gnu/nios2-elf/lib/libc.a(closer.o)
 .text._close_r
                0x00000000080091f4       0x54 /home/alpha/altera/15.1/nios2eds/bin/gnu/H-x86_64-pc-linux-gnu/bin/../lib/gcc/nios2-elf/4.9.2/../../../../../H-x86_64-pc-linux-gnu/nios2-elf/lib/libc.a(closer.o)
                0x00000000080091f4                _close_r
 .text          0x0000000008009248        0x0 /home/alpha/altera/15.1/nios2eds/bin/gnu/H-x86_64-pc-linux-gnu/bin/../lib/gcc/nios2-elf/4.9.2/../../../../../H-x86_64-pc-linux-gnu/nios2-elf/lib/libc.a(lib_a-callocr.o)
 .text._calloc_r
                0x0000000008009248       0xc4 /home/alpha/altera/15.1/nios2eds/bin/gnu/H-x86_64-pc-linux-gnu/bin/../lib/gcc/nios2-elf/4.9.2/../../../../../H-x86_64-pc-linux-gnu/nios2-elf/lib/libc.a(lib_a-callocr.o)
                0x0000000008009248                _calloc_r
 .text          0x000000000800930c        0x0 /home/alpha/altera/15.1/nios2eds/bin/gnu/H-x86_64-pc-linux-gnu/bin/../lib/gcc/nios2-elf/4.9.2/../../../../../H-x86_64-pc-linux-gnu/nios2-elf/lib/libc.a(lib_a-fclose.o)
 .text._fclose_r
                0x000000000800930c       0xf0 /home/alpha/altera/15.1/nios2eds/bin/gnu/H-x86_64-pc-linux-gnu/bin/../lib/gcc/nios2-elf/4.9.2/../../../../../H-x86_64-pc-linux-gnu/nios2-elf/lib/libc.a(lib_a-fclose.o)
                0x000000000800930c                _fclose_r
 .text.fclose   0x00000000080093fc       0x14 /home/alpha/altera/15.1/nios2eds/bin/gnu/H-x86_64-pc-linux-gnu/bin/../lib/gcc/nios2-elf/4.9.2/../../../../../H-x86_64-pc-linux-gnu/nios2-elf/lib/libc.a(lib_a-fclose.o)
                0x00000000080093fc                fclose
 .text          0x0000000008009410        0x0 /home/alpha/altera/15.1/nios2eds/bin/gnu/H-x86_64-pc-linux-gnu/bin/../lib/gcc/nios2-elf/4.9.2/../../../../../H-x86_64-pc-linux-gnu/nios2-elf/lib/libc.a(lib_a-fputwc.o)
 .text._fputwc_r
                0x0000000008009410      0x184 /home/alpha/altera/15.1/nios2eds/bin/gnu/H-x86_64-pc-linux-gnu/bin/../lib/gcc/nios2-elf/4.9.2/../../../../../H-x86_64-pc-linux-gnu/nios2-elf/lib/libc.a(lib_a-fputwc.o)
                0x0000000008009410                _fputwc_r
 .text.fputwc   0x0000000008009594       0x5c /home/alpha/altera/15.1/nios2eds/bin/gnu/H-x86_64-pc-linux-gnu/bin/../lib/gcc/nios2-elf/4.9.2/../../../../../H-x86_64-pc-linux-gnu/nios2-elf/lib/libc.a(lib_a-fputwc.o)
                0x0000000008009594                fputwc
 .text          0x00000000080095f0        0x0 /home/alpha/altera/15.1/nios2eds/bin/gnu/H-x86_64-pc-linux-gnu/bin/../lib/gcc/nios2-elf/4.9.2/../../../../../H-x86_64-pc-linux-gnu/nios2-elf/lib/libc.a(lib_a-fstatr.o)
 .text._fstat_r
                0x00000000080095f0       0x58 /home/alpha/altera/15.1/nios2eds/bin/gnu/H-x86_64-pc-linux-gnu/bin/../lib/gcc/nios2-elf/4.9.2/../../../../../H-x86_64-pc-linux-gnu/nios2-elf/lib/libc.a(lib_a-fstatr.o)
                0x00000000080095f0                _fstat_r
 .text          0x0000000008009648        0x0 /home/alpha/altera/15.1/nios2eds/bin/gnu/H-x86_64-pc-linux-gnu/bin/../lib/gcc/nios2-elf/4.9.2/../../../../../H-x86_64-pc-linux-gnu/nios2-elf/lib/libc.a(lib_a-int_errno.o)
 .text          0x0000000008009648        0x0 /home/alpha/altera/15.1/nios2eds/bin/gnu/H-x86_64-pc-linux-gnu/bin/../lib/gcc/nios2-elf/4.9.2/../../../../../H-x86_64-pc-linux-gnu/nios2-elf/lib/libc.a(lib_a-isattyr.o)
 .text._isatty_r
                0x0000000008009648       0x54 /home/alpha/altera/15.1/nios2eds/bin/gnu/H-x86_64-pc-linux-gnu/bin/../lib/gcc/nios2-elf/4.9.2/../../../../../H-x86_64-pc-linux-gnu/nios2-elf/lib/libc.a(lib_a-isattyr.o)
                0x0000000008009648                _isatty_r
 .text          0x000000000800969c        0x0 /home/alpha/altera/15.1/nios2eds/bin/gnu/H-x86_64-pc-linux-gnu/bin/../lib/gcc/nios2-elf/4.9.2/../../../../../H-x86_64-pc-linux-gnu/nios2-elf/lib/libc.a(lib_a-lseekr.o)
 .text._lseek_r
                0x000000000800969c       0x5c /home/alpha/altera/15.1/nios2eds/bin/gnu/H-x86_64-pc-linux-gnu/bin/../lib/gcc/nios2-elf/4.9.2/../../../../../H-x86_64-pc-linux-gnu/nios2-elf/lib/libc.a(lib_a-lseekr.o)
                0x000000000800969c                _lseek_r
 .text          0x00000000080096f8        0x0 /home/alpha/altera/15.1/nios2eds/bin/gnu/H-x86_64-pc-linux-gnu/bin/../lib/gcc/nios2-elf/4.9.2/../../../../../H-x86_64-pc-linux-gnu/nios2-elf/lib/libc.a(lib_a-readr.o)
 .text._read_r  0x00000000080096f8       0x5c /home/alpha/altera/15.1/nios2eds/bin/gnu/H-x86_64-pc-linux-gnu/bin/../lib/gcc/nios2-elf/4.9.2/../../../../../H-x86_64-pc-linux-gnu/nios2-elf/lib/libc.a(lib_a-readr.o)
                0x00000000080096f8                _read_r
 .text          0x0000000008009754        0x0 /home/alpha/altera/15.1/nios2eds/bin/gnu/H-x86_64-pc-linux-gnu/bin/../lib/gcc/nios2-elf/4.9.2/../../../../../H-x86_64-pc-linux-gnu/nios2-elf/lib/libc.a(lib_a-wbuf.o)
 .text.__swbuf_r
                0x0000000008009754      0x138 /home/alpha/altera/15.1/nios2eds/bin/gnu/H-x86_64-pc-linux-gnu/bin/../lib/gcc/nios2-elf/4.9.2/../../../../../H-x86_64-pc-linux-gnu/nios2-elf/lib/libc.a(lib_a-wbuf.o)
                0x0000000008009754                __swbuf_r
 .text.__swbuf  0x000000000800988c       0x1c /home/alpha/altera/15.1/nios2eds/bin/gnu/H-x86_64-pc-linux-gnu/bin/../lib/gcc/nios2-elf/4.9.2/../../../../../H-x86_64-pc-linux-gnu/nios2-elf/lib/libc.a(lib_a-wbuf.o)
                0x000000000800988c                __swbuf
 .text          0x00000000080098a8        0x0 /home/alpha/altera/15.1/nios2eds/bin/gnu/H-x86_64-pc-linux-gnu/bin/../lib/gcc/nios2-elf/4.9.2/../../../../../H-x86_64-pc-linux-gnu/nios2-elf/lib/libc.a(lib_a-wcrtomb.o)
 .text._wcrtomb_r
                0x00000000080098a8       0x9c /home/alpha/altera/15.1/nios2eds/bin/gnu/H-x86_64-pc-linux-gnu/bin/../lib/gcc/nios2-elf/4.9.2/../../../../../H-x86_64-pc-linux-gnu/nios2-elf/lib/libc.a(lib_a-wcrtomb.o)
                0x00000000080098a8                _wcrtomb_r
 .text.wcrtomb  0x0000000008009944       0xc0 /home/alpha/altera/15.1/nios2eds/bin/gnu/H-x86_64-pc-linux-gnu/bin/../lib/gcc/nios2-elf/4.9.2/../../../../../H-x86_64-pc-linux-gnu/nios2-elf/lib/libc.a(lib_a-wcrtomb.o)
                0x0000000008009944                wcrtomb
 .text          0x0000000008009a04        0x0 /home/alpha/altera/15.1/nios2eds/bin/gnu/H-x86_64-pc-linux-gnu/bin/../lib/gcc/nios2-elf/4.9.2/../../../../../H-x86_64-pc-linux-gnu/nios2-elf/lib/libc.a(lib_a-wctomb_r.o)
 .text.__ascii_wctomb
                0x0000000008009a04       0x30 /home/alpha/altera/15.1/nios2eds/bin/gnu/H-x86_64-pc-linux-gnu/bin/../lib/gcc/nios2-elf/4.9.2/../../../../../H-x86_64-pc-linux-gnu/nios2-elf/lib/libc.a(lib_a-wctomb_r.o)
                0x0000000008009a04                __ascii_wctomb
 .text._wctomb_r
                0x0000000008009a34       0x5c /home/alpha/altera/15.1/nios2eds/bin/gnu/H-x86_64-pc-linux-gnu/bin/../lib/gcc/nios2-elf/4.9.2/../../../../../H-x86_64-pc-linux-gnu/nios2-elf/lib/libc.a(lib_a-wctomb_r.o)
                0x0000000008009a34                _wctomb_r
 .text          0x0000000008009a90       0x60 /home/alpha/altera/15.1/nios2eds/bin/gnu/H-x86_64-pc-linux-gnu/bin/../lib/gcc/nios2-elf/4.9.2/libgcc.a(_muldi3.o)
                0x0000000008009a90                __muldi3
 .text          0x0000000008009af0      0x5c0 /home/alpha/altera/15.1/nios2eds/bin/gnu/H-x86_64-pc-linux-gnu/bin/../lib/gcc/nios2-elf/4.9.2/libgcc.a(_udivdi3.o)
                0x0000000008009af0                __udivdi3
 .text          0x000000000800a0b0      0x590 /home/alpha/altera/15.1/nios2eds/bin/gnu/H-x86_64-pc-linux-gnu/bin/../lib/gcc/nios2-elf/4.9.2/libgcc.a(_umoddi3.o)
                0x000000000800a0b0                __umoddi3
 .text          0x000000000800a640      0x12c /home/alpha/altera/15.1/nios2eds/bin/gnu/H-x86_64-pc-linux-gnu/bin/../lib/gcc/nios2-elf/4.9.2/libgcc.a(lib2-divmod.o)
                0x000000000800a6ac                __divsi3
                0x000000000800a700                __modsi3
                0x000000000800a75c                __udivsi3
                0x000000000800a764                __umodsi3
 .text          0x000000000800a76c      0x89c /home/alpha/altera/15.1/nios2eds/bin/gnu/H-x86_64-pc-linux-gnu/bin/../lib/gcc/nios2-elf/4.9.2/libgcc.a(adddf3.o)
                0x000000000800a76c                __adddf3
 .text          0x000000000800b008      0x8cc /home/alpha/altera/15.1/nios2eds/bin/gnu/H-x86_64-pc-linux-gnu/bin/../lib/gcc/nios2-elf/4.9.2/libgcc.a(divdf3.o)
                0x000000000800b008                __divdf3
 .text          0x000000000800b8d4       0x84 /home/alpha/altera/15.1/nios2eds/bin/gnu/H-x86_64-pc-linux-gnu/bin/../lib/gcc/nios2-elf/4.9.2/libgcc.a(eqdf2.o)
                0x000000000800b8d4                __eqdf2
                0x000000000800b8d4                __nedf2
 .text          0x000000000800b958       0xe0 /home/alpha/altera/15.1/nios2eds/bin/gnu/H-x86_64-pc-linux-gnu/bin/../lib/gcc/nios2-elf/4.9.2/libgcc.a(gedf2.o)
                0x000000000800b958                __gtdf2
                0x000000000800b958                __gedf2
 .text          0x000000000800ba38       0xe0 /home/alpha/altera/15.1/nios2eds/bin/gnu/H-x86_64-pc-linux-gnu/bin/../lib/gcc/nios2-elf/4.9.2/libgcc.a(ledf2.o)
                0x000000000800ba38                __ltdf2
                0x000000000800ba38                __ledf2
 .text          0x000000000800bb18      0x724 /home/alpha/altera/15.1/nios2eds/bin/gnu/H-x86_64-pc-linux-gnu/bin/../lib/gcc/nios2-elf/4.9.2/libgcc.a(muldf3.o)
                0x000000000800bb18                __muldf3
 .text          0x000000000800c23c      0x8d0 /home/alpha/altera/15.1/nios2eds/bin/gnu/H-x86_64-pc-linux-gnu/bin/../lib/gcc/nios2-elf/4.9.2/libgcc.a(subdf3.o)
                0x000000000800c23c                __subdf3
 .text          0x000000000800cb0c       0x88 /home/alpha/altera/15.1/nios2eds/bin/gnu/H-x86_64-pc-linux-gnu/bin/../lib/gcc/nios2-elf/4.9.2/libgcc.a(fixdfsi.o)
                0x000000000800cb0c                __fixdfsi
 .text          0x000000000800cb94       0xd0 /home/alpha/altera/15.1/nios2eds/bin/gnu/H-x86_64-pc-linux-gnu/bin/../lib/gcc/nios2-elf/4.9.2/libgcc.a(floatsidf.o)
                0x000000000800cb94                __floatsidf
 .text          0x000000000800cc64       0xa4 /home/alpha/altera/15.1/nios2eds/bin/gnu/H-x86_64-pc-linux-gnu/bin/../lib/gcc/nios2-elf/4.9.2/libgcc.a(floatunsidf.o)
                0x000000000800cc64                __floatunsidf
 .text          0x000000000800cd08        0x0 /home/alpha/altera/15.1/nios2eds/bin/gnu/H-x86_64-pc-linux-gnu/bin/../lib/gcc/nios2-elf/4.9.2/libgcc.a(_clz.o)
 .text          0x000000000800cd08       0x64 /home/alpha/altera/15.1/nios2eds/bin/gnu/H-x86_64-pc-linux-gnu/bin/../lib/gcc/nios2-elf/4.9.2/libgcc.a(_clzsi2.o)
                0x000000000800cd08                __clzsi2
 .text          0x000000000800cd6c      0x120 ../nios_test_bsp//libhal_bsp.a(alt_close.o)
                0x000000000800cdbc                close
 .text          0x000000000800ce8c       0x2c ../nios_test_bsp//libhal_bsp.a(alt_dev.o)
 .text          0x000000000800ceb8        0x0 ../nios_test_bsp//libhal_bsp.a(alt_errno.o)
 .text          0x000000000800ceb8      0x100 ../nios_test_bsp//libhal_bsp.a(alt_fstat.o)
                0x000000000800cf08                fstat
 .text          0x000000000800cfb8      0x1b0 ../nios_test_bsp//libhal_bsp.a(alt_irq_register.o)
                0x000000000800cfb8                alt_irq_register
 .text          0x000000000800d168        0x0 ../nios_test_bsp//libhal_bsp.a(alt_irq_vars.o)
 .text          0x000000000800d168       0xf4 ../nios_test_bsp//libhal_bsp.a(alt_isatty.o)
                0x000000000800d1b8                isatty
 .text          0x000000000800d25c       0xe4 ../nios_test_bsp//libhal_bsp.a(alt_load.o)
                0x000000000800d2c0                alt_load
 .text          0x000000000800d340      0x124 ../nios_test_bsp//libhal_bsp.a(alt_lseek.o)
                0x000000000800d390                lseek
 .text          0x000000000800d464       0x78 ../nios_test_bsp//libhal_bsp.a(alt_main.o)
                0x000000000800d464                alt_main
 .text          0x000000000800d4dc       0x40 ../nios_test_bsp//libhal_bsp.a(alt_malloc_lock.o)
                0x000000000800d4dc                __malloc_lock
                0x000000000800d4fc                __malloc_unlock
 .text          0x000000000800d51c      0x228 ../nios_test_bsp//libhal_bsp.a(alt_printf.o)
                0x000000000800d51c                alt_printf
 .text          0x000000000800d744       0x44 ../nios_test_bsp//libhal_bsp.a(alt_putchar.o)
                0x000000000800d744                alt_putchar
 .text          0x000000000800d788      0x14c ../nios_test_bsp//libhal_bsp.a(alt_read.o)
                0x000000000800d7d8                read
 .text          0x000000000800d8d4       0x60 ../nios_test_bsp//libhal_bsp.a(alt_release_fd.o)
                0x000000000800d8d4                alt_release_fd
 .text          0x000000000800d934       0xb0 ../nios_test_bsp//libhal_bsp.a(alt_sbrk.o)
                0x000000000800d934                sbrk
 .text          0x000000000800d9e4      0x148 ../nios_test_bsp//libhal_bsp.a(alt_write.o)
                0x000000000800da34                write
 .text          0x000000000800db2c      0x2ac ../nios_test_bsp//libhal_bsp.a(alt_sys_init.o)
                0x000000000800db64                alt_irq_init
                0x000000000800db98                alt_sys_init
 .text          0x000000000800ddd8      0x164 ../nios_test_bsp//libhal_bsp.a(altera_avalon_jtag_uart_fd.o)
                0x000000000800ddd8                altera_avalon_jtag_uart_read_fd
                0x000000000800de38                altera_avalon_jtag_uart_write_fd
                0x000000000800de98                altera_avalon_jtag_uart_close_fd
                0x000000000800dee8                altera_avalon_jtag_uart_ioctl_fd
 .text          0x000000000800df3c      0x3d0 ../nios_test_bsp//libhal_bsp.a(altera_avalon_jtag_uart_init.o)
                0x000000000800df3c                altera_avalon_jtag_uart_init
                0x000000000800e2a4                altera_avalon_jtag_uart_close
 .text          0x000000000800e30c       0xec ../nios_test_bsp//libhal_bsp.a(altera_avalon_jtag_uart_ioctl.o)
                0x000000000800e30c                altera_avalon_jtag_uart_ioctl
 .text          0x000000000800e3f8      0x20c ../nios_test_bsp//libhal_bsp.a(altera_avalon_jtag_uart_read.o)
                0x000000000800e3f8                altera_avalon_jtag_uart_read
 .text          0x000000000800e604      0x218 ../nios_test_bsp//libhal_bsp.a(altera_avalon_jtag_uart_write.o)
                0x000000000800e604                altera_avalon_jtag_uart_write
 .text          0x000000000800e81c      0x204 ../nios_test_bsp//libhal_bsp.a(altera_avalon_spi.o)
                0x000000000800e81c                alt_avalon_spi_command
 .text          0x000000000800ea20      0x794 ../nios_test_bsp//libhal_bsp.a(altera_up_avalon_audio.o)
                0x000000000800ea20                alt_up_audio_open_dev
                0x000000000800ea60                alt_up_audio_enable_read_interrupt
                0x000000000800eab0                alt_up_audio_disable_read_interrupt
                0x000000000800eb04                alt_up_audio_enable_write_interrupt
                0x000000000800eb54                alt_up_audio_disable_write_interrupt
                0x000000000800eba8                alt_up_audio_read_interrupt_pending
                0x000000000800ebe8                alt_up_audio_write_interrupt_pending
                0x000000000800ec28                alt_up_audio_reset_audio_core
                0x000000000800ecb8                alt_up_audio_read_fifo_avail
                0x000000000800ed18                alt_up_audio_record_r
                0x000000000800ed80                alt_up_audio_record_l
                0x000000000800ede8                alt_up_audio_write_fifo_space
                0x000000000800ee48                alt_up_audio_play_r
                0x000000000800eeb0                alt_up_audio_play_l
                0x000000000800ef18                alt_up_audio_read_fifo
                0x000000000800eff8                alt_up_audio_write_fifo
                0x000000000800f100                alt_up_audio_read_fifo_head
                0x000000000800f150                alt_up_audio_write_fifo_head
 .text          0x000000000800f1b4      0xed0 ../nios_test_bsp//libhal_bsp.a(altera_up_avalon_video_pixel_buffer_dma.o)
                0x000000000800f1b4                alt_up_pixel_buffer_dma_open_dev
                0x000000000800f1f4                alt_up_pixel_buffer_dma_draw
                0x000000000800f388                alt_up_pixel_buffer_dma_change_back_buffer_address
                0x000000000800f3e4                alt_up_pixel_buffer_dma_swap_buffers
                0x000000000800f444                alt_up_pixel_buffer_dma_check_swap_buffers_status
                0x000000000800f478                alt_up_pixel_buffer_dma_clear_screen
                0x000000000800f5a0                alt_up_pixel_buffer_dma_draw_box
                0x000000000800f888                alt_up_pixel_buffer_dma_draw_hline
                0x000000000800fa9c                alt_up_pixel_buffer_dma_draw_vline
                0x000000000800fcf4                alt_up_pixel_buffer_dma_draw_rectangle
                0x000000000800fdb8                helper_plot_pixel
                0x000000000800fe38                alt_up_pixel_buffer_dma_draw_line
 .text          0x0000000008010084      0x140 ../nios_test_bsp//libhal_bsp.a(alt_alarm_start.o)
                0x0000000008010084                alt_alarm_start
 .text          0x00000000080101c4       0x44 ../nios_test_bsp//libhal_bsp.a(alt_dcache_flush_all.o)
                0x00000000080101c4                alt_dcache_flush_all
 .text          0x0000000008010208       0xf4 ../nios_test_bsp//libhal_bsp.a(alt_dev_llist_insert.o)
                0x0000000008010258                alt_dev_llist_insert
 .text          0x00000000080102fc       0x5c ../nios_test_bsp//libhal_bsp.a(alt_do_ctors.o)
                0x00000000080102fc                _do_ctors
 .text          0x0000000008010358       0x5c ../nios_test_bsp//libhal_bsp.a(alt_do_dtors.o)
                0x0000000008010358                _do_dtors
 .text          0x00000000080103b4       0x90 ../nios_test_bsp//libhal_bsp.a(alt_find_dev.o)
                0x00000000080103b4                alt_find_dev
 .text          0x0000000008010444       0x30 ../nios_test_bsp//libhal_bsp.a(alt_icache_flush_all.o)
                0x0000000008010444                alt_icache_flush_all
 .text          0x0000000008010474      0x138 ../nios_test_bsp//libhal_bsp.a(alt_io_redirect.o)
                0x0000000008010534                alt_io_redirect
 .text          0x00000000080105ac        0x0 ../nios_test_bsp//libhal_bsp.a(alt_irq_entry.o)
 .text          0x00000000080105ac        0x0 ../nios_test_bsp//libhal_bsp.a(alt_irq_handler.o)
 .text          0x00000000080105ac      0x274 ../nios_test_bsp//libhal_bsp.a(alt_open.o)
                0x00000000080106c8                open
 .text          0x0000000008010820      0x19c ../nios_test_bsp//libhal_bsp.a(alt_tick.o)
                0x0000000008010820                alt_alarm_stop
                0x00000000080108b8                alt_tick
 .text          0x00000000080109bc       0x20 ../nios_test_bsp//libhal_bsp.a(altera_nios2_gen2_irq.o)
                0x00000000080109bc                altera_nios2_gen2_irq_init
 .text          0x00000000080109dc        0x0 ../nios_test_bsp//libhal_bsp.a(alt_exception_entry.o)
 .text          0x00000000080109dc      0x114 ../nios_test_bsp//libhal_bsp.a(alt_find_file.o)
                0x00000000080109dc                alt_find_file
 .text          0x0000000008010af0       0xb4 ../nios_test_bsp//libhal_bsp.a(alt_get_fd.o)
                0x0000000008010af0                alt_get_fd
 .text          0x0000000008010ba4       0x8c ../nios_test_bsp//libhal_bsp.a(alt_icache_flush.o)
                0x0000000008010ba4                alt_icache_flush
 .text          0x0000000008010c30       0x9c ../nios_test_bsp//libhal_bsp.a(alt_instruction_exception_entry.o)
                0x0000000008010c30                alt_exception_cause_generated_bad_addr
 .text          0x0000000008010ccc        0x0 /home/alpha/altera/15.1/nios2eds/bin/gnu/H-x86_64-pc-linux-gnu/bin/../lib/gcc/nios2-elf/4.9.2/../../../../../H-x86_64-pc-linux-gnu/nios2-elf/lib/libc.a(lib_a-atexit.o)
 .text.atexit   0x0000000008010ccc       0x14 /home/alpha/altera/15.1/nios2eds/bin/gnu/H-x86_64-pc-linux-gnu/bin/../lib/gcc/nios2-elf/4.9.2/../../../../../H-x86_64-pc-linux-gnu/nios2-elf/lib/libc.a(lib_a-atexit.o)
                0x0000000008010ccc                atexit
 .text          0x0000000008010ce0        0x0 /home/alpha/altera/15.1/nios2eds/bin/gnu/H-x86_64-pc-linux-gnu/bin/../lib/gcc/nios2-elf/4.9.2/../../../../../H-x86_64-pc-linux-gnu/nios2-elf/lib/libc.a(lib_a-exit.o)
 .text.exit     0x0000000008010ce0       0x38 /home/alpha/altera/15.1/nios2eds/bin/gnu/H-x86_64-pc-linux-gnu/bin/../lib/gcc/nios2-elf/4.9.2/../../../../../H-x86_64-pc-linux-gnu/nios2-elf/lib/libc.a(lib_a-exit.o)
                0x0000000008010ce0                exit
 .text          0x0000000008010d18        0x0 /home/alpha/altera/15.1/nios2eds/bin/gnu/H-x86_64-pc-linux-gnu/bin/../lib/gcc/nios2-elf/4.9.2/../../../../../H-x86_64-pc-linux-gnu/nios2-elf/lib/libc.a(lib_a-memcmp.o)
 .text.memcmp   0x0000000008010d18       0x7c /home/alpha/altera/15.1/nios2eds/bin/gnu/H-x86_64-pc-linux-gnu/bin/../lib/gcc/nios2-elf/4.9.2/../../../../../H-x86_64-pc-linux-gnu/nios2-elf/lib/libc.a(lib_a-memcmp.o)
                0x0000000008010d18                memcmp
 .text          0x0000000008010d94        0x0 /home/alpha/altera/15.1/nios2eds/bin/gnu/H-x86_64-pc-linux-gnu/bin/../lib/gcc/nios2-elf/4.9.2/../../../../../H-x86_64-pc-linux-gnu/nios2-elf/lib/libc.a(lib_a-putc.o)
 .text._putc_r  0x0000000008010d94       0xa0 /home/alpha/altera/15.1/nios2eds/bin/gnu/H-x86_64-pc-linux-gnu/bin/../lib/gcc/nios2-elf/4.9.2/../../../../../H-x86_64-pc-linux-gnu/nios2-elf/lib/libc.a(lib_a-putc.o)
                0x0000000008010d94                _putc_r
 .text.putc     0x0000000008010e34       0xcc /home/alpha/altera/15.1/nios2eds/bin/gnu/H-x86_64-pc-linux-gnu/bin/../lib/gcc/nios2-elf/4.9.2/../../../../../H-x86_64-pc-linux-gnu/nios2-elf/lib/libc.a(lib_a-putc.o)
                0x0000000008010e34                putc
 .text          0x0000000008010f00        0x0 /home/alpha/altera/15.1/nios2eds/bin/gnu/H-x86_64-pc-linux-gnu/bin/../lib/gcc/nios2-elf/4.9.2/../../../../../H-x86_64-pc-linux-gnu/nios2-elf/lib/libc.a(lib_a-__atexit.o)
 .text.__register_exitproc
                0x0000000008010f00      0x114 /home/alpha/altera/15.1/nios2eds/bin/gnu/H-x86_64-pc-linux-gnu/bin/../lib/gcc/nios2-elf/4.9.2/../../../../../H-x86_64-pc-linux-gnu/nios2-elf/lib/libc.a(lib_a-__atexit.o)
                0x0000000008010f00                __register_exitproc
 .text          0x0000000008011014        0x0 /home/alpha/altera/15.1/nios2eds/bin/gnu/H-x86_64-pc-linux-gnu/bin/../lib/gcc/nios2-elf/4.9.2/../../../../../H-x86_64-pc-linux-gnu/nios2-elf/lib/libc.a(lib_a-__call_atexit.o)
 .text.__call_exitprocs
                0x0000000008011014      0x194 /home/alpha/altera/15.1/nios2eds/bin/gnu/H-x86_64-pc-linux-gnu/bin/../lib/gcc/nios2-elf/4.9.2/../../../../../H-x86_64-pc-linux-gnu/nios2-elf/lib/libc.a(lib_a-__call_atexit.o)
                0x0000000008011014                __call_exitprocs
 .text          0x00000000080111a8       0x34 ../nios_test_bsp//libhal_bsp.a(alt_exit.o)
                0x00000000080111a8                _exit
 *(.gnu.warning.*)
 *(.fini)
                0x00000000080111dc                PROVIDE (__etext, ABSOLUTE (.))
                0x00000000080111dc                PROVIDE (_etext, ABSOLUTE (.))
                0x00000000080111dc                PROVIDE (etext, ABSOLUTE (.))
 *(.eh_frame_hdr)
                0x00000000080111dc                . = ALIGN (0x4)
                0x00000000080111dc                PROVIDE (__preinit_array_start, ABSOLUTE (.))
 *(.preinit_array)
                0x00000000080111dc                PROVIDE (__preinit_array_end, ABSOLUTE (.))
                0x00000000080111dc                PROVIDE (__init_array_start, ABSOLUTE (.))
 *(.init_array)
                0x00000000080111dc                PROVIDE (__init_array_end, ABSOLUTE (.))
                0x00000000080111dc                PROVIDE (__fini_array_start, ABSOLUTE (.))
 *(.fini_array)
                0x00000000080111dc                PROVIDE (__fini_array_end, ABSOLUTE (.))
 *(.eh_frame)
 *(.gcc_except_table .gcc_except_table.*)
 *(.dynamic)
                0x00000000080111dc                PROVIDE (__CTOR_LIST__, ABSOLUTE (.))
 *(.ctors)
 *(SORT(.ctors.*))
                0x00000000080111dc                PROVIDE (__CTOR_END__, ABSOLUTE (.))
                0x00000000080111dc                PROVIDE (__DTOR_LIST__, ABSOLUTE (.))
 *(.dtors)
 *(SORT(.dtors.*))
                0x00000000080111dc                PROVIDE (__DTOR_END__, ABSOLUTE (.))
 *(.jcr)
                0x00000000080111dc                . = ALIGN (0x4)

.rodata         0x00000000080111dc      0x3d8
                0x00000000080111dc                PROVIDE (__ram_rodata_start, ABSOLUTE (.))
                0x00000000080111dc                . = ALIGN (0x4)
 *(.rodata .rodata.* .gnu.linkonce.r.*)
 .rodata        0x00000000080111dc       0x9c obj/default/hello_world.o
 .rodata.str1.4
                0x0000000008011278        0x2 /home/alpha/altera/15.1/nios2eds/bin/gnu/H-x86_64-pc-linux-gnu/bin/../lib/gcc/nios2-elf/4.9.2/../../../../../H-x86_64-pc-linux-gnu/nios2-elf/lib/libc.a(lib_a-puts.o)
                                          0x4 (size before relaxing)
 *fill*         0x000000000801127a        0x2 
 .rodata.str1.4
                0x000000000801127c       0x42 /home/alpha/altera/15.1/nios2eds/bin/gnu/H-x86_64-pc-linux-gnu/bin/../lib/gcc/nios2-elf/4.9.2/../../../../../H-x86_64-pc-linux-gnu/nios2-elf/lib/libc.a(lib_a-vfprintf.o)
                                         0x44 (size before relaxing)
 .rodata.zeroes.4255
                0x00000000080112be       0x10 /home/alpha/altera/15.1/nios2eds/bin/gnu/H-x86_64-pc-linux-gnu/bin/../lib/gcc/nios2-elf/4.9.2/../../../../../H-x86_64-pc-linux-gnu/nios2-elf/lib/libc.a(lib_a-vfprintf.o)
 .rodata.blanks.4254
                0x00000000080112ce       0x10 /home/alpha/altera/15.1/nios2eds/bin/gnu/H-x86_64-pc-linux-gnu/bin/../lib/gcc/nios2-elf/4.9.2/../../../../../H-x86_64-pc-linux-gnu/nios2-elf/lib/libc.a(lib_a-vfprintf.o)
 *fill*         0x00000000080112de        0x2 
 .rodata.str1.4
                0x00000000080112e0       0x10 /home/alpha/altera/15.1/nios2eds/bin/gnu/H-x86_64-pc-linux-gnu/bin/../lib/gcc/nios2-elf/4.9.2/../../../../../H-x86_64-pc-linux-gnu/nios2-elf/lib/libc.a(lib_a-dtoa.o)
                                         0x14 (size before relaxing)
 .rodata.str1.4
                0x00000000080112f0        0x2 /home/alpha/altera/15.1/nios2eds/bin/gnu/H-x86_64-pc-linux-gnu/bin/../lib/gcc/nios2-elf/4.9.2/../../../../../H-x86_64-pc-linux-gnu/nios2-elf/lib/libc.a(lib_a-impure.o)
                                          0x4 (size before relaxing)
 *fill*         0x00000000080112f2        0x2 
 .rodata.str1.4
                0x00000000080112f4        0xc /home/alpha/altera/15.1/nios2eds/bin/gnu/H-x86_64-pc-linux-gnu/bin/../lib/gcc/nios2-elf/4.9.2/../../../../../H-x86_64-pc-linux-gnu/nios2-elf/lib/libc.a(lib_a-locale.o)
                                         0x14 (size before relaxing)
 .rodata.p05.2710
                0x0000000008011300        0xc /home/alpha/altera/15.1/nios2eds/bin/gnu/H-x86_64-pc-linux-gnu/bin/../lib/gcc/nios2-elf/4.9.2/../../../../../H-x86_64-pc-linux-gnu/nios2-elf/lib/libc.a(lib_a-mprec.o)
 .rodata.__mprec_tinytens
                0x000000000801130c       0x28 /home/alpha/altera/15.1/nios2eds/bin/gnu/H-x86_64-pc-linux-gnu/bin/../lib/gcc/nios2-elf/4.9.2/../../../../../H-x86_64-pc-linux-gnu/nios2-elf/lib/libc.a(lib_a-mprec.o)
                0x000000000801130c                __mprec_tinytens
 .rodata.__mprec_bigtens
                0x0000000008011334       0x28 /home/alpha/altera/15.1/nios2eds/bin/gnu/H-x86_64-pc-linux-gnu/bin/../lib/gcc/nios2-elf/4.9.2/../../../../../H-x86_64-pc-linux-gnu/nios2-elf/lib/libc.a(lib_a-mprec.o)
                0x0000000008011334                __mprec_bigtens
 .rodata.__mprec_tens
                0x000000000801135c       0xc8 /home/alpha/altera/15.1/nios2eds/bin/gnu/H-x86_64-pc-linux-gnu/bin/../lib/gcc/nios2-elf/4.9.2/../../../../../H-x86_64-pc-linux-gnu/nios2-elf/lib/libc.a(lib_a-mprec.o)
                0x000000000801135c                __mprec_tens
 .rodata.str1.4
                0x0000000000000000       0x30 /home/alpha/altera/15.1/nios2eds/bin/gnu/H-x86_64-pc-linux-gnu/bin/../lib/gcc/nios2-elf/4.9.2/../../../../../H-x86_64-pc-linux-gnu/nios2-elf/lib/libc.a(lib_a-vfiprintf.o)
 .rodata.zeroes.4200
                0x0000000008011424       0x10 /home/alpha/altera/15.1/nios2eds/bin/gnu/H-x86_64-pc-linux-gnu/bin/../lib/gcc/nios2-elf/4.9.2/../../../../../H-x86_64-pc-linux-gnu/nios2-elf/lib/libc.a(lib_a-vfiprintf.o)
 .rodata.blanks.4199
                0x0000000008011434       0x10 /home/alpha/altera/15.1/nios2eds/bin/gnu/H-x86_64-pc-linux-gnu/bin/../lib/gcc/nios2-elf/4.9.2/../../../../../H-x86_64-pc-linux-gnu/nios2-elf/lib/libc.a(lib_a-vfiprintf.o)
 .rodata        0x0000000008011444      0x100 /home/alpha/altera/15.1/nios2eds/bin/gnu/H-x86_64-pc-linux-gnu/bin/../lib/gcc/nios2-elf/4.9.2/libgcc.a(_clz.o)
                0x0000000008011444                __clz_tab
 .rodata        0x0000000008011544        0xc ../nios_test_bsp//libhal_bsp.a(alt_dev.o)
 .rodata        0x0000000008011550       0x10 ../nios_test_bsp//libhal_bsp.a(alt_main.o)
 .rodata        0x0000000008011560       0x54 ../nios_test_bsp//libhal_bsp.a(alt_sys_init.o)
 *(.rodata1)
                0x00000000080115b4                . = ALIGN (0x4)
                0x00000000080115b4                PROVIDE (__ram_rodata_end, ABSOLUTE (.))
                0x00000000080111dc                PROVIDE (__flash_rodata_start, LOADADDR (.rodata))

.rwdata         0x00000000080115b4     0x1ba4 load address 0x0000000008013158
                0x00000000080115b4                PROVIDE (__ram_rwdata_start, ABSOLUTE (.))
                0x00000000080115b4                . = ALIGN (0x4)
 *(.got.plt)
 *(.got)
 *(.data1)
 *(.data .data.* .gnu.linkonce.d.*)
 .data          0x00000000080115b4        0x0 ../nios_test_bsp//obj/HAL/src/crt0.o
 .data          0x00000000080115b4        0x0 obj/default/hello_world.o
 .data          0x00000000080115b4        0x0 /home/alpha/altera/15.1/nios2eds/bin/gnu/H-x86_64-pc-linux-gnu/bin/../lib/gcc/nios2-elf/4.9.2/../../../../../H-x86_64-pc-linux-gnu/nios2-elf/lib/libc.a(lib_a-printf.o)
 .data          0x00000000080115b4        0x0 /home/alpha/altera/15.1/nios2eds/bin/gnu/H-x86_64-pc-linux-gnu/bin/../lib/gcc/nios2-elf/4.9.2/../../../../../H-x86_64-pc-linux-gnu/nios2-elf/lib/libc.a(lib_a-puts.o)
 .data          0x00000000080115b4        0x0 /home/alpha/altera/15.1/nios2eds/bin/gnu/H-x86_64-pc-linux-gnu/bin/../lib/gcc/nios2-elf/4.9.2/../../../../../H-x86_64-pc-linux-gnu/nios2-elf/lib/libc.a(lib_a-rand.o)
 .data          0x00000000080115b4        0x0 /home/alpha/altera/15.1/nios2eds/bin/gnu/H-x86_64-pc-linux-gnu/bin/../lib/gcc/nios2-elf/4.9.2/../../../../../H-x86_64-pc-linux-gnu/nios2-elf/lib/libc.a(lib_a-strlen.o)
 .data          0x00000000080115b4        0x0 /home/alpha/altera/15.1/nios2eds/bin/gnu/H-x86_64-pc-linux-gnu/bin/../lib/gcc/nios2-elf/4.9.2/../../../../../H-x86_64-pc-linux-gnu/nios2-elf/lib/libc.a(lib_a-vfprintf.o)
 .data          0x00000000080115b4        0x0 /home/alpha/altera/15.1/nios2eds/bin/gnu/H-x86_64-pc-linux-gnu/bin/../lib/gcc/nios2-elf/4.9.2/../../../../../H-x86_64-pc-linux-gnu/nios2-elf/lib/libc.a(lib_a-wsetup.o)
 .data          0x00000000080115b4        0x0 /home/alpha/altera/15.1/nios2eds/bin/gnu/H-x86_64-pc-linux-gnu/bin/../lib/gcc/nios2-elf/4.9.2/../../../../../H-x86_64-pc-linux-gnu/nios2-elf/lib/libc.a(lib_a-dtoa.o)
 .data          0x00000000080115b4        0x0 /home/alpha/altera/15.1/nios2eds/bin/gnu/H-x86_64-pc-linux-gnu/bin/../lib/gcc/nios2-elf/4.9.2/../../../../../H-x86_64-pc-linux-gnu/nios2-elf/lib/libc.a(lib_a-fflush.o)
 .data          0x00000000080115b4        0x0 /home/alpha/altera/15.1/nios2eds/bin/gnu/H-x86_64-pc-linux-gnu/bin/../lib/gcc/nios2-elf/4.9.2/../../../../../H-x86_64-pc-linux-gnu/nios2-elf/lib/libc.a(lib_a-findfp.o)
 .data          0x00000000080115b4        0x0 /home/alpha/altera/15.1/nios2eds/bin/gnu/H-x86_64-pc-linux-gnu/bin/../lib/gcc/nios2-elf/4.9.2/../../../../../H-x86_64-pc-linux-gnu/nios2-elf/lib/libc.a(lib_a-freer.o)
 .data          0x00000000080115b4        0x0 /home/alpha/altera/15.1/nios2eds/bin/gnu/H-x86_64-pc-linux-gnu/bin/../lib/gcc/nios2-elf/4.9.2/../../../../../H-x86_64-pc-linux-gnu/nios2-elf/lib/libc.a(lib_a-fvwrite.o)
 .data          0x00000000080115b4        0x0 /home/alpha/altera/15.1/nios2eds/bin/gnu/H-x86_64-pc-linux-gnu/bin/../lib/gcc/nios2-elf/4.9.2/../../../../../H-x86_64-pc-linux-gnu/nios2-elf/lib/libc.a(lib_a-fwalk.o)
 .data          0x00000000080115b4        0x0 /home/alpha/altera/15.1/nios2eds/bin/gnu/H-x86_64-pc-linux-gnu/bin/../lib/gcc/nios2-elf/4.9.2/../../../../../H-x86_64-pc-linux-gnu/nios2-elf/lib/libc.a(lib_a-impure.o)
 .data.impure_data
                0x00000000080115b4      0x424 /home/alpha/altera/15.1/nios2eds/bin/gnu/H-x86_64-pc-linux-gnu/bin/../lib/gcc/nios2-elf/4.9.2/../../../../../H-x86_64-pc-linux-gnu/nios2-elf/lib/libc.a(lib_a-impure.o)
 .data          0x00000000080119d8        0x0 /home/alpha/altera/15.1/nios2eds/bin/gnu/H-x86_64-pc-linux-gnu/bin/../lib/gcc/nios2-elf/4.9.2/../../../../../H-x86_64-pc-linux-gnu/nios2-elf/lib/libc.a(lib_a-locale.o)
 .data.lc_message_charset
                0x00000000080119d8       0x20 /home/alpha/altera/15.1/nios2eds/bin/gnu/H-x86_64-pc-linux-gnu/bin/../lib/gcc/nios2-elf/4.9.2/../../../../../H-x86_64-pc-linux-gnu/nios2-elf/lib/libc.a(lib_a-locale.o)
 .data.lc_ctype_charset
                0x00000000080119f8       0x20 /home/alpha/altera/15.1/nios2eds/bin/gnu/H-x86_64-pc-linux-gnu/bin/../lib/gcc/nios2-elf/4.9.2/../../../../../H-x86_64-pc-linux-gnu/nios2-elf/lib/libc.a(lib_a-locale.o)
 .data.lconv    0x0000000008011a18       0x38 /home/alpha/altera/15.1/nios2eds/bin/gnu/H-x86_64-pc-linux-gnu/bin/../lib/gcc/nios2-elf/4.9.2/../../../../../H-x86_64-pc-linux-gnu/nios2-elf/lib/libc.a(lib_a-locale.o)
 .data          0x0000000008011a50        0x0 /home/alpha/altera/15.1/nios2eds/bin/gnu/H-x86_64-pc-linux-gnu/bin/../lib/gcc/nios2-elf/4.9.2/../../../../../H-x86_64-pc-linux-gnu/nios2-elf/lib/libc.a(lib_a-makebuf.o)
 .data          0x0000000008011a50        0x0 /home/alpha/altera/15.1/nios2eds/bin/gnu/H-x86_64-pc-linux-gnu/bin/../lib/gcc/nios2-elf/4.9.2/../../../../../H-x86_64-pc-linux-gnu/nios2-elf/lib/libc.a(lib_a-mallocr.o)
 .data.__malloc_av_
                0x0000000008011a50      0x408 /home/alpha/altera/15.1/nios2eds/bin/gnu/H-x86_64-pc-linux-gnu/bin/../lib/gcc/nios2-elf/4.9.2/../../../../../H-x86_64-pc-linux-gnu/nios2-elf/lib/libc.a(lib_a-mallocr.o)
                0x0000000008011a50                __malloc_av_
 .data          0x0000000008011e58        0x0 /home/alpha/altera/15.1/nios2eds/bin/gnu/H-x86_64-pc-linux-gnu/bin/../lib/gcc/nios2-elf/4.9.2/../../../../../H-x86_64-pc-linux-gnu/nios2-elf/lib/libc.a(lib_a-memchr.o)
 .data          0x0000000008011e58        0x0 /home/alpha/altera/15.1/nios2eds/bin/gnu/H-x86_64-pc-linux-gnu/bin/../lib/gcc/nios2-elf/4.9.2/../../../../../H-x86_64-pc-linux-gnu/nios2-elf/lib/libc.a(lib_a-memcpy.o)
 .data          0x0000000008011e58        0x0 /home/alpha/altera/15.1/nios2eds/bin/gnu/H-x86_64-pc-linux-gnu/bin/../lib/gcc/nios2-elf/4.9.2/../../../../../H-x86_64-pc-linux-gnu/nios2-elf/lib/libc.a(lib_a-memmove.o)
 .data          0x0000000008011e58        0x0 /home/alpha/altera/15.1/nios2eds/bin/gnu/H-x86_64-pc-linux-gnu/bin/../lib/gcc/nios2-elf/4.9.2/../../../../../H-x86_64-pc-linux-gnu/nios2-elf/lib/libc.a(lib_a-memset.o)
 .data          0x0000000008011e58        0x0 /home/alpha/altera/15.1/nios2eds/bin/gnu/H-x86_64-pc-linux-gnu/bin/../lib/gcc/nios2-elf/4.9.2/../../../../../H-x86_64-pc-linux-gnu/nios2-elf/lib/libc.a(lib_a-mprec.o)
 .data          0x0000000008011e58        0x0 /home/alpha/altera/15.1/nios2eds/bin/gnu/H-x86_64-pc-linux-gnu/bin/../lib/gcc/nios2-elf/4.9.2/../../../../../H-x86_64-pc-linux-gnu/nios2-elf/lib/libc.a(lib_a-reallocr.o)
 .data          0x0000000008011e58        0x0 /home/alpha/altera/15.1/nios2eds/bin/gnu/H-x86_64-pc-linux-gnu/bin/../lib/gcc/nios2-elf/4.9.2/../../../../../H-x86_64-pc-linux-gnu/nios2-elf/lib/libc.a(lib_a-s_fpclassify.o)
 .data          0x0000000008011e58        0x0 /home/alpha/altera/15.1/nios2eds/bin/gnu/H-x86_64-pc-linux-gnu/bin/../lib/gcc/nios2-elf/4.9.2/../../../../../H-x86_64-pc-linux-gnu/nios2-elf/lib/libc.a(lib_a-sbrkr.o)
 .data          0x0000000008011e58        0x0 /home/alpha/altera/15.1/nios2eds/bin/gnu/H-x86_64-pc-linux-gnu/bin/../lib/gcc/nios2-elf/4.9.2/../../../../../H-x86_64-pc-linux-gnu/nios2-elf/lib/libc.a(lib_a-stdio.o)
 .data          0x0000000008011e58        0x0 /home/alpha/altera/15.1/nios2eds/bin/gnu/H-x86_64-pc-linux-gnu/bin/../lib/gcc/nios2-elf/4.9.2/../../../../../H-x86_64-pc-linux-gnu/nios2-elf/lib/libc.a(lib_a-strcmp.o)
 .data          0x0000000008011e58        0x0 /home/alpha/altera/15.1/nios2eds/bin/gnu/H-x86_64-pc-linux-gnu/bin/../lib/gcc/nios2-elf/4.9.2/../../../../../H-x86_64-pc-linux-gnu/nios2-elf/lib/libc.a(lib_a-vfiprintf.o)
 .data          0x0000000008011e58        0x0 /home/alpha/altera/15.1/nios2eds/bin/gnu/H-x86_64-pc-linux-gnu/bin/../lib/gcc/nios2-elf/4.9.2/../../../../../H-x86_64-pc-linux-gnu/nios2-elf/lib/libc.a(lib_a-writer.o)
 .data          0x0000000008011e58        0x0 /home/alpha/altera/15.1/nios2eds/bin/gnu/H-x86_64-pc-linux-gnu/bin/../lib/gcc/nios2-elf/4.9.2/../../../../../H-x86_64-pc-linux-gnu/nios2-elf/lib/libc.a(closer.o)
 .data          0x0000000008011e58        0x0 /home/alpha/altera/15.1/nios2eds/bin/gnu/H-x86_64-pc-linux-gnu/bin/../lib/gcc/nios2-elf/4.9.2/../../../../../H-x86_64-pc-linux-gnu/nios2-elf/lib/libc.a(lib_a-callocr.o)
 .data          0x0000000008011e58        0x0 /home/alpha/altera/15.1/nios2eds/bin/gnu/H-x86_64-pc-linux-gnu/bin/../lib/gcc/nios2-elf/4.9.2/../../../../../H-x86_64-pc-linux-gnu/nios2-elf/lib/libc.a(lib_a-fclose.o)
 .data          0x0000000008011e58        0x0 /home/alpha/altera/15.1/nios2eds/bin/gnu/H-x86_64-pc-linux-gnu/bin/../lib/gcc/nios2-elf/4.9.2/../../../../../H-x86_64-pc-linux-gnu/nios2-elf/lib/libc.a(lib_a-fputwc.o)
 .data          0x0000000008011e58        0x0 /home/alpha/altera/15.1/nios2eds/bin/gnu/H-x86_64-pc-linux-gnu/bin/../lib/gcc/nios2-elf/4.9.2/../../../../../H-x86_64-pc-linux-gnu/nios2-elf/lib/libc.a(lib_a-fstatr.o)
 .data          0x0000000008011e58        0x0 /home/alpha/altera/15.1/nios2eds/bin/gnu/H-x86_64-pc-linux-gnu/bin/../lib/gcc/nios2-elf/4.9.2/../../../../../H-x86_64-pc-linux-gnu/nios2-elf/lib/libc.a(lib_a-int_errno.o)
 .data          0x0000000008011e58        0x0 /home/alpha/altera/15.1/nios2eds/bin/gnu/H-x86_64-pc-linux-gnu/bin/../lib/gcc/nios2-elf/4.9.2/../../../../../H-x86_64-pc-linux-gnu/nios2-elf/lib/libc.a(lib_a-isattyr.o)
 .data          0x0000000008011e58        0x0 /home/alpha/altera/15.1/nios2eds/bin/gnu/H-x86_64-pc-linux-gnu/bin/../lib/gcc/nios2-elf/4.9.2/../../../../../H-x86_64-pc-linux-gnu/nios2-elf/lib/libc.a(lib_a-lseekr.o)
 .data          0x0000000008011e58        0x0 /home/alpha/altera/15.1/nios2eds/bin/gnu/H-x86_64-pc-linux-gnu/bin/../lib/gcc/nios2-elf/4.9.2/../../../../../H-x86_64-pc-linux-gnu/nios2-elf/lib/libc.a(lib_a-readr.o)
 .data          0x0000000008011e58        0x0 /home/alpha/altera/15.1/nios2eds/bin/gnu/H-x86_64-pc-linux-gnu/bin/../lib/gcc/nios2-elf/4.9.2/../../../../../H-x86_64-pc-linux-gnu/nios2-elf/lib/libc.a(lib_a-wbuf.o)
 .data          0x0000000008011e58        0x0 /home/alpha/altera/15.1/nios2eds/bin/gnu/H-x86_64-pc-linux-gnu/bin/../lib/gcc/nios2-elf/4.9.2/../../../../../H-x86_64-pc-linux-gnu/nios2-elf/lib/libc.a(lib_a-wcrtomb.o)
 .data          0x0000000008011e58        0x0 /home/alpha/altera/15.1/nios2eds/bin/gnu/H-x86_64-pc-linux-gnu/bin/../lib/gcc/nios2-elf/4.9.2/../../../../../H-x86_64-pc-linux-gnu/nios2-elf/lib/libc.a(lib_a-wctomb_r.o)
 .data          0x0000000008011e58        0x0 /home/alpha/altera/15.1/nios2eds/bin/gnu/H-x86_64-pc-linux-gnu/bin/../lib/gcc/nios2-elf/4.9.2/libgcc.a(_muldi3.o)
 .data          0x0000000008011e58        0x0 /home/alpha/altera/15.1/nios2eds/bin/gnu/H-x86_64-pc-linux-gnu/bin/../lib/gcc/nios2-elf/4.9.2/libgcc.a(_udivdi3.o)
 .data          0x0000000008011e58        0x0 /home/alpha/altera/15.1/nios2eds/bin/gnu/H-x86_64-pc-linux-gnu/bin/../lib/gcc/nios2-elf/4.9.2/libgcc.a(_umoddi3.o)
 .data          0x0000000008011e58        0x0 /home/alpha/altera/15.1/nios2eds/bin/gnu/H-x86_64-pc-linux-gnu/bin/../lib/gcc/nios2-elf/4.9.2/libgcc.a(lib2-divmod.o)
 .data          0x0000000008011e58        0x0 /home/alpha/altera/15.1/nios2eds/bin/gnu/H-x86_64-pc-linux-gnu/bin/../lib/gcc/nios2-elf/4.9.2/libgcc.a(adddf3.o)
 .data          0x0000000008011e58        0x0 /home/alpha/altera/15.1/nios2eds/bin/gnu/H-x86_64-pc-linux-gnu/bin/../lib/gcc/nios2-elf/4.9.2/libgcc.a(divdf3.o)
 .data          0x0000000008011e58        0x0 /home/alpha/altera/15.1/nios2eds/bin/gnu/H-x86_64-pc-linux-gnu/bin/../lib/gcc/nios2-elf/4.9.2/libgcc.a(eqdf2.o)
 .data          0x0000000008011e58        0x0 /home/alpha/altera/15.1/nios2eds/bin/gnu/H-x86_64-pc-linux-gnu/bin/../lib/gcc/nios2-elf/4.9.2/libgcc.a(gedf2.o)
 .data          0x0000000008011e58        0x0 /home/alpha/altera/15.1/nios2eds/bin/gnu/H-x86_64-pc-linux-gnu/bin/../lib/gcc/nios2-elf/4.9.2/libgcc.a(ledf2.o)
 .data          0x0000000008011e58        0x0 /home/alpha/altera/15.1/nios2eds/bin/gnu/H-x86_64-pc-linux-gnu/bin/../lib/gcc/nios2-elf/4.9.2/libgcc.a(muldf3.o)
 .data          0x0000000008011e58        0x0 /home/alpha/altera/15.1/nios2eds/bin/gnu/H-x86_64-pc-linux-gnu/bin/../lib/gcc/nios2-elf/4.9.2/libgcc.a(subdf3.o)
 .data          0x0000000008011e58        0x0 /home/alpha/altera/15.1/nios2eds/bin/gnu/H-x86_64-pc-linux-gnu/bin/../lib/gcc/nios2-elf/4.9.2/libgcc.a(fixdfsi.o)
 .data          0x0000000008011e58        0x0 /home/alpha/altera/15.1/nios2eds/bin/gnu/H-x86_64-pc-linux-gnu/bin/../lib/gcc/nios2-elf/4.9.2/libgcc.a(floatsidf.o)
 .data          0x0000000008011e58        0x0 /home/alpha/altera/15.1/nios2eds/bin/gnu/H-x86_64-pc-linux-gnu/bin/../lib/gcc/nios2-elf/4.9.2/libgcc.a(floatunsidf.o)
 .data          0x0000000008011e58        0x0 /home/alpha/altera/15.1/nios2eds/bin/gnu/H-x86_64-pc-linux-gnu/bin/../lib/gcc/nios2-elf/4.9.2/libgcc.a(_clz.o)
 .data          0x0000000008011e58        0x0 /home/alpha/altera/15.1/nios2eds/bin/gnu/H-x86_64-pc-linux-gnu/bin/../lib/gcc/nios2-elf/4.9.2/libgcc.a(_clzsi2.o)
 .data          0x0000000008011e58        0x0 ../nios_test_bsp//libhal_bsp.a(alt_close.o)
 .data          0x0000000008011e58      0x1a8 ../nios_test_bsp//libhal_bsp.a(alt_dev.o)
                0x0000000008011e58                alt_dev_null
                0x0000000008011e80                alt_fd_list
 .data          0x0000000008012000        0x0 ../nios_test_bsp//libhal_bsp.a(alt_errno.o)
 .data          0x0000000008012000        0x0 ../nios_test_bsp//libhal_bsp.a(alt_fstat.o)
 .data          0x0000000008012000        0x0 ../nios_test_bsp//libhal_bsp.a(alt_irq_register.o)
 .data          0x0000000008012000        0x0 ../nios_test_bsp//libhal_bsp.a(alt_irq_vars.o)
 .data          0x0000000008012000        0x0 ../nios_test_bsp//libhal_bsp.a(alt_isatty.o)
 .data          0x0000000008012000        0x0 ../nios_test_bsp//libhal_bsp.a(alt_load.o)
 .data          0x0000000008012000        0x0 ../nios_test_bsp//libhal_bsp.a(alt_lseek.o)
 .data          0x0000000008012000        0x0 ../nios_test_bsp//libhal_bsp.a(alt_main.o)
 .data          0x0000000008012000        0x0 ../nios_test_bsp//libhal_bsp.a(alt_malloc_lock.o)
 .data          0x0000000008012000        0x0 ../nios_test_bsp//libhal_bsp.a(alt_printf.o)
 .data          0x0000000008012000        0x0 ../nios_test_bsp//libhal_bsp.a(alt_putchar.o)
 .data          0x0000000008012000        0x0 ../nios_test_bsp//libhal_bsp.a(alt_read.o)
 .data          0x0000000008012000        0x0 ../nios_test_bsp//libhal_bsp.a(alt_release_fd.o)
 .data          0x0000000008012000        0x0 ../nios_test_bsp//libhal_bsp.a(alt_sbrk.o)
 .data          0x0000000008012000        0x0 ../nios_test_bsp//libhal_bsp.a(alt_write.o)
 .data          0x0000000008012000     0x1114 ../nios_test_bsp//libhal_bsp.a(alt_sys_init.o)
 .data          0x0000000008013114        0x0 ../nios_test_bsp//libhal_bsp.a(altera_avalon_jtag_uart_fd.o)
 .data          0x0000000008013114        0x0 ../nios_test_bsp//libhal_bsp.a(altera_avalon_jtag_uart_init.o)
 .data          0x0000000008013114        0x0 ../nios_test_bsp//libhal_bsp.a(altera_avalon_jtag_uart_ioctl.o)
 .data          0x0000000008013114        0x0 ../nios_test_bsp//libhal_bsp.a(altera_avalon_jtag_uart_read.o)
 .data          0x0000000008013114        0x0 ../nios_test_bsp//libhal_bsp.a(altera_avalon_jtag_uart_write.o)
 .data          0x0000000008013114        0x0 ../nios_test_bsp//libhal_bsp.a(altera_avalon_spi.o)
 .data          0x0000000008013114        0x0 ../nios_test_bsp//libhal_bsp.a(altera_up_avalon_audio.o)
 .data          0x0000000008013114        0x0 ../nios_test_bsp//libhal_bsp.a(altera_up_avalon_video_pixel_buffer_dma.o)
 .data          0x0000000008013114        0x0 ../nios_test_bsp//libhal_bsp.a(alt_alarm_start.o)
 .data          0x0000000008013114        0x0 ../nios_test_bsp//libhal_bsp.a(alt_dcache_flush_all.o)
 .data          0x0000000008013114        0x0 ../nios_test_bsp//libhal_bsp.a(alt_dev_llist_insert.o)
 .data          0x0000000008013114        0x0 ../nios_test_bsp//libhal_bsp.a(alt_do_ctors.o)
 .data          0x0000000008013114        0x0 ../nios_test_bsp//libhal_bsp.a(alt_do_dtors.o)
 .data          0x0000000008013114        0x0 ../nios_test_bsp//libhal_bsp.a(alt_find_dev.o)
 .data          0x0000000008013114        0x0 ../nios_test_bsp//libhal_bsp.a(alt_icache_flush_all.o)
 .data          0x0000000008013114        0x0 ../nios_test_bsp//libhal_bsp.a(alt_io_redirect.o)
 .data          0x0000000008013114        0x0 ../nios_test_bsp//libhal_bsp.a(alt_irq_entry.o)
 .data          0x0000000008013114        0x0 ../nios_test_bsp//libhal_bsp.a(alt_irq_handler.o)
 .data          0x0000000008013114        0x0 ../nios_test_bsp//libhal_bsp.a(alt_open.o)
 .data          0x0000000008013114        0x0 ../nios_test_bsp//libhal_bsp.a(alt_tick.o)
 .data          0x0000000008013114        0x0 ../nios_test_bsp//libhal_bsp.a(altera_nios2_gen2_irq.o)
 .data          0x0000000008013114        0x0 ../nios_test_bsp//libhal_bsp.a(alt_exception_entry.o)
 .data          0x0000000008013114        0x0 ../nios_test_bsp//libhal_bsp.a(alt_find_file.o)
 .data          0x0000000008013114        0x0 ../nios_test_bsp//libhal_bsp.a(alt_get_fd.o)
 .data          0x0000000008013114        0x0 ../nios_test_bsp//libhal_bsp.a(alt_icache_flush.o)
 .data          0x0000000008013114        0x0 ../nios_test_bsp//libhal_bsp.a(alt_instruction_exception_entry.o)
 .data          0x0000000008013114        0x0 /home/alpha/altera/15.1/nios2eds/bin/gnu/H-x86_64-pc-linux-gnu/bin/../lib/gcc/nios2-elf/4.9.2/../../../../../H-x86_64-pc-linux-gnu/nios2-elf/lib/libc.a(lib_a-atexit.o)
 .data          0x0000000008013114        0x0 /home/alpha/altera/15.1/nios2eds/bin/gnu/H-x86_64-pc-linux-gnu/bin/../lib/gcc/nios2-elf/4.9.2/../../../../../H-x86_64-pc-linux-gnu/nios2-elf/lib/libc.a(lib_a-exit.o)
 .data          0x0000000008013114        0x0 /home/alpha/altera/15.1/nios2eds/bin/gnu/H-x86_64-pc-linux-gnu/bin/../lib/gcc/nios2-elf/4.9.2/../../../../../H-x86_64-pc-linux-gnu/nios2-elf/lib/libc.a(lib_a-memcmp.o)
 .data          0x0000000008013114        0x0 /home/alpha/altera/15.1/nios2eds/bin/gnu/H-x86_64-pc-linux-gnu/bin/../lib/gcc/nios2-elf/4.9.2/../../../../../H-x86_64-pc-linux-gnu/nios2-elf/lib/libc.a(lib_a-putc.o)
 .data          0x0000000008013114        0x0 /home/alpha/altera/15.1/nios2eds/bin/gnu/H-x86_64-pc-linux-gnu/bin/../lib/gcc/nios2-elf/4.9.2/../../../../../H-x86_64-pc-linux-gnu/nios2-elf/lib/libc.a(lib_a-__atexit.o)
 .data          0x0000000008013114        0x0 /home/alpha/altera/15.1/nios2eds/bin/gnu/H-x86_64-pc-linux-gnu/bin/../lib/gcc/nios2-elf/4.9.2/../../../../../H-x86_64-pc-linux-gnu/nios2-elf/lib/libc.a(lib_a-__call_atexit.o)
 .data          0x0000000008013114        0x0 ../nios_test_bsp//libhal_bsp.a(alt_exit.o)
                0x000000000801b114                _gp = ABSOLUTE ((. + 0x8000))
                0x000000000801b114                PROVIDE (gp, _gp)
 *(.rwdata .rwdata.*)
 *(.sdata .sdata.* .gnu.linkonce.s.*)
 .sdata         0x0000000008013114        0x4 obj/default/hello_world.o
                0x0000000008013114                lstk
 .sdata._global_impure_ptr
                0x0000000008013118        0x4 /home/alpha/altera/15.1/nios2eds/bin/gnu/H-x86_64-pc-linux-gnu/bin/../lib/gcc/nios2-elf/4.9.2/../../../../../H-x86_64-pc-linux-gnu/nios2-elf/lib/libc.a(lib_a-impure.o)
                0x0000000008013118                _global_impure_ptr
 .sdata._impure_ptr
                0x000000000801311c        0x4 /home/alpha/altera/15.1/nios2eds/bin/gnu/H-x86_64-pc-linux-gnu/bin/../lib/gcc/nios2-elf/4.9.2/../../../../../H-x86_64-pc-linux-gnu/nios2-elf/lib/libc.a(lib_a-impure.o)
                0x000000000801311c                _impure_ptr
 .sdata.__mb_cur_max
                0x0000000008013120        0x4 /home/alpha/altera/15.1/nios2eds/bin/gnu/H-x86_64-pc-linux-gnu/bin/../lib/gcc/nios2-elf/4.9.2/../../../../../H-x86_64-pc-linux-gnu/nios2-elf/lib/libc.a(lib_a-locale.o)
                0x0000000008013120                __mb_cur_max
 .sdata.__malloc_sbrk_base
                0x0000000008013124        0x4 /home/alpha/altera/15.1/nios2eds/bin/gnu/H-x86_64-pc-linux-gnu/bin/../lib/gcc/nios2-elf/4.9.2/../../../../../H-x86_64-pc-linux-gnu/nios2-elf/lib/libc.a(lib_a-mallocr.o)
                0x0000000008013124                __malloc_sbrk_base
 .sdata.__malloc_trim_threshold
                0x0000000008013128        0x4 /home/alpha/altera/15.1/nios2eds/bin/gnu/H-x86_64-pc-linux-gnu/bin/../lib/gcc/nios2-elf/4.9.2/../../../../../H-x86_64-pc-linux-gnu/nios2-elf/lib/libc.a(lib_a-mallocr.o)
                0x0000000008013128                __malloc_trim_threshold
 .sdata.__wctomb
                0x000000000801312c        0x4 /home/alpha/altera/15.1/nios2eds/bin/gnu/H-x86_64-pc-linux-gnu/bin/../lib/gcc/nios2-elf/4.9.2/../../../../../H-x86_64-pc-linux-gnu/nios2-elf/lib/libc.a(lib_a-wctomb_r.o)
                0x000000000801312c                __wctomb
 .sdata         0x0000000008013130       0x14 ../nios_test_bsp//libhal_bsp.a(alt_dev.o)
                0x0000000008013130                alt_fs_list
                0x0000000008013138                alt_dev_list
                0x0000000008013140                alt_max_fd
 .sdata         0x0000000008013144        0x4 ../nios_test_bsp//libhal_bsp.a(alt_errno.o)
                0x0000000008013144                alt_errno
 .sdata         0x0000000008013148        0x4 ../nios_test_bsp//libhal_bsp.a(alt_irq_vars.o)
                0x0000000008013148                alt_priority_mask
 .sdata         0x000000000801314c        0x4 ../nios_test_bsp//libhal_bsp.a(alt_sbrk.o)
 .sdata         0x0000000008013150        0x8 ../nios_test_bsp//libhal_bsp.a(alt_tick.o)
                0x0000000008013150                alt_alarm_list
 *(.sdata2 .sdata2.* .gnu.linkonce.s2.*)
                0x0000000008013158                . = ALIGN (0x4)
                0x0000000008013158                _edata = ABSOLUTE (.)
                0x0000000008013158                PROVIDE (edata, ABSOLUTE (.))
                0x0000000008013158                PROVIDE (__ram_rwdata_end, ABSOLUTE (.))
                0x0000000008013158                PROVIDE (__flash_rwdata_start, LOADADDR (.rwdata))

.bss            0x0000000008014cfc    0xf43b0
                0x0000000008014cfc                __bss_start = ABSOLUTE (.)
                0x0000000008014cfc                PROVIDE (__sbss_start, ABSOLUTE (.))
                0x0000000008014cfc                PROVIDE (___sbss_start, ABSOLUTE (.))
 *(.dynsbss)
 *(.sbss .sbss.* .gnu.linkonce.sb.*)
 .sbss          0x0000000008014cfc        0xc obj/default/hello_world.o
                0x0000000008014cfc                tk
                0x0000000008014d00                readmode
                0x0000000008014d04                cnt
 .sbss          0x0000000008014d08        0x4 obj/default/hello_world.o
                0x0000000008014d08                bid
 .sbss._PathLocale
                0x0000000008014d0c        0x4 /home/alpha/altera/15.1/nios2eds/bin/gnu/H-x86_64-pc-linux-gnu/bin/../lib/gcc/nios2-elf/4.9.2/../../../../../H-x86_64-pc-linux-gnu/nios2-elf/lib/libc.a(lib_a-locale.o)
                0x0000000008014d0c                _PathLocale
 .sbss.__mlocale_changed
                0x0000000008014d10        0x4 /home/alpha/altera/15.1/nios2eds/bin/gnu/H-x86_64-pc-linux-gnu/bin/../lib/gcc/nios2-elf/4.9.2/../../../../../H-x86_64-pc-linux-gnu/nios2-elf/lib/libc.a(lib_a-locale.o)
                0x0000000008014d10                __mlocale_changed
 .sbss.__nlocale_changed
                0x0000000008014d14        0x4 /home/alpha/altera/15.1/nios2eds/bin/gnu/H-x86_64-pc-linux-gnu/bin/../lib/gcc/nios2-elf/4.9.2/../../../../../H-x86_64-pc-linux-gnu/nios2-elf/lib/libc.a(lib_a-locale.o)
                0x0000000008014d14                __nlocale_changed
 .sbss.__malloc_max_total_mem
                0x0000000008014d18        0x4 /home/alpha/altera/15.1/nios2eds/bin/gnu/H-x86_64-pc-linux-gnu/bin/../lib/gcc/nios2-elf/4.9.2/../../../../../H-x86_64-pc-linux-gnu/nios2-elf/lib/libc.a(lib_a-mallocr.o)
                0x0000000008014d18                __malloc_max_total_mem
 .sbss.__malloc_max_sbrked_mem
                0x0000000008014d1c        0x4 /home/alpha/altera/15.1/nios2eds/bin/gnu/H-x86_64-pc-linux-gnu/bin/../lib/gcc/nios2-elf/4.9.2/../../../../../H-x86_64-pc-linux-gnu/nios2-elf/lib/libc.a(lib_a-mallocr.o)
                0x0000000008014d1c                __malloc_max_sbrked_mem
 .sbss.__malloc_top_pad
                0x0000000008014d20        0x4 /home/alpha/altera/15.1/nios2eds/bin/gnu/H-x86_64-pc-linux-gnu/bin/../lib/gcc/nios2-elf/4.9.2/../../../../../H-x86_64-pc-linux-gnu/nios2-elf/lib/libc.a(lib_a-mallocr.o)
                0x0000000008014d20                __malloc_top_pad
 .sbss          0x0000000008014d24        0x4 /home/alpha/altera/15.1/nios2eds/bin/gnu/H-x86_64-pc-linux-gnu/bin/../lib/gcc/nios2-elf/4.9.2/../../../../../H-x86_64-pc-linux-gnu/nios2-elf/lib/libc.a(lib_a-int_errno.o)
                0x0000000008014d24                errno
 .sbss          0x0000000008014d28        0x4 ../nios_test_bsp//libhal_bsp.a(alt_irq_vars.o)
                0x0000000008014d28                alt_irq_active
 .sbss          0x0000000008014d2c        0xc ../nios_test_bsp//libhal_bsp.a(alt_main.o)
                0x0000000008014d2c                alt_argc
                0x0000000008014d30                alt_argv
                0x0000000008014d34                alt_envp
 .sbss          0x0000000008014d38        0x8 ../nios_test_bsp//libhal_bsp.a(alt_tick.o)
                0x0000000008014d38                _alt_tick_rate
                0x0000000008014d3c                _alt_nticks
 .sbss          0x0000000008014d40        0x4 ../nios_test_bsp//libhal_bsp.a(alt_instruction_exception_entry.o)
                0x0000000008014d40                alt_instruction_exception_handler
 *(.sbss2 .sbss2.* .gnu.linkonce.sb2.*)
 *(.scommon)
                0x0000000008014d44                PROVIDE (__sbss_end, ABSOLUTE (.))
                0x0000000008014d44                PROVIDE (___sbss_end, ABSOLUTE (.))
 *(.dynbss)
 *(.bss .bss.* .gnu.linkonce.b.*)
 .bss           0x0000000008014d44        0x0 ../nios_test_bsp//obj/HAL/src/crt0.o
 .bss           0x0000000008014d44        0x0 obj/default/hello_world.o
 .bss           0x0000000008014d44        0x0 /home/alpha/altera/15.1/nios2eds/bin/gnu/H-x86_64-pc-linux-gnu/bin/../lib/gcc/nios2-elf/4.9.2/../../../../../H-x86_64-pc-linux-gnu/nios2-elf/lib/libc.a(lib_a-printf.o)
 .bss           0x0000000008014d44        0x0 /home/alpha/altera/15.1/nios2eds/bin/gnu/H-x86_64-pc-linux-gnu/bin/../lib/gcc/nios2-elf/4.9.2/../../../../../H-x86_64-pc-linux-gnu/nios2-elf/lib/libc.a(lib_a-puts.o)
 .bss           0x0000000008014d44        0x0 /home/alpha/altera/15.1/nios2eds/bin/gnu/H-x86_64-pc-linux-gnu/bin/../lib/gcc/nios2-elf/4.9.2/../../../../../H-x86_64-pc-linux-gnu/nios2-elf/lib/libc.a(lib_a-rand.o)
 .bss           0x0000000008014d44        0x0 /home/alpha/altera/15.1/nios2eds/bin/gnu/H-x86_64-pc-linux-gnu/bin/../lib/gcc/nios2-elf/4.9.2/../../../../../H-x86_64-pc-linux-gnu/nios2-elf/lib/libc.a(lib_a-strlen.o)
 .bss           0x0000000008014d44        0x0 /home/alpha/altera/15.1/nios2eds/bin/gnu/H-x86_64-pc-linux-gnu/bin/../lib/gcc/nios2-elf/4.9.2/../../../../../H-x86_64-pc-linux-gnu/nios2-elf/lib/libc.a(lib_a-vfprintf.o)
 .bss           0x0000000008014d44        0x0 /home/alpha/altera/15.1/nios2eds/bin/gnu/H-x86_64-pc-linux-gnu/bin/../lib/gcc/nios2-elf/4.9.2/../../../../../H-x86_64-pc-linux-gnu/nios2-elf/lib/libc.a(lib_a-wsetup.o)
 .bss           0x0000000008014d44        0x0 /home/alpha/altera/15.1/nios2eds/bin/gnu/H-x86_64-pc-linux-gnu/bin/../lib/gcc/nios2-elf/4.9.2/../../../../../H-x86_64-pc-linux-gnu/nios2-elf/lib/libc.a(lib_a-dtoa.o)
 .bss           0x0000000008014d44        0x0 /home/alpha/altera/15.1/nios2eds/bin/gnu/H-x86_64-pc-linux-gnu/bin/../lib/gcc/nios2-elf/4.9.2/../../../../../H-x86_64-pc-linux-gnu/nios2-elf/lib/libc.a(lib_a-fflush.o)
 .bss           0x0000000008014d44        0x0 /home/alpha/altera/15.1/nios2eds/bin/gnu/H-x86_64-pc-linux-gnu/bin/../lib/gcc/nios2-elf/4.9.2/../../../../../H-x86_64-pc-linux-gnu/nios2-elf/lib/libc.a(lib_a-findfp.o)
 .bss           0x0000000008014d44        0x0 /home/alpha/altera/15.1/nios2eds/bin/gnu/H-x86_64-pc-linux-gnu/bin/../lib/gcc/nios2-elf/4.9.2/../../../../../H-x86_64-pc-linux-gnu/nios2-elf/lib/libc.a(lib_a-freer.o)